------------------------------------------------------------------------------------------------------------------------

[2026-04-08 10:10:46 #1 store] 
Database 'C:\Users\IKER\Desktop\market26\src\main\resources\products.temp' has been recovered (tr. 20-22)

[2026-04-08 10:10:46 #2 store] 
Database 'C:\Users\IKER\Desktop\market26\src\main\resources\products.temp' is opened by 21684@LAPTOP-SBTTNCFP

[2026-04-08 10:10:46 #3 type] 
Type domain.User is not enhanced.

[2026-04-08 10:10:47 #4 type] 
Type domain.Buyer is not enhanced.

[2026-04-08 10:10:47 #5 type] 
Type domain.Seller is not enhanced.

[2026-04-08 10:10:47 #6 type] 
Type domain.ProposedSale is not enhanced.

[2026-04-08 10:10:47 #7 type] 
Type domain.Sale is not enhanced.

------------------------------------------------------------------------------------------------------------------------

[2026-04-08 10:14:44 #1 store] 
Database 'C:\Users\IKER\Desktop\market26\src\main\resources\products.temp' has been recovered (tr. 23-23)

[2026-04-08 10:14:45 #2 store] 
Database 'C:\Users\IKER\Desktop\market26\src\main\resources\products.temp' is opened by 3384@LAPTOP-SBTTNCFP

[2026-04-08 10:14:45 #3 type] 
Type domain.User is not enhanced.

[2026-04-08 10:14:45 #4 type] 
Type domain.Buyer is not enhanced.

[2026-04-08 10:14:45 #5 type] 
Type domain.Seller is not enhanced.

[2026-04-08 10:14:45 #6 type] 
Type domain.ProposedSale is not enhanced.

[2026-04-08 10:14:45 #7 type] 
Type domain.Sale is not enhanced.

------------------------------------------------------------------------------------------------------------------------

[2026-04-08 10:29:32 #1 store] 
Database 'C:\Users\IKER\Desktop\market26\src\main\resources\products.temp' is opened by 5492@LAPTOP-SBTTNCFP

[2026-04-08 10:29:32 #2 type] 
Type domain.User is not enhanced.

[2026-04-08 10:29:32 #3 type] 
Type domain.Buyer is not enhanced.

[2026-04-08 10:29:32 #4 type.registry] 
New type domain.Transaction

[2026-04-08 10:29:32 #5 type] 
Type domain.Seller is not enhanced.

[2026-04-08 10:29:32 #6 type] 
Type domain.ProposedSale is not enhanced.

[2026-04-08 10:29:32 #7 type] 
Type domain.Sale is not enhanced.

[2026-04-08 10:30:01 #8 type.registry] 
New type java.util.ArrayList<domain.Transaction>

------------------------------------------------------------------------------------------------------------------------

[2026-04-08 10:49:12 #1 store] 
Database 'C:\Users\IKER\Desktop\market26\src\main\resources\products.temp' has been recovered (tr. 24-25)

[2026-04-08 10:49:12 #2 store] 
Database 'C:\Users\IKER\Desktop\market26\src\main\resources\products.temp' is opened by 21888@LAPTOP-SBTTNCFP

[2026-04-08 10:49:12 #3 type] 
Type domain.User is not enhanced.

[2026-04-08 10:49:12 #4 type] 
Type domain.Buyer is not enhanced.

[2026-04-08 10:49:12 #5 type] 
Type domain.Seller is not enhanced.

[2026-04-08 10:49:12 #6 type] 
Type domain.ProposedSale is not enhanced.

[2026-04-08 10:49:12 #7 type] 
Type domain.Sale is not enhanced.

[2026-04-08 10:49:12 #8 type] 
Type domain.Transaction is not enhanced.

[2026-04-08 10:49:12 #9 type.registry] 
New type domain.Transaction$TransactionType

------------------------------------------------------------------------------------------------------------------------

[2026-04-08 10:51:57 #1 store] 
Database 'C:\Users\IKER\Desktop\market26\src\main\resources\products.temp' is opened by 20540@LAPTOP-SBTTNCFP

[2026-04-08 10:51:58 #2 type] 
Type domain.User is not enhanced.

[2026-04-08 10:51:58 #3 type] 
Type domain.Buyer is not enhanced.

[2026-04-08 10:51:58 #4 type] 
Type domain.Seller is not enhanced.

[2026-04-08 10:51:58 #5 type] 
Type domain.ProposedSale is not enhanced.

[2026-04-08 10:51:58 #6 type] 
Type domain.Sale is not enhanced.

[2026-04-08 10:51:58 #7 type] 
Type domain.Transaction is not enhanced.

------------------------------------------------------------------------------------------------------------------------

[2026-04-08 11:05:37 #1 store] 
Database 'C:\Users\IKER\Desktop\market26\src\main\resources\products.temp' is opened by 22284@LAPTOP-SBTTNCFP

[2026-04-08 11:05:37 #2 type] 
Type domain.User is not enhanced.

[2026-04-08 11:05:37 #3 type] 
Type domain.Buyer is not enhanced.

[2026-04-08 11:05:37 #4 type] 
Type domain.Seller is not enhanced.

[2026-04-08 11:05:37 #5 type] 
Type domain.ProposedSale is not enhanced.

[2026-04-08 11:05:37 #6 type] 
Type domain.Sale is not enhanced.

[2026-04-08 11:05:37 #7 type] 
Type domain.Transaction is not enhanced.

------------------------------------------------------------------------------------------------------------------------

[2026-04-08 11:08:17 #1 store] 
Database 'C:\Users\IKER\Desktop\market26\src\main\resources\products.temp' is opened by 2672@LAPTOP-SBTTNCFP

[2026-04-08 11:08:17 #2 type] 
Type domain.User is not enhanced.

[2026-04-08 11:08:17 #3 type] 
Type domain.Buyer is not enhanced.

[2026-04-08 11:08:17 #4 type] 
Type domain.Seller is not enhanced.

[2026-04-08 11:08:17 #5 type] 
Type domain.ProposedSale is not enhanced.

[2026-04-08 11:08:17 #6 type] 
Type domain.Sale is not enhanced.

[2026-04-08 11:08:17 #7 type] 
Type domain.Transaction is not enhanced.

------------------------------------------------------------------------------------------------------------------------

[2026-04-08 11:10:39 #1 store] 
Database 'C:\Users\IKER\Desktop\market26\src\main\resources\products.temp' is opened by 5252@LAPTOP-SBTTNCFP

[2026-04-08 11:10:39 #2 type] 
Type domain.User is not enhanced.

[2026-04-08 11:10:39 #3 type] 
Type domain.Buyer is not enhanced.

[2026-04-08 11:10:39 #4 type] 
Type domain.Seller is not enhanced.

[2026-04-08 11:10:39 #5 type] 
Type domain.ProposedSale is not enhanced.

[2026-04-08 11:10:39 #6 type] 
Type domain.Sale is not enhanced.

[2026-04-08 11:10:39 #7 type] 
Type domain.Transaction is not enhanced.

------------------------------------------------------------------------------------------------------------------------

[2026-04-08 11:13:56 #1 store] 
Database 'C:\Users\IKER\Desktop\market26\src\main\resources\products.temp' has been recovered (tr. 31-33)

[2026-04-08 11:13:56 #2 store] 
Database 'C:\Users\IKER\Desktop\market26\src\main\resources\products.temp' is opened by 6236@LAPTOP-SBTTNCFP

[2026-04-08 11:13:56 #3 type] 
Type domain.User is not enhanced.

[2026-04-08 11:13:56 #4 type] 
Type domain.Buyer is not enhanced.

[2026-04-08 11:13:56 #5 type] 
Type domain.Seller is not enhanced.

[2026-04-08 11:13:56 #6 type] 
Type domain.ProposedSale is not enhanced.

[2026-04-08 11:13:56 #7 type] 
Type domain.Sale is not enhanced.

[2026-04-08 11:13:56 #8 type] 
Type domain.Transaction is not enhanced.

[2026-04-08 11:14:06 #9 type.registry] 
New type com.objectdb.o.LMT

[2026-04-08 11:14:06 #10 type.registry] 
New type com.objectdb.o.VAL

[2026-04-08 11:14:06 #11 type.registry] 
New type com.objectdb.o.RFV

------------------------------------------------------------------------------------------------------------------------

[2026-04-08 11:14:33 #1 store] 
Database 'C:\Users\IKER\Desktop\market26\src\main\resources\products.temp' has been recovered (tr. 34-36)

[2026-04-08 11:14:33 #2 store] 
Database 'C:\Users\IKER\Desktop\market26\src\main\resources\products.temp' is opened by 12736@LAPTOP-SBTTNCFP

[2026-04-08 11:14:33 #3 type] 
Type domain.User is not enhanced.

[2026-04-08 11:14:33 #4 type] 
Type domain.Buyer is not enhanced.

[2026-04-08 11:14:33 #5 type] 
Type domain.Seller is not enhanced.

[2026-04-08 11:14:33 #6 type] 
Type domain.ProposedSale is not enhanced.

[2026-04-08 11:14:33 #7 type] 
Type domain.Sale is not enhanced.

[2026-04-08 11:14:33 #8 type] 
Type domain.Transaction is not enhanced.

------------------------------------------------------------------------------------------------------------------------

[2026-04-08 11:20:46 #1 store] 
Database 'C:\Users\IKER\Desktop\market26\src\main\resources\products.temp' is opened by 14740@LAPTOP-SBTTNCFP

[2026-04-08 11:20:46 #2 type] 
Type domain.User is not enhanced.

[2026-04-08 11:20:46 #3 type] 
Type domain.Buyer is not enhanced.

[2026-04-08 11:20:46 #4 type] 
Type domain.Seller is not enhanced.

[2026-04-08 11:20:46 #5 type] 
Type domain.ProposedSale is not enhanced.

[2026-04-08 11:20:46 #6 type] 
Type domain.Sale is not enhanced.

[2026-04-08 11:20:46 #7 type] 
Type domain.Transaction is not enhanced.

------------------------------------------------------------------------------------------------------------------------

[2026-04-08 11:37:37 #1 store] 
Database 'C:\Users\IKER\Desktop\market26\src\main\resources\products.temp' has been recovered (tr. 37-37)

[2026-04-08 11:37:37 #2 store] 
Database 'C:\Users\IKER\Desktop\market26\src\main\resources\products.temp' is opened by 21292@LAPTOP-SBTTNCFP

[2026-04-08 11:37:38 #3 type] 
Type domain.User is not enhanced.

[2026-04-08 11:37:38 #4 type] 
Type domain.Buyer is not enhanced.

[2026-04-08 11:37:38 #5 type] 
Type domain.Seller is not enhanced.

[2026-04-08 11:37:38 #6 type] 
Type domain.ProposedSale is not enhanced.

[2026-04-08 11:37:38 #7 type] 
Type domain.Sale is not enhanced.

[2026-04-08 11:37:38 #8 type] 
Type domain.Transaction is not enhanced.

------------------------------------------------------------------------------------------------------------------------

[2026-04-08 11:39:49 #1 store] 
Database 'C:\Users\IKER\Desktop\market26\src\main\resources\products.temp' has been recovered (tr. 38-38)

[2026-04-08 11:39:49 #2 store] 
Database 'C:\Users\IKER\Desktop\market26\src\main\resources\products.temp' is opened by 15152@LAPTOP-SBTTNCFP

[2026-04-08 11:39:49 #3 type] 
Type domain.User is not enhanced.

[2026-04-08 11:39:49 #4 type] 
Type domain.Buyer is not enhanced.

[2026-04-08 11:39:49 #5 type] 
Type domain.Seller is not enhanced.

[2026-04-08 11:39:49 #6 type] 
Type domain.ProposedSale is not enhanced.

[2026-04-08 11:39:49 #7 type] 
Type domain.Sale is not enhanced.

[2026-04-08 11:39:49 #8 type] 
Type domain.Transaction is not enhanced.

------------------------------------------------------------------------------------------------------------------------

[2026-04-08 11:42:22 #1 store] 
Database 'C:\Users\IKER\Desktop\market26\src\main\resources\products.temp' is opened by 13680@LAPTOP-SBTTNCFP

[2026-04-08 11:42:22 #2 type] 
Type domain.User is not enhanced.

[2026-04-08 11:42:22 #3 type] 
Type domain.Buyer is not enhanced.

[2026-04-08 11:42:22 #4 type] 
Type domain.Seller is not enhanced.

[2026-04-08 11:42:22 #5 type] 
Type domain.ProposedSale is not enhanced.

[2026-04-08 11:42:22 #6 type] 
Type domain.Sale is not enhanced.

[2026-04-08 11:42:22 #7 type] 
Type domain.Transaction is not enhanced.

------------------------------------------------------------------------------------------------------------------------

[2026-04-08 11:48:07 #1 store] 
Database 'C:\Users\IKER\Desktop\market26\src\main\resources\products.temp' has been recovered (tr. 39-39)

[2026-04-08 11:48:08 #2 store] 
Database 'C:\Users\IKER\Desktop\market26\src\main\resources\products.temp' is opened by 13700@LAPTOP-SBTTNCFP

[2026-04-08 11:48:08 #3 type] 
Type domain.User is not enhanced.

[2026-04-08 11:48:08 #4 type] 
Type domain.Buyer is not enhanced.

[2026-04-08 11:48:08 #5 type] 
Type domain.Seller is not enhanced.

[2026-04-08 11:48:08 #6 type] 
Type domain.ProposedSale is not enhanced.

[2026-04-08 11:48:08 #7 type] 
Type domain.Sale is not enhanced.

[2026-04-08 11:48:08 #8 type] 
Type domain.Transaction is not enhanced.

------------------------------------------------------------------------------------------------------------------------

[2026-04-08 11:49:52 #1 store] 
Database 'C:\Users\IKER\Desktop\market26\src\main\resources\products.temp' has been recovered (tr. 40-41)

[2026-04-08 11:49:52 #2 store] 
Database 'C:\Users\IKER\Desktop\market26\src\main\resources\products.temp' is opened by 1876@LAPTOP-SBTTNCFP

[2026-04-08 11:49:53 #3 type] 
Type domain.User is not enhanced.

[2026-04-08 11:49:53 #4 type] 
Type domain.Buyer is not enhanced.

[2026-04-08 11:49:53 #5 type] 
Type domain.Seller is not enhanced.

[2026-04-08 11:49:53 #6 type] 
Type domain.ProposedSale is not enhanced.

[2026-04-08 11:49:53 #7 type] 
Type domain.Sale is not enhanced.

[2026-04-08 11:49:53 #8 type] 
Type domain.Transaction is not enhanced.

------------------------------------------------------------------------------------------------------------------------

[2026-04-08 11:54:22 #1 store] 
Database 'C:\Users\IKER\Desktop\market26\src\main\resources\products.temp' is opened by 18344@LAPTOP-SBTTNCFP

[2026-04-08 11:54:22 #2 type] 
Type domain.User is not enhanced.

[2026-04-08 11:54:22 #3 type] 
Type domain.Buyer is not enhanced.

[2026-04-08 11:54:22 #4 type] 
Type domain.Seller is not enhanced.

[2026-04-08 11:54:22 #5 type] 
Type domain.ProposedSale is not enhanced.

[2026-04-08 11:54:22 #6 type] 
Type domain.Sale is not enhanced.

[2026-04-08 11:54:22 #7 type] 
Type domain.Transaction is not enhanced.

------------------------------------------------------------------------------------------------------------------------

[2026-04-08 11:55:33 #1 store] 
Database 'C:\Users\IKER\Desktop\market26\src\main\resources\products.temp' has been recovered (tr. 42-42)

[2026-04-08 11:55:33 #2 store] 
Database 'C:\Users\IKER\Desktop\market26\src\main\resources\products.temp' is opened by 14760@LAPTOP-SBTTNCFP

[2026-04-08 11:55:33 #3 type] 
Type domain.User is not enhanced.

[2026-04-08 11:55:33 #4 type] 
Type domain.Buyer is not enhanced.

[2026-04-08 11:55:33 #5 type] 
Type domain.Seller is not enhanced.

[2026-04-08 11:55:33 #6 type] 
Type domain.ProposedSale is not enhanced.

[2026-04-08 11:55:33 #7 type] 
Type domain.Sale is not enhanced.

[2026-04-08 11:55:33 #8 type] 
Type domain.Transaction is not enhanced.

------------------------------------------------------------------------------------------------------------------------

[2026-04-08 11:57:00 #1 store] 
Database 'C:\Users\IKER\Desktop\market26\src\main\resources\products.temp' is opened by 11612@LAPTOP-SBTTNCFP

[2026-04-08 11:57:00 #2 type] 
Type domain.User is not enhanced.

[2026-04-08 11:57:00 #3 type] 
Type domain.Buyer is not enhanced.

[2026-04-08 11:57:00 #4 type] 
Type domain.Seller is not enhanced.

[2026-04-08 11:57:00 #5 type] 
Type domain.ProposedSale is not enhanced.

[2026-04-08 11:57:00 #6 type] 
Type domain.Sale is not enhanced.

[2026-04-08 11:57:00 #7 type] 
Type domain.Transaction is not enhanced.

------------------------------------------------------------------------------------------------------------------------

[2026-04-08 12:01:06 #1 store] 
Database 'C:\Users\IKER\Desktop\market26\src\main\resources\products.temp' is opened by 21628@LAPTOP-SBTTNCFP

[2026-04-08 12:01:06 #2 type] 
Type domain.User is not enhanced.

[2026-04-08 12:01:06 #3 type] 
Type domain.Buyer is not enhanced.

[2026-04-08 12:01:06 #4 type] 
Type domain.Seller is not enhanced.

[2026-04-08 12:01:06 #5 type] 
Type domain.ProposedSale is not enhanced.

[2026-04-08 12:01:06 #6 type] 
Type domain.Sale is not enhanced.

[2026-04-08 12:01:06 #7 type] 
Type domain.Transaction is not enhanced.

------------------------------------------------------------------------------------------------------------------------

[2026-04-08 12:06:14 #1 store] 
Database 'C:\Users\IKER\Desktop\market26\src\main\resources\products.temp' has been recovered (tr. 43-44)

[2026-04-08 12:06:14 #2 store] 
Database 'C:\Users\IKER\Desktop\market26\src\main\resources\products.temp' is opened by 10732@LAPTOP-SBTTNCFP

[2026-04-08 12:06:14 #3 type] 
Type domain.User is not enhanced.

[2026-04-08 12:06:14 #4 type] 
Type domain.Buyer is not enhanced.

[2026-04-08 12:06:14 #5 type] 
Type domain.Seller is not enhanced.

[2026-04-08 12:06:14 #6 type] 
Type domain.ProposedSale is not enhanced.

[2026-04-08 12:06:14 #7 type] 
Type domain.Sale is not enhanced.

[2026-04-08 12:06:14 #8 type] 
Type domain.Transaction is not enhanced.

