------------------------------------------------------------------------------------------------------------------------

[2026-04-23 22:10:17 #1 store] 
Database 'C:\Users\kenne\git\market26\src\main\resources\products.temp' is opened by 9432@Traspié

[2026-04-23 22:10:18 #2 type.registry] 
New type domain.User

[2026-04-23 22:10:18 #3 type.registry] 
New type domain.Buyer

[2026-04-23 22:10:18 #4 type.registry] 
New type domain.Seller

[2026-04-23 22:10:18 #5 type] 
Type domain.User is not enhanced.

[2026-04-23 22:10:18 #6 type] 
Type domain.Buyer is not enhanced.

[2026-04-23 22:10:18 #7 type.registry] 
New type domain.ProposedSale

[2026-04-23 22:10:18 #8 type.registry] 
New type domain.Transaction

[2026-04-23 22:10:18 #9 type] 
Type domain.Seller is not enhanced.

[2026-04-23 22:10:18 #10 type.registry] 
New type domain.Sale

[2026-04-23 22:10:18 #11 type] 
Type domain.ProposedSale is not enhanced.

[2026-04-23 22:10:18 #12 type.registry] 
New type domain.Valoracion

[2026-04-23 22:10:18 #13 type] 
Type domain.Transaction is not enhanced.

[2026-04-23 22:10:18 #14 type.registry] 
New type domain.Transaction$TransactionType

[2026-04-23 22:10:18 #15 type] 
Type domain.Sale is not enhanced.

[2026-04-23 22:10:18 #16 type] 
Type domain.Valoracion is not enhanced.

[2026-04-23 22:10:18 #17 type.registry] 
New type java.util.ArrayList<java.lang.Object>

[2026-04-23 22:10:18 #18 type.registry] 
New type java.util.ArrayList<domain.ProposedSale>

[2026-04-23 22:10:18 #19 type.registry] 
New type java.util.ArrayList<domain.Sale>

[2026-04-23 22:10:18 #20 type.registry] 
New type java.util.ArrayList<domain.Transaction>

------------------------------------------------------------------------------------------------------------------------

[2026-04-23 22:12:38 #1 store] 
Database 'C:\Users\kenne\git\market26\src\main\resources\products.temp' is opened by 34712@Traspié

[2026-04-23 22:12:39 #2 type.registry] 
New type domain.User

[2026-04-23 22:12:39 #3 type.registry] 
New type domain.Buyer

[2026-04-23 22:12:39 #4 type.registry] 
New type domain.Seller

[2026-04-23 22:12:39 #5 type] 
Type domain.User is not enhanced.

[2026-04-23 22:12:39 #6 type] 
Type domain.Buyer is not enhanced.

[2026-04-23 22:12:39 #7 type.registry] 
New type domain.ProposedSale

[2026-04-23 22:12:39 #8 type.registry] 
New type domain.Transaction

[2026-04-23 22:12:39 #9 type] 
Type domain.Seller is not enhanced.

[2026-04-23 22:12:39 #10 type.registry] 
New type domain.Sale

[2026-04-23 22:12:39 #11 type] 
Type domain.ProposedSale is not enhanced.

[2026-04-23 22:12:39 #12 type.registry] 
New type domain.Valoracion

[2026-04-23 22:12:39 #13 type] 
Type domain.Transaction is not enhanced.

[2026-04-23 22:12:39 #14 type.registry] 
New type domain.Transaction$TransactionType

[2026-04-23 22:12:39 #15 type] 
Type domain.Sale is not enhanced.

[2026-04-23 22:12:39 #16 type] 
Type domain.Valoracion is not enhanced.

[2026-04-23 22:12:39 #17 type.registry] 
New type java.util.ArrayList<java.lang.Object>

[2026-04-23 22:12:39 #18 type.registry] 
New type java.util.ArrayList<domain.ProposedSale>

[2026-04-23 22:12:39 #19 type.registry] 
New type java.util.ArrayList<domain.Sale>

[2026-04-23 22:12:39 #20 type.registry] 
New type java.util.ArrayList<domain.Transaction>

