------------------------------------------------------------------------------------------------------------------------

[2026-05-08 20:09:51 #1 store] 
Database 'C:\Users\kenne\git\market26\src\main\resources\products.temp' is opened by 19080@Traspié

[2026-05-08 20:09:53 #2 type.registry] 
New type domain.User

[2026-05-08 20:09:53 #3 type.registry] 
New type domain.Buyer

[2026-05-08 20:09:53 #4 type.registry] 
New type domain.Seller

[2026-05-08 20:09:53 #5 type] 
Type domain.User is not enhanced.

[2026-05-08 20:09:53 #6 type] 
Type domain.Buyer is not enhanced.

[2026-05-08 20:09:53 #7 type.registry] 
New type domain.Conversacion

[2026-05-08 20:09:53 #8 type.registry] 
New type domain.Mensaje

[2026-05-08 20:09:53 #9 type.registry] 
New type domain.Valoracion

[2026-05-08 20:09:53 #10 type.registry] 
New type domain.ProposedSale

[2026-05-08 20:09:53 #11 type.registry] 
New type domain.Transaction

[2026-05-08 20:09:53 #12 type] 
Type domain.Seller is not enhanced.

[2026-05-08 20:09:53 #13 type.registry] 
New type domain.Sale

[2026-05-08 20:09:53 #14 type] 
Type domain.Conversacion is not enhanced.

[2026-05-08 20:09:53 #15 type.registry] 
New type domain.Conversacion$EstadoConversacion

[2026-05-08 20:09:53 #16 type] 
Type domain.Mensaje is not enhanced.

[2026-05-08 20:09:53 #17 type] 
Type domain.Valoracion is not enhanced.

[2026-05-08 20:09:53 #18 type] 
Type domain.ProposedSale is not enhanced.

[2026-05-08 20:09:53 #19 type] 
Type domain.Transaction is not enhanced.

[2026-05-08 20:09:53 #20 type.registry] 
New type domain.Transaction$TransactionType

[2026-05-08 20:09:53 #21 type] 
Type domain.Sale is not enhanced.

[2026-05-08 20:09:53 #22 type.registry] 
New type java.util.ArrayList<java.lang.Object>

[2026-05-08 20:09:53 #23 type.registry] 
New type java.util.ArrayList<domain.ProposedSale>

[2026-05-08 20:09:53 #24 type.registry] 
New type java.util.ArrayList<domain.Valoracion>

[2026-05-08 20:09:53 #25 type.registry] 
New type java.util.ArrayList<domain.Mensaje>

[2026-05-08 20:09:53 #26 type.registry] 
New type java.util.ArrayList<domain.Conversacion>

[2026-05-08 20:09:53 #27 type.registry] 
New type java.util.ArrayList<domain.Sale>

[2026-05-08 20:09:53 #28 type.registry] 
New type java.util.ArrayList<domain.Transaction>

------------------------------------------------------------------------------------------------------------------------

[2026-05-08 20:10:43 #1 store] 
Database 'C:\Users\kenne\git\market26\src\main\resources\products.temp' is opened by 20748@Traspié

[2026-05-08 20:10:43 #2 type.registry] 
New type domain.User

[2026-05-08 20:10:43 #3 type.registry] 
New type domain.Buyer

[2026-05-08 20:10:43 #4 type.registry] 
New type domain.Seller

[2026-05-08 20:10:43 #5 type] 
Type domain.User is not enhanced.

[2026-05-08 20:10:43 #6 type] 
Type domain.Buyer is not enhanced.

[2026-05-08 20:10:43 #7 type.registry] 
New type domain.Conversacion

[2026-05-08 20:10:43 #8 type.registry] 
New type domain.Mensaje

[2026-05-08 20:10:43 #9 type.registry] 
New type domain.Valoracion

[2026-05-08 20:10:43 #10 type.registry] 
New type domain.ProposedSale

[2026-05-08 20:10:43 #11 type.registry] 
New type domain.Transaction

[2026-05-08 20:10:43 #12 type] 
Type domain.Seller is not enhanced.

[2026-05-08 20:10:43 #13 type.registry] 
New type domain.Sale

[2026-05-08 20:10:43 #14 type] 
Type domain.Conversacion is not enhanced.

[2026-05-08 20:10:43 #15 type.registry] 
New type domain.Conversacion$EstadoConversacion

[2026-05-08 20:10:43 #16 type] 
Type domain.Mensaje is not enhanced.

[2026-05-08 20:10:43 #17 type] 
Type domain.Valoracion is not enhanced.

[2026-05-08 20:10:43 #18 type] 
Type domain.ProposedSale is not enhanced.

[2026-05-08 20:10:43 #19 type] 
Type domain.Transaction is not enhanced.

[2026-05-08 20:10:43 #20 type.registry] 
New type domain.Transaction$TransactionType

[2026-05-08 20:10:43 #21 type] 
Type domain.Sale is not enhanced.

[2026-05-08 20:10:43 #22 type.registry] 
New type java.util.ArrayList<java.lang.Object>

[2026-05-08 20:10:43 #23 type.registry] 
New type java.util.ArrayList<domain.ProposedSale>

[2026-05-08 20:10:43 #24 type.registry] 
New type java.util.ArrayList<domain.Valoracion>

[2026-05-08 20:10:43 #25 type.registry] 
New type java.util.ArrayList<domain.Mensaje>

[2026-05-08 20:10:43 #26 type.registry] 
New type java.util.ArrayList<domain.Conversacion>

[2026-05-08 20:10:43 #27 type.registry] 
New type java.util.ArrayList<domain.Sale>

[2026-05-08 20:10:43 #28 type.registry] 
New type java.util.ArrayList<domain.Transaction>

[2026-05-08 20:11:40 #29 type.registry] 
New type com.objectdb.o.LMT

[2026-05-08 20:11:40 #30 type.registry] 
New type com.objectdb.o.VAL

[2026-05-08 20:11:40 #31 type.registry] 
New type com.objectdb.o.RFV

------------------------------------------------------------------------------------------------------------------------

[2026-05-08 20:18:03 #1 store] 
Database 'C:\Users\kenne\git\market26\src\main\resources\products.temp' is opened by 13912@Traspié

[2026-05-08 20:18:03 #2 type.registry] 
New type domain.User

[2026-05-08 20:18:03 #3 type.registry] 
New type domain.Buyer

[2026-05-08 20:18:03 #4 type.registry] 
New type domain.Seller

[2026-05-08 20:18:03 #5 type] 
Type domain.User is not enhanced.

[2026-05-08 20:18:03 #6 type] 
Type domain.Buyer is not enhanced.

[2026-05-08 20:18:03 #7 type.registry] 
New type domain.Conversacion

[2026-05-08 20:18:03 #8 type.registry] 
New type domain.Mensaje

[2026-05-08 20:18:03 #9 type.registry] 
New type domain.Valoracion

[2026-05-08 20:18:03 #10 type.registry] 
New type domain.ProposedSale

[2026-05-08 20:18:03 #11 type.registry] 
New type domain.Transaction

[2026-05-08 20:18:03 #12 type] 
Type domain.Seller is not enhanced.

[2026-05-08 20:18:03 #13 type.registry] 
New type domain.Sale

[2026-05-08 20:18:03 #14 type] 
Type domain.Conversacion is not enhanced.

[2026-05-08 20:18:03 #15 type.registry] 
New type domain.Conversacion$EstadoConversacion

[2026-05-08 20:18:03 #16 type] 
Type domain.Mensaje is not enhanced.

[2026-05-08 20:18:03 #17 type] 
Type domain.Valoracion is not enhanced.

[2026-05-08 20:18:03 #18 type] 
Type domain.ProposedSale is not enhanced.

[2026-05-08 20:18:03 #19 type] 
Type domain.Transaction is not enhanced.

[2026-05-08 20:18:03 #20 type.registry] 
New type domain.Transaction$TransactionType

[2026-05-08 20:18:03 #21 type] 
Type domain.Sale is not enhanced.

[2026-05-08 20:18:03 #22 type.registry] 
New type java.util.ArrayList<java.lang.Object>

[2026-05-08 20:18:03 #23 type.registry] 
New type java.util.ArrayList<domain.ProposedSale>

[2026-05-08 20:18:03 #24 type.registry] 
New type java.util.ArrayList<domain.Valoracion>

[2026-05-08 20:18:03 #25 type.registry] 
New type java.util.ArrayList<domain.Mensaje>

[2026-05-08 20:18:03 #26 type.registry] 
New type java.util.ArrayList<domain.Conversacion>

[2026-05-08 20:18:03 #27 type.registry] 
New type java.util.ArrayList<domain.Sale>

[2026-05-08 20:18:03 #28 type.registry] 
New type java.util.ArrayList<domain.Transaction>

[2026-05-08 20:18:11 #29 type.registry] 
New type com.objectdb.o.LMT

[2026-05-08 20:18:11 #30 type.registry] 
New type com.objectdb.o.VAL

[2026-05-08 20:18:11 #31 type.registry] 
New type com.objectdb.o.RFV

------------------------------------------------------------------------------------------------------------------------

[2026-05-08 20:20:54 #1 store] 
Database 'C:\Users\kenne\git\market26\src\main\resources\products.temp' is opened by 22100@Traspié

[2026-05-08 20:20:55 #2 type.registry] 
New type domain.User

[2026-05-08 20:20:55 #3 type.registry] 
New type domain.Buyer

[2026-05-08 20:20:55 #4 type.registry] 
New type domain.Seller

[2026-05-08 20:20:55 #5 type] 
Type domain.User is not enhanced.

[2026-05-08 20:20:55 #6 type] 
Type domain.Buyer is not enhanced.

[2026-05-08 20:20:55 #7 type.registry] 
New type domain.Conversacion

[2026-05-08 20:20:55 #8 type.registry] 
New type domain.Mensaje

[2026-05-08 20:20:55 #9 type.registry] 
New type domain.Valoracion

[2026-05-08 20:20:55 #10 type.registry] 
New type domain.ProposedSale

[2026-05-08 20:20:55 #11 type.registry] 
New type domain.Transaction

[2026-05-08 20:20:55 #12 type] 
Type domain.Seller is not enhanced.

[2026-05-08 20:20:55 #13 type.registry] 
New type domain.Sale

[2026-05-08 20:20:55 #14 type] 
Type domain.Conversacion is not enhanced.

[2026-05-08 20:20:55 #15 type.registry] 
New type domain.Conversacion$EstadoConversacion

[2026-05-08 20:20:55 #16 type] 
Type domain.Mensaje is not enhanced.

[2026-05-08 20:20:55 #17 type] 
Type domain.Valoracion is not enhanced.

[2026-05-08 20:20:55 #18 type] 
Type domain.ProposedSale is not enhanced.

[2026-05-08 20:20:55 #19 type] 
Type domain.Transaction is not enhanced.

[2026-05-08 20:20:55 #20 type.registry] 
New type domain.Transaction$TransactionType

[2026-05-08 20:20:55 #21 type] 
Type domain.Sale is not enhanced.

[2026-05-08 20:20:55 #22 type.registry] 
New type java.util.ArrayList<java.lang.Object>

[2026-05-08 20:20:55 #23 type.registry] 
New type java.util.ArrayList<domain.ProposedSale>

[2026-05-08 20:20:55 #24 type.registry] 
New type java.util.ArrayList<domain.Valoracion>

[2026-05-08 20:20:55 #25 type.registry] 
New type java.util.ArrayList<domain.Mensaje>

[2026-05-08 20:20:55 #26 type.registry] 
New type java.util.ArrayList<domain.Conversacion>

[2026-05-08 20:20:55 #27 type.registry] 
New type java.util.ArrayList<domain.Sale>

[2026-05-08 20:20:55 #28 type.registry] 
New type java.util.ArrayList<domain.Transaction>

[2026-05-08 20:21:05 #29 type.registry] 
New type com.objectdb.o.LMT

[2026-05-08 20:21:05 #30 type.registry] 
New type com.objectdb.o.VAL

[2026-05-08 20:21:05 #31 type.registry] 
New type com.objectdb.o.RFV

------------------------------------------------------------------------------------------------------------------------

[2026-05-08 20:22:15 #1 store] 
Database 'C:\Users\kenne\git\market26\src\main\resources\products.temp' is opened by 8908@Traspié

[2026-05-08 20:22:16 #2 type] 
Type domain.User is not enhanced.

[2026-05-08 20:22:16 #3 type] 
Type domain.Buyer is not enhanced.

[2026-05-08 20:22:16 #4 type] 
Type domain.Seller is not enhanced.

[2026-05-08 20:22:16 #5 type] 
Type domain.Conversacion is not enhanced.

[2026-05-08 20:22:16 #6 type] 
Type domain.Mensaje is not enhanced.

[2026-05-08 20:22:16 #7 type] 
Type domain.Valoracion is not enhanced.

[2026-05-08 20:22:16 #8 type] 
Type domain.ProposedSale is not enhanced.

[2026-05-08 20:22:16 #9 type] 
Type domain.Transaction is not enhanced.

[2026-05-08 20:22:16 #10 type] 
Type domain.Sale is not enhanced.

------------------------------------------------------------------------------------------------------------------------

[2026-05-08 20:23:03 #1 store] 
Database 'C:\Users\kenne\git\market26\src\main\resources\products.temp' is opened by 28680@Traspié

[2026-05-08 20:23:03 #2 type] 
Type domain.User is not enhanced.

[2026-05-08 20:23:03 #3 type] 
Type domain.Buyer is not enhanced.

[2026-05-08 20:23:03 #4 type] 
Type domain.Seller is not enhanced.

[2026-05-08 20:23:03 #5 type] 
Type domain.Conversacion is not enhanced.

[2026-05-08 20:23:03 #6 type] 
Type domain.Mensaje is not enhanced.

[2026-05-08 20:23:03 #7 type] 
Type domain.Valoracion is not enhanced.

[2026-05-08 20:23:03 #8 type] 
Type domain.ProposedSale is not enhanced.

[2026-05-08 20:23:03 #9 type] 
Type domain.Transaction is not enhanced.

[2026-05-08 20:23:03 #10 type] 
Type domain.Sale is not enhanced.

------------------------------------------------------------------------------------------------------------------------

[2026-05-08 20:49:03 #1 store] 
Database 'C:\Users\kenne\git\market26\src\main\resources\products.temp' is opened by 25344@Traspié

[2026-05-08 20:49:03 #2 type] 
Type domain.User is not enhanced.

[2026-05-08 20:49:03 #3 type] 
Type domain.Buyer is not enhanced.

[2026-05-08 20:49:03 #4 type] 
Type domain.Seller is not enhanced.

[2026-05-08 20:49:03 #5 type] 
Type domain.Conversacion is not enhanced.

[2026-05-08 20:49:03 #6 type] 
Type domain.Mensaje is not enhanced.

[2026-05-08 20:49:03 #7 type] 
Type domain.Valoracion is not enhanced.

[2026-05-08 20:49:03 #8 type] 
Type domain.ProposedSale is not enhanced.

[2026-05-08 20:49:03 #9 type] 
Type domain.Transaction is not enhanced.

[2026-05-08 20:49:03 #10 type] 
Type domain.Sale is not enhanced.

------------------------------------------------------------------------------------------------------------------------

[2026-05-08 20:49:17 #1 store] 
Database 'C:\Users\kenne\git\market26\src\main\resources\products.temp' is opened by 23964@Traspié

[2026-05-08 20:49:17 #2 type] 
Type domain.User is not enhanced.

[2026-05-08 20:49:17 #3 type] 
Type domain.Buyer is not enhanced.

[2026-05-08 20:49:17 #4 type] 
Type domain.Seller is not enhanced.

[2026-05-08 20:49:18 #5 type] 
Type domain.Conversacion is not enhanced.

[2026-05-08 20:49:18 #6 type] 
Type domain.Mensaje is not enhanced.

[2026-05-08 20:49:18 #7 type] 
Type domain.Valoracion is not enhanced.

[2026-05-08 20:49:18 #8 type] 
Type domain.ProposedSale is not enhanced.

[2026-05-08 20:49:18 #9 type] 
Type domain.Transaction is not enhanced.

[2026-05-08 20:49:18 #10 type] 
Type domain.Sale is not enhanced.

------------------------------------------------------------------------------------------------------------------------

[2026-05-08 20:55:04 #1 store] 
Database 'C:\Users\kenne\git\market26\src\main\resources\products.temp' is opened by 25760@Traspié

[2026-05-08 20:55:04 #2 type] 
Type domain.User is not enhanced.

[2026-05-08 20:55:04 #3 type] 
Type domain.Buyer is not enhanced.

[2026-05-08 20:55:04 #4 type] 
Type domain.Seller is not enhanced.

[2026-05-08 20:55:04 #5 type] 
Type domain.Conversacion is not enhanced.

[2026-05-08 20:55:04 #6 type] 
Type domain.Mensaje is not enhanced.

[2026-05-08 20:55:04 #7 type] 
Type domain.Valoracion is not enhanced.

[2026-05-08 20:55:04 #8 type] 
Type domain.ProposedSale is not enhanced.

[2026-05-08 20:55:04 #9 type] 
Type domain.Transaction is not enhanced.

[2026-05-08 20:55:04 #10 type] 
Type domain.Sale is not enhanced.

------------------------------------------------------------------------------------------------------------------------

[2026-05-08 20:59:30 #1 store] 
Database 'C:\Users\kenne\git\market26\src\main\resources\products.temp' is opened by 3980@Traspié

[2026-05-08 20:59:30 #2 type.registry] 
New type domain.User

[2026-05-08 20:59:30 #3 type.registry] 
New type domain.Buyer

[2026-05-08 20:59:30 #4 type.registry] 
New type domain.Seller

[2026-05-08 20:59:30 #5 type] 
Type domain.User is not enhanced.

[2026-05-08 20:59:30 #6 type] 
Type domain.Buyer is not enhanced.

[2026-05-08 20:59:30 #7 type.registry] 
New type domain.Conversacion

[2026-05-08 20:59:30 #8 type.registry] 
New type domain.Mensaje

[2026-05-08 20:59:30 #9 type.registry] 
New type domain.Valoracion

[2026-05-08 20:59:30 #10 type.registry] 
New type domain.ProposedSale

[2026-05-08 20:59:30 #11 type.registry] 
New type domain.Transaction

[2026-05-08 20:59:30 #12 type] 
Type domain.Seller is not enhanced.

[2026-05-08 20:59:30 #13 type.registry] 
New type domain.Sale

[2026-05-08 20:59:30 #14 type] 
Type domain.Conversacion is not enhanced.

[2026-05-08 20:59:30 #15 type.registry] 
New type domain.Conversacion$EstadoConversacion

[2026-05-08 20:59:30 #16 type] 
Type domain.Mensaje is not enhanced.

[2026-05-08 20:59:30 #17 type] 
Type domain.Valoracion is not enhanced.

[2026-05-08 20:59:30 #18 type] 
Type domain.ProposedSale is not enhanced.

[2026-05-08 20:59:30 #19 type] 
Type domain.Transaction is not enhanced.

[2026-05-08 20:59:30 #20 type.registry] 
New type domain.Transaction$TransactionType

[2026-05-08 20:59:30 #21 type] 
Type domain.Sale is not enhanced.

[2026-05-08 20:59:30 #22 type.registry] 
New type java.util.ArrayList<java.lang.Object>

[2026-05-08 20:59:30 #23 type.registry] 
New type java.util.ArrayList<domain.ProposedSale>

[2026-05-08 20:59:30 #24 type.registry] 
New type java.util.ArrayList<domain.Valoracion>

[2026-05-08 20:59:30 #25 type.registry] 
New type java.util.ArrayList<domain.Mensaje>

[2026-05-08 20:59:30 #26 type.registry] 
New type java.util.ArrayList<domain.Conversacion>

[2026-05-08 20:59:30 #27 type.registry] 
New type java.util.ArrayList<domain.Sale>

[2026-05-08 20:59:30 #28 type.registry] 
New type java.util.ArrayList<domain.Transaction>

[2026-05-08 21:00:05 #29 type.registry] 
New type com.objectdb.o.LMT

[2026-05-08 21:00:05 #30 type.registry] 
New type com.objectdb.o.VAL

[2026-05-08 21:00:05 #31 type.registry] 
New type com.objectdb.o.RFV

------------------------------------------------------------------------------------------------------------------------

[2026-05-08 21:00:53 #1 store] 
Database 'C:\Users\kenne\git\market26\src\main\resources\products.temp' is opened by 23244@Traspié

[2026-05-08 21:00:54 #2 type.registry] 
New type domain.User

[2026-05-08 21:00:54 #3 type.registry] 
New type domain.Buyer

[2026-05-08 21:00:54 #4 type.registry] 
New type domain.Seller

[2026-05-08 21:00:54 #5 type] 
Type domain.User is not enhanced.

[2026-05-08 21:00:54 #6 type] 
Type domain.Buyer is not enhanced.

[2026-05-08 21:00:54 #7 type.registry] 
New type domain.Conversacion

[2026-05-08 21:00:54 #8 type.registry] 
New type domain.Mensaje

[2026-05-08 21:00:54 #9 type.registry] 
New type domain.Valoracion

[2026-05-08 21:00:54 #10 type.registry] 
New type domain.ProposedSale

[2026-05-08 21:00:54 #11 type.registry] 
New type domain.Transaction

[2026-05-08 21:00:54 #12 type] 
Type domain.Seller is not enhanced.

[2026-05-08 21:00:54 #13 type.registry] 
New type domain.Sale

[2026-05-08 21:00:54 #14 type] 
Type domain.Conversacion is not enhanced.

[2026-05-08 21:00:54 #15 type.registry] 
New type domain.Conversacion$EstadoConversacion

[2026-05-08 21:00:54 #16 type] 
Type domain.Mensaje is not enhanced.

[2026-05-08 21:00:54 #17 type] 
Type domain.Valoracion is not enhanced.

[2026-05-08 21:00:54 #18 type] 
Type domain.ProposedSale is not enhanced.

[2026-05-08 21:00:54 #19 type] 
Type domain.Transaction is not enhanced.

[2026-05-08 21:00:54 #20 type.registry] 
New type domain.Transaction$TransactionType

[2026-05-08 21:00:54 #21 type] 
Type domain.Sale is not enhanced.

[2026-05-08 21:00:54 #22 type.registry] 
New type java.util.ArrayList<java.lang.Object>

[2026-05-08 21:00:54 #23 type.registry] 
New type java.util.ArrayList<domain.ProposedSale>

[2026-05-08 21:00:54 #24 type.registry] 
New type java.util.ArrayList<domain.Valoracion>

[2026-05-08 21:00:54 #25 type.registry] 
New type java.util.ArrayList<domain.Mensaje>

[2026-05-08 21:00:54 #26 type.registry] 
New type java.util.ArrayList<domain.Conversacion>

[2026-05-08 21:00:54 #27 type.registry] 
New type java.util.ArrayList<domain.Sale>

[2026-05-08 21:00:54 #28 type.registry] 
New type java.util.ArrayList<domain.Transaction>

[2026-05-08 21:01:01 #29 type.registry] 
New type com.objectdb.o.LMT

[2026-05-08 21:01:01 #30 type.registry] 
New type com.objectdb.o.VAL

[2026-05-08 21:01:01 #31 type.registry] 
New type com.objectdb.o.RFV

------------------------------------------------------------------------------------------------------------------------

[2026-05-08 21:01:45 #1 store] 
Database 'C:\Users\kenne\git\market26\src\main\resources\products.temp' is opened by 29540@Traspié

[2026-05-08 21:01:45 #2 type.registry] 
New type domain.User

[2026-05-08 21:01:45 #3 type.registry] 
New type domain.Buyer

[2026-05-08 21:01:45 #4 type.registry] 
New type domain.Seller

[2026-05-08 21:01:45 #5 type] 
Type domain.User is not enhanced.

[2026-05-08 21:01:45 #6 type] 
Type domain.Buyer is not enhanced.

[2026-05-08 21:01:45 #7 type.registry] 
New type domain.Conversacion

[2026-05-08 21:01:45 #8 type.registry] 
New type domain.Mensaje

[2026-05-08 21:01:45 #9 type.registry] 
New type domain.Valoracion

[2026-05-08 21:01:45 #10 type.registry] 
New type domain.ProposedSale

[2026-05-08 21:01:45 #11 type.registry] 
New type domain.Transaction

[2026-05-08 21:01:45 #12 type] 
Type domain.Seller is not enhanced.

[2026-05-08 21:01:45 #13 type.registry] 
New type domain.Sale

[2026-05-08 21:01:45 #14 type] 
Type domain.Conversacion is not enhanced.

[2026-05-08 21:01:45 #15 type.registry] 
New type domain.Conversacion$EstadoConversacion

[2026-05-08 21:01:45 #16 type] 
Type domain.Mensaje is not enhanced.

[2026-05-08 21:01:45 #17 type] 
Type domain.Valoracion is not enhanced.

[2026-05-08 21:01:45 #18 type] 
Type domain.ProposedSale is not enhanced.

[2026-05-08 21:01:45 #19 type] 
Type domain.Transaction is not enhanced.

[2026-05-08 21:01:45 #20 type.registry] 
New type domain.Transaction$TransactionType

[2026-05-08 21:01:45 #21 type] 
Type domain.Sale is not enhanced.

[2026-05-08 21:01:45 #22 type.registry] 
New type java.util.ArrayList<java.lang.Object>

[2026-05-08 21:01:45 #23 type.registry] 
New type java.util.ArrayList<domain.ProposedSale>

[2026-05-08 21:01:45 #24 type.registry] 
New type java.util.ArrayList<domain.Valoracion>

[2026-05-08 21:01:45 #25 type.registry] 
New type java.util.ArrayList<domain.Mensaje>

[2026-05-08 21:01:45 #26 type.registry] 
New type java.util.ArrayList<domain.Conversacion>

[2026-05-08 21:01:45 #27 type.registry] 
New type java.util.ArrayList<domain.Sale>

[2026-05-08 21:01:45 #28 type.registry] 
New type java.util.ArrayList<domain.Transaction>

[2026-05-08 21:02:00 #29 type.registry] 
New type com.objectdb.o.LMT

[2026-05-08 21:02:00 #30 type.registry] 
New type com.objectdb.o.VAL

[2026-05-08 21:02:00 #31 type.registry] 
New type com.objectdb.o.RFV

