------------------------------------------------------------------------------------------------------------------------

[2026-09-30 12:10:42 #1 store] 
Database 'C:\Users\Aday\git\market26Proyect\src\main\resources\products.temp' is opened by 11452@DESKTOP-JC0RP5R

[2026-09-30 12:10:42 #2 type.registry] 
New type domain.User

[2026-09-30 12:10:42 #3 type.registry] 
New type domain.Buyer

[2026-09-30 12:10:42 #4 type.registry] 
New type domain.Seller

[2026-09-30 12:10:42 #5 type] 
Type domain.User is not enhanced.

[2026-09-30 12:10:42 #6 type] 
Type domain.Buyer is not enhanced.

[2026-09-30 12:10:42 #7 type.registry] 
New type domain.Conversacion

[2026-09-30 12:10:42 #8 type.registry] 
New type domain.Mensaje

[2026-09-30 12:10:42 #9 type.registry] 
New type domain.Valoracion

[2026-09-30 12:10:42 #10 type.registry] 
New type domain.ProposedSale

[2026-09-30 12:10:42 #11 type.registry] 
New type domain.Transaction

[2026-09-30 12:10:42 #12 type] 
Type domain.Seller is not enhanced.

[2026-09-30 12:10:42 #13 type.registry] 
New type domain.Sale

[2026-09-30 12:10:42 #14 type] 
Type domain.Conversacion is not enhanced.

[2026-09-30 12:10:42 #15 type.registry] 
New type domain.Conversacion$EstadoConversacion

[2026-09-30 12:10:42 #16 type] 
Type domain.Mensaje is not enhanced.

[2026-09-30 12:10:42 #17 type] 
Type domain.Valoracion is not enhanced.

[2026-09-30 12:10:42 #18 type] 
Type domain.ProposedSale is not enhanced.

[2026-09-30 12:10:42 #19 type] 
Type domain.Transaction is not enhanced.

[2026-09-30 12:10:42 #20 type.registry] 
New type domain.Transaction$TransactionType

[2026-09-30 12:10:42 #21 type] 
Type domain.Sale is not enhanced.

[2026-09-30 12:10:42 #22 type.registry] 
New type java.util.ArrayList<java.lang.Object>

[2026-09-30 12:10:42 #23 type.registry] 
New type java.util.ArrayList<domain.ProposedSale>

[2026-09-30 12:10:42 #24 type.registry] 
New type java.util.ArrayList<domain.Valoracion>

[2026-09-30 12:10:42 #25 type.registry] 
New type java.util.ArrayList<domain.Mensaje>

[2026-09-30 12:10:42 #26 type.registry] 
New type java.util.ArrayList<domain.Conversacion>

[2026-09-30 12:10:42 #27 type.registry] 
New type java.util.ArrayList<domain.Sale>

[2026-09-30 12:10:42 #28 type.registry] 
New type java.util.ArrayList<domain.Transaction>

------------------------------------------------------------------------------------------------------------------------

[2026-09-30 12:16:15 #1 store] 
Database 'C:\Users\Aday\git\market26Proyect\src\main\resources\products.temp' is opened by 22968@DESKTOP-JC0RP5R

[2026-09-30 12:16:15 #2 type.registry] 
New type domain.User

[2026-09-30 12:16:15 #3 type.registry] 
New type domain.Buyer

[2026-09-30 12:16:15 #4 type.registry] 
New type domain.Seller

[2026-09-30 12:16:15 #5 type] 
Type domain.User is not enhanced.

[2026-09-30 12:16:15 #6 type] 
Type domain.Buyer is not enhanced.

[2026-09-30 12:16:15 #7 type.registry] 
New type domain.Conversacion

[2026-09-30 12:16:15 #8 type.registry] 
New type domain.Mensaje

[2026-09-30 12:16:15 #9 type.registry] 
New type domain.Valoracion

[2026-09-30 12:16:15 #10 type.registry] 
New type domain.ProposedSale

[2026-09-30 12:16:15 #11 type.registry] 
New type domain.Transaction

[2026-09-30 12:16:15 #12 type] 
Type domain.Seller is not enhanced.

[2026-09-30 12:16:15 #13 type.registry] 
New type domain.Sale

[2026-09-30 12:16:15 #14 type] 
Type domain.Conversacion is not enhanced.

[2026-09-30 12:16:15 #15 type.registry] 
New type domain.Conversacion$EstadoConversacion

[2026-09-30 12:16:15 #16 type] 
Type domain.Mensaje is not enhanced.

[2026-09-30 12:16:15 #17 type] 
Type domain.Valoracion is not enhanced.

[2026-09-30 12:16:15 #18 type] 
Type domain.ProposedSale is not enhanced.

[2026-09-30 12:16:15 #19 type] 
Type domain.Transaction is not enhanced.

[2026-09-30 12:16:15 #20 type.registry] 
New type domain.Transaction$TransactionType

[2026-09-30 12:16:15 #21 type] 
Type domain.Sale is not enhanced.

[2026-09-30 12:16:15 #22 type.registry] 
New type java.util.ArrayList<java.lang.Object>

[2026-09-30 12:16:15 #23 type.registry] 
New type java.util.ArrayList<domain.ProposedSale>

[2026-09-30 12:16:15 #24 type.registry] 
New type java.util.ArrayList<domain.Valoracion>

[2026-09-30 12:16:15 #25 type.registry] 
New type java.util.ArrayList<domain.Mensaje>

[2026-09-30 12:16:15 #26 type.registry] 
New type java.util.ArrayList<domain.Conversacion>

[2026-09-30 12:16:15 #27 type.registry] 
New type java.util.ArrayList<domain.Sale>

[2026-09-30 12:16:15 #28 type.registry] 
New type java.util.ArrayList<domain.Transaction>

------------------------------------------------------------------------------------------------------------------------

[2026-09-30 19:26:55 #1 store] 
Database 'C:\Users\Aday\git\market26Proyect\src\main\resources\products.temp' is opened by 16348@DESKTOP-JC0RP5R

[2026-09-30 19:26:55 #2 type.registry] 
New type domain.User

[2026-09-30 19:26:55 #3 type.registry] 
New type domain.Buyer

[2026-09-30 19:26:55 #4 type.registry] 
New type domain.Seller

[2026-09-30 19:26:55 #5 type] 
Type domain.User is not enhanced.

[2026-09-30 19:26:55 #6 type] 
Type domain.Buyer is not enhanced.

[2026-09-30 19:26:55 #7 type.registry] 
New type domain.Conversacion

[2026-09-30 19:26:55 #8 type.registry] 
New type domain.Mensaje

[2026-09-30 19:26:55 #9 type.registry] 
New type domain.Valoracion

[2026-09-30 19:26:55 #10 type.registry] 
New type domain.ProposedSale

[2026-09-30 19:26:55 #11 type.registry] 
New type domain.Transaction

[2026-09-30 19:26:55 #12 type] 
Type domain.Seller is not enhanced.

[2026-09-30 19:26:55 #13 type.registry] 
New type domain.Sale

[2026-09-30 19:26:55 #14 type] 
Type domain.Conversacion is not enhanced.

[2026-09-30 19:26:55 #15 type.registry] 
New type domain.Conversacion$EstadoConversacion

[2026-09-30 19:26:55 #16 type] 
Type domain.Mensaje is not enhanced.

[2026-09-30 19:26:55 #17 type] 
Type domain.Valoracion is not enhanced.

[2026-09-30 19:26:55 #18 type] 
Type domain.ProposedSale is not enhanced.

[2026-09-30 19:26:55 #19 type] 
Type domain.Transaction is not enhanced.

[2026-09-30 19:26:55 #20 type.registry] 
New type domain.Transaction$TransactionType

[2026-09-30 19:26:55 #21 type] 
Type domain.Sale is not enhanced.

[2026-09-30 19:26:55 #22 type.registry] 
New type java.util.ArrayList<java.lang.Object>

[2026-09-30 19:26:55 #23 type.registry] 
New type java.util.ArrayList<domain.ProposedSale>

[2026-09-30 19:26:55 #24 type.registry] 
New type java.util.ArrayList<domain.Valoracion>

[2026-09-30 19:26:55 #25 type.registry] 
New type java.util.ArrayList<domain.Mensaje>

[2026-09-30 19:26:55 #26 type.registry] 
New type java.util.ArrayList<domain.Conversacion>

[2026-09-30 19:26:55 #27 type.registry] 
New type java.util.ArrayList<domain.Sale>

[2026-09-30 19:26:55 #28 type.registry] 
New type java.util.ArrayList<domain.Transaction>

------------------------------------------------------------------------------------------------------------------------

[2026-09-30 19:27:42 #1 store] 
Database 'C:\Users\Aday\git\market26Proyect\src\main\resources\products.temp' is opened by 7476@DESKTOP-JC0RP5R

[2026-09-30 19:27:42 #2 type.registry] 
New type domain.User

[2026-09-30 19:27:42 #3 type.registry] 
New type domain.Buyer

[2026-09-30 19:27:42 #4 type.registry] 
New type domain.Seller

[2026-09-30 19:27:42 #5 type] 
Type domain.User is not enhanced.

[2026-09-30 19:27:42 #6 type] 
Type domain.Buyer is not enhanced.

[2026-09-30 19:27:42 #7 type.registry] 
New type domain.Conversacion

[2026-09-30 19:27:42 #8 type.registry] 
New type domain.Mensaje

[2026-09-30 19:27:42 #9 type.registry] 
New type domain.Valoracion

[2026-09-30 19:27:42 #10 type.registry] 
New type domain.ProposedSale

[2026-09-30 19:27:42 #11 type.registry] 
New type domain.Transaction

[2026-09-30 19:27:42 #12 type] 
Type domain.Seller is not enhanced.

[2026-09-30 19:27:42 #13 type.registry] 
New type domain.Sale

[2026-09-30 19:27:42 #14 type] 
Type domain.Conversacion is not enhanced.

[2026-09-30 19:27:42 #15 type.registry] 
New type domain.Conversacion$EstadoConversacion

[2026-09-30 19:27:42 #16 type] 
Type domain.Mensaje is not enhanced.

[2026-09-30 19:27:42 #17 type] 
Type domain.Valoracion is not enhanced.

[2026-09-30 19:27:42 #18 type] 
Type domain.ProposedSale is not enhanced.

[2026-09-30 19:27:42 #19 type] 
Type domain.Transaction is not enhanced.

[2026-09-30 19:27:42 #20 type.registry] 
New type domain.Transaction$TransactionType

[2026-09-30 19:27:42 #21 type] 
Type domain.Sale is not enhanced.

[2026-09-30 19:27:42 #22 type.registry] 
New type java.util.ArrayList<java.lang.Object>

[2026-09-30 19:27:42 #23 type.registry] 
New type java.util.ArrayList<domain.ProposedSale>

[2026-09-30 19:27:42 #24 type.registry] 
New type java.util.ArrayList<domain.Valoracion>

[2026-09-30 19:27:42 #25 type.registry] 
New type java.util.ArrayList<domain.Mensaje>

[2026-09-30 19:27:42 #26 type.registry] 
New type java.util.ArrayList<domain.Conversacion>

[2026-09-30 19:27:42 #27 type.registry] 
New type java.util.ArrayList<domain.Sale>

[2026-09-30 19:27:42 #28 type.registry] 
New type java.util.ArrayList<domain.Transaction>

