------------------------------------------------------------------------------------------------------------------------

[2026-04-12 12:59:31 #1 store] 
Database 'C:\Users\kenne\git\market26\src\main\resources\products.temp' is opened by 24788@Traspié

[2026-04-12 12:59:31 #2 type.registry] 
New type domain.User

[2026-04-12 12:59:31 #3 type.registry] 
New type domain.Buyer

[2026-04-12 12:59:31 #4 type.registry] 
New type domain.Seller

[2026-04-12 12:59:31 #5 type] 
Type domain.User is not enhanced.

[2026-04-12 12:59:31 #6 type] 
Type domain.Buyer is not enhanced.

[2026-04-12 12:59:31 #7 type.registry] 
New type domain.ProposedSale

[2026-04-12 12:59:31 #8 type.registry] 
New type domain.Transaction

[2026-04-12 12:59:31 #9 type] 
Type domain.Seller is not enhanced.

[2026-04-12 12:59:31 #10 type.registry] 
New type domain.Sale

[2026-04-12 12:59:31 #11 type] 
Type domain.ProposedSale is not enhanced.

[2026-04-12 12:59:32 #12 type.registry] 
New type domain.Valoracion

[2026-04-12 12:59:32 #13 type] 
Type domain.Transaction is not enhanced.

[2026-04-12 12:59:32 #14 type.registry] 
New type domain.Transaction$TransactionType

[2026-04-12 12:59:32 #15 type] 
Type domain.Sale is not enhanced.

[2026-04-12 12:59:32 #16 type] 
Type domain.Valoracion is not enhanced.

[2026-04-12 12:59:32 #17 type.registry] 
New type java.util.ArrayList<java.lang.Object>

[2026-04-12 12:59:32 #18 type.registry] 
New type java.util.ArrayList<domain.ProposedSale>

[2026-04-12 12:59:32 #19 type.registry] 
New type java.util.ArrayList<domain.Sale>

[2026-04-12 12:59:32 #20 type.registry] 
New type java.util.ArrayList<domain.Transaction>

[2026-04-12 12:59:40 #21 type.registry] 
New type com.objectdb.o.LMT

[2026-04-12 12:59:40 #22 type.registry] 
New type com.objectdb.o.VAL

[2026-04-12 12:59:40 #23 type.registry] 
New type com.objectdb.o.RFV

------------------------------------------------------------------------------------------------------------------------

[2026-04-12 13:20:58 #1 store] 
Database 'C:\Users\kenne\git\market26\src\main\resources\products.temp' is opened by 32064@Traspié

[2026-04-12 13:20:58 #2 type.registry] 
New type domain.User

[2026-04-12 13:20:58 #3 type.registry] 
New type domain.Buyer

[2026-04-12 13:20:58 #4 type.registry] 
New type domain.Seller

[2026-04-12 13:20:58 #5 type] 
Type domain.User is not enhanced.

[2026-04-12 13:20:58 #6 type] 
Type domain.Buyer is not enhanced.

[2026-04-12 13:20:58 #7 type.registry] 
New type domain.ProposedSale

[2026-04-12 13:20:58 #8 type.registry] 
New type domain.Transaction

[2026-04-12 13:20:58 #9 type] 
Type domain.Seller is not enhanced.

[2026-04-12 13:20:58 #10 type.registry] 
New type domain.Sale

[2026-04-12 13:20:58 #11 type] 
Type domain.ProposedSale is not enhanced.

[2026-04-12 13:20:58 #12 type.registry] 
New type domain.Valoracion

[2026-04-12 13:20:58 #13 type] 
Type domain.Transaction is not enhanced.

[2026-04-12 13:20:58 #14 type.registry] 
New type domain.Transaction$TransactionType

[2026-04-12 13:20:58 #15 type] 
Type domain.Sale is not enhanced.

[2026-04-12 13:20:58 #16 type] 
Type domain.Valoracion is not enhanced.

[2026-04-12 13:20:58 #17 type.registry] 
New type java.util.ArrayList<java.lang.Object>

[2026-04-12 13:20:58 #18 type.registry] 
New type java.util.ArrayList<domain.ProposedSale>

[2026-04-12 13:20:58 #19 type.registry] 
New type java.util.ArrayList<domain.Sale>

[2026-04-12 13:20:58 #20 type.registry] 
New type java.util.ArrayList<domain.Transaction>

------------------------------------------------------------------------------------------------------------------------

[2026-04-12 13:21:58 #1 store] 
Database 'C:\Users\kenne\git\market26\src\main\resources\products.temp' is opened by 33388@Traspié

[2026-04-12 13:21:58 #2 type.registry] 
New type domain.User

[2026-04-12 13:21:58 #3 type.registry] 
New type domain.Buyer

[2026-04-12 13:21:58 #4 type.registry] 
New type domain.Seller

[2026-04-12 13:21:58 #5 type] 
Type domain.User is not enhanced.

[2026-04-12 13:21:58 #6 type] 
Type domain.Buyer is not enhanced.

[2026-04-12 13:21:58 #7 type.registry] 
New type domain.ProposedSale

[2026-04-12 13:21:58 #8 type.registry] 
New type domain.Transaction

[2026-04-12 13:21:58 #9 type] 
Type domain.Seller is not enhanced.

[2026-04-12 13:21:58 #10 type.registry] 
New type domain.Sale

[2026-04-12 13:21:58 #11 type] 
Type domain.ProposedSale is not enhanced.

[2026-04-12 13:21:58 #12 type.registry] 
New type domain.Valoracion

[2026-04-12 13:21:58 #13 type] 
Type domain.Transaction is not enhanced.

[2026-04-12 13:21:58 #14 type.registry] 
New type domain.Transaction$TransactionType

[2026-04-12 13:21:58 #15 type] 
Type domain.Sale is not enhanced.

[2026-04-12 13:21:58 #16 type] 
Type domain.Valoracion is not enhanced.

[2026-04-12 13:21:58 #17 type.registry] 
New type java.util.ArrayList<java.lang.Object>

[2026-04-12 13:21:58 #18 type.registry] 
New type java.util.ArrayList<domain.ProposedSale>

[2026-04-12 13:21:58 #19 type.registry] 
New type java.util.ArrayList<domain.Sale>

[2026-04-12 13:21:58 #20 type.registry] 
New type java.util.ArrayList<domain.Transaction>

[2026-04-12 13:22:09 #21 type.registry] 
New type com.objectdb.o.LMT

[2026-04-12 13:22:09 #22 type.registry] 
New type com.objectdb.o.VAL

[2026-04-12 13:22:09 #23 type.registry] 
New type com.objectdb.o.RFV

------------------------------------------------------------------------------------------------------------------------

[2026-04-12 13:59:22 #1 store] 
Database 'C:\Users\kenne\git\market26\src\main\resources\products.temp' is opened by 24116@Traspié

[2026-04-12 13:59:22 #2 type.registry] 
New type domain.User

[2026-04-12 13:59:22 #3 type.registry] 
New type domain.Buyer

[2026-04-12 13:59:22 #4 type.registry] 
New type domain.Seller

[2026-04-12 13:59:22 #5 type] 
Type domain.User is not enhanced.

[2026-04-12 13:59:22 #6 type] 
Type domain.Buyer is not enhanced.

[2026-04-12 13:59:22 #7 type.registry] 
New type domain.ProposedSale

[2026-04-12 13:59:22 #8 type.registry] 
New type domain.Transaction

[2026-04-12 13:59:22 #9 type] 
Type domain.Seller is not enhanced.

[2026-04-12 13:59:22 #10 type.registry] 
New type domain.Sale

[2026-04-12 13:59:22 #11 type] 
Type domain.ProposedSale is not enhanced.

[2026-04-12 13:59:22 #12 type.registry] 
New type domain.Valoracion

[2026-04-12 13:59:22 #13 type] 
Type domain.Transaction is not enhanced.

[2026-04-12 13:59:22 #14 type.registry] 
New type domain.Transaction$TransactionType

[2026-04-12 13:59:22 #15 type] 
Type domain.Sale is not enhanced.

[2026-04-12 13:59:22 #16 type] 
Type domain.Valoracion is not enhanced.

[2026-04-12 13:59:22 #17 type.registry] 
New type java.util.ArrayList<java.lang.Object>

[2026-04-12 13:59:22 #18 type.registry] 
New type java.util.ArrayList<domain.ProposedSale>

[2026-04-12 13:59:22 #19 type.registry] 
New type java.util.ArrayList<domain.Sale>

[2026-04-12 13:59:22 #20 type.registry] 
New type java.util.ArrayList<domain.Transaction>

[2026-04-12 13:59:35 #21 type.registry] 
New type com.objectdb.o.LMT

[2026-04-12 13:59:35 #22 type.registry] 
New type com.objectdb.o.VAL

[2026-04-12 13:59:35 #23 type.registry] 
New type com.objectdb.o.RFV

------------------------------------------------------------------------------------------------------------------------

[2026-04-12 14:00:26 #1 store] 
Database 'C:\Users\kenne\git\market26\src\main\resources\products.temp' is opened by 26608@Traspié

[2026-04-12 14:00:26 #2 type.registry] 
New type domain.User

[2026-04-12 14:00:26 #3 type.registry] 
New type domain.Buyer

[2026-04-12 14:00:26 #4 type.registry] 
New type domain.Seller

[2026-04-12 14:00:26 #5 type] 
Type domain.User is not enhanced.

[2026-04-12 14:00:26 #6 type] 
Type domain.Buyer is not enhanced.

[2026-04-12 14:00:26 #7 type.registry] 
New type domain.ProposedSale

[2026-04-12 14:00:26 #8 type.registry] 
New type domain.Transaction

[2026-04-12 14:00:26 #9 type] 
Type domain.Seller is not enhanced.

[2026-04-12 14:00:26 #10 type.registry] 
New type domain.Sale

[2026-04-12 14:00:26 #11 type] 
Type domain.ProposedSale is not enhanced.

[2026-04-12 14:00:26 #12 type.registry] 
New type domain.Valoracion

[2026-04-12 14:00:26 #13 type] 
Type domain.Transaction is not enhanced.

[2026-04-12 14:00:26 #14 type.registry] 
New type domain.Transaction$TransactionType

[2026-04-12 14:00:26 #15 type] 
Type domain.Sale is not enhanced.

[2026-04-12 14:00:26 #16 type] 
Type domain.Valoracion is not enhanced.

[2026-04-12 14:00:26 #17 type.registry] 
New type java.util.ArrayList<java.lang.Object>

[2026-04-12 14:00:26 #18 type.registry] 
New type java.util.ArrayList<domain.ProposedSale>

[2026-04-12 14:00:26 #19 type.registry] 
New type java.util.ArrayList<domain.Sale>

[2026-04-12 14:00:26 #20 type.registry] 
New type java.util.ArrayList<domain.Transaction>

[2026-04-12 14:00:34 #21 type.registry] 
New type com.objectdb.o.LMT

[2026-04-12 14:00:34 #22 type.registry] 
New type com.objectdb.o.VAL

[2026-04-12 14:00:34 #23 type.registry] 
New type com.objectdb.o.RFV

------------------------------------------------------------------------------------------------------------------------

[2026-04-12 14:01:10 #1 store] 
Database 'C:\Users\kenne\git\market26\src\main\resources\products.temp' is opened by 33324@Traspié

[2026-04-12 14:01:11 #2 type.registry] 
New type domain.User

[2026-04-12 14:01:11 #3 type.registry] 
New type domain.Buyer

[2026-04-12 14:01:11 #4 type.registry] 
New type domain.Seller

[2026-04-12 14:01:11 #5 type] 
Type domain.User is not enhanced.

[2026-04-12 14:01:11 #6 type] 
Type domain.Buyer is not enhanced.

[2026-04-12 14:01:11 #7 type.registry] 
New type domain.ProposedSale

[2026-04-12 14:01:11 #8 type.registry] 
New type domain.Transaction

[2026-04-12 14:01:11 #9 type] 
Type domain.Seller is not enhanced.

[2026-04-12 14:01:11 #10 type.registry] 
New type domain.Sale

[2026-04-12 14:01:11 #11 type] 
Type domain.ProposedSale is not enhanced.

[2026-04-12 14:01:11 #12 type.registry] 
New type domain.Valoracion

[2026-04-12 14:01:11 #13 type] 
Type domain.Transaction is not enhanced.

[2026-04-12 14:01:11 #14 type.registry] 
New type domain.Transaction$TransactionType

[2026-04-12 14:01:11 #15 type] 
Type domain.Sale is not enhanced.

[2026-04-12 14:01:11 #16 type] 
Type domain.Valoracion is not enhanced.

[2026-04-12 14:01:11 #17 type.registry] 
New type java.util.ArrayList<java.lang.Object>

[2026-04-12 14:01:11 #18 type.registry] 
New type java.util.ArrayList<domain.ProposedSale>

[2026-04-12 14:01:11 #19 type.registry] 
New type java.util.ArrayList<domain.Sale>

[2026-04-12 14:01:11 #20 type.registry] 
New type java.util.ArrayList<domain.Transaction>

[2026-04-12 14:01:21 #21 type.registry] 
New type com.objectdb.o.LMT

[2026-04-12 14:01:21 #22 type.registry] 
New type com.objectdb.o.VAL

[2026-04-12 14:01:21 #23 type.registry] 
New type com.objectdb.o.RFV

------------------------------------------------------------------------------------------------------------------------

[2026-04-12 14:07:34 #1 store] 
Database 'C:\Users\kenne\git\market26\src\main\resources\products.temp' is opened by 29208@Traspié

[2026-04-12 14:07:34 #2 type.registry] 
New type domain.User

[2026-04-12 14:07:34 #3 type.registry] 
New type domain.Buyer

[2026-04-12 14:07:34 #4 type.registry] 
New type domain.Seller

[2026-04-12 14:07:34 #5 type] 
Type domain.User is not enhanced.

[2026-04-12 14:07:34 #6 type] 
Type domain.Buyer is not enhanced.

[2026-04-12 14:07:34 #7 type.registry] 
New type domain.ProposedSale

[2026-04-12 14:07:34 #8 type.registry] 
New type domain.Transaction

[2026-04-12 14:07:34 #9 type] 
Type domain.Seller is not enhanced.

[2026-04-12 14:07:34 #10 type.registry] 
New type domain.Sale

[2026-04-12 14:07:34 #11 type] 
Type domain.ProposedSale is not enhanced.

[2026-04-12 14:07:34 #12 type.registry] 
New type domain.Valoracion

[2026-04-12 14:07:34 #13 type] 
Type domain.Transaction is not enhanced.

[2026-04-12 14:07:34 #14 type.registry] 
New type domain.Transaction$TransactionType

[2026-04-12 14:07:34 #15 type] 
Type domain.Sale is not enhanced.

[2026-04-12 14:07:34 #16 type] 
Type domain.Valoracion is not enhanced.

[2026-04-12 14:07:34 #17 type.registry] 
New type java.util.ArrayList<java.lang.Object>

[2026-04-12 14:07:34 #18 type.registry] 
New type java.util.ArrayList<domain.ProposedSale>

[2026-04-12 14:07:34 #19 type.registry] 
New type java.util.ArrayList<domain.Sale>

[2026-04-12 14:07:34 #20 type.registry] 
New type java.util.ArrayList<domain.Transaction>

[2026-04-12 14:07:46 #21 type.registry] 
New type com.objectdb.o.LMT

[2026-04-12 14:07:46 #22 type.registry] 
New type com.objectdb.o.VAL

[2026-04-12 14:07:46 #23 type.registry] 
New type com.objectdb.o.RFV

------------------------------------------------------------------------------------------------------------------------

[2026-04-12 14:09:48 #1 store] 
Database 'C:\Users\kenne\git\market26\src\main\resources\products.temp' is opened by 18712@Traspié

[2026-04-12 14:09:48 #2 type.registry] 
New type domain.User

[2026-04-12 14:09:48 #3 type.registry] 
New type domain.Buyer

[2026-04-12 14:09:48 #4 type.registry] 
New type domain.Seller

[2026-04-12 14:09:48 #5 type] 
Type domain.User is not enhanced.

[2026-04-12 14:09:48 #6 type] 
Type domain.Buyer is not enhanced.

[2026-04-12 14:09:48 #7 type.registry] 
New type domain.ProposedSale

[2026-04-12 14:09:48 #8 type.registry] 
New type domain.Transaction

[2026-04-12 14:09:48 #9 type] 
Type domain.Seller is not enhanced.

[2026-04-12 14:09:48 #10 type.registry] 
New type domain.Sale

[2026-04-12 14:09:48 #11 type] 
Type domain.ProposedSale is not enhanced.

[2026-04-12 14:09:48 #12 type.registry] 
New type domain.Valoracion

[2026-04-12 14:09:48 #13 type] 
Type domain.Transaction is not enhanced.

[2026-04-12 14:09:48 #14 type.registry] 
New type domain.Transaction$TransactionType

[2026-04-12 14:09:48 #15 type] 
Type domain.Sale is not enhanced.

[2026-04-12 14:09:48 #16 type] 
Type domain.Valoracion is not enhanced.

[2026-04-12 14:09:48 #17 type.registry] 
New type java.util.ArrayList<java.lang.Object>

[2026-04-12 14:09:48 #18 type.registry] 
New type java.util.ArrayList<domain.ProposedSale>

[2026-04-12 14:09:48 #19 type.registry] 
New type java.util.ArrayList<domain.Sale>

[2026-04-12 14:09:48 #20 type.registry] 
New type java.util.ArrayList<domain.Transaction>

[2026-04-12 14:10:01 #21 type.registry] 
New type com.objectdb.o.LMT

[2026-04-12 14:10:01 #22 type.registry] 
New type com.objectdb.o.VAL

[2026-04-12 14:10:01 #23 type.registry] 
New type com.objectdb.o.RFV

------------------------------------------------------------------------------------------------------------------------

[2026-04-12 15:49:16 #1 store] 
Database 'C:\Users\kenne\git\market26\src\main\resources\products.temp' is opened by 29748@Traspié

[2026-04-12 15:49:17 #2 type.registry] 
New type domain.User

[2026-04-12 15:49:17 #3 type.registry] 
New type domain.Buyer

[2026-04-12 15:49:17 #4 type.registry] 
New type domain.Seller

[2026-04-12 15:49:17 #5 type] 
Type domain.User is not enhanced.

[2026-04-12 15:49:17 #6 type] 
Type domain.Buyer is not enhanced.

[2026-04-12 15:49:17 #7 type.registry] 
New type domain.ProposedSale

[2026-04-12 15:49:17 #8 type.registry] 
New type domain.Transaction

[2026-04-12 15:49:17 #9 type] 
Type domain.Seller is not enhanced.

[2026-04-12 15:49:17 #10 type.registry] 
New type domain.Sale

[2026-04-12 15:49:17 #11 type] 
Type domain.ProposedSale is not enhanced.

[2026-04-12 15:49:17 #12 type.registry] 
New type domain.Valoracion

[2026-04-12 15:49:17 #13 type] 
Type domain.Transaction is not enhanced.

[2026-04-12 15:49:17 #14 type.registry] 
New type domain.Transaction$TransactionType

[2026-04-12 15:49:17 #15 type] 
Type domain.Sale is not enhanced.

[2026-04-12 15:49:17 #16 type] 
Type domain.Valoracion is not enhanced.

[2026-04-12 15:49:17 #17 type.registry] 
New type java.util.ArrayList<java.lang.Object>

[2026-04-12 15:49:17 #18 type.registry] 
New type java.util.ArrayList<domain.ProposedSale>

[2026-04-12 15:49:17 #19 type.registry] 
New type java.util.ArrayList<domain.Sale>

[2026-04-12 15:49:17 #20 type.registry] 
New type java.util.ArrayList<domain.Transaction>

[2026-04-12 15:49:29 #21 type.registry] 
New type com.objectdb.o.LMT

[2026-04-12 15:49:29 #22 type.registry] 
New type com.objectdb.o.VAL

[2026-04-12 15:49:29 #23 type.registry] 
New type com.objectdb.o.RFV

------------------------------------------------------------------------------------------------------------------------

[2026-04-12 15:56:00 #1 store] 
Database 'C:\Users\kenne\git\market26\src\main\resources\products.temp' is opened by 31056@Traspié

[2026-04-12 15:56:00 #2 type.registry] 
New type domain.User

[2026-04-12 15:56:00 #3 type.registry] 
New type domain.Buyer

[2026-04-12 15:56:00 #4 type.registry] 
New type domain.Seller

[2026-04-12 15:56:00 #5 type] 
Type domain.User is not enhanced.

[2026-04-12 15:56:00 #6 type] 
Type domain.Buyer is not enhanced.

[2026-04-12 15:56:00 #7 type.registry] 
New type domain.ProposedSale

[2026-04-12 15:56:00 #8 type.registry] 
New type domain.Transaction

[2026-04-12 15:56:00 #9 type] 
Type domain.Seller is not enhanced.

[2026-04-12 15:56:00 #10 type.registry] 
New type domain.Sale

[2026-04-12 15:56:00 #11 type] 
Type domain.ProposedSale is not enhanced.

[2026-04-12 15:56:00 #12 type.registry] 
New type domain.Valoracion

[2026-04-12 15:56:00 #13 type] 
Type domain.Transaction is not enhanced.

[2026-04-12 15:56:00 #14 type.registry] 
New type domain.Transaction$TransactionType

[2026-04-12 15:56:00 #15 type] 
Type domain.Sale is not enhanced.

[2026-04-12 15:56:00 #16 type] 
Type domain.Valoracion is not enhanced.

[2026-04-12 15:56:00 #17 type.registry] 
New type java.util.ArrayList<java.lang.Object>

[2026-04-12 15:56:00 #18 type.registry] 
New type java.util.ArrayList<domain.ProposedSale>

[2026-04-12 15:56:00 #19 type.registry] 
New type java.util.ArrayList<domain.Sale>

[2026-04-12 15:56:00 #20 type.registry] 
New type java.util.ArrayList<domain.Transaction>

[2026-04-12 15:56:10 #21 type.registry] 
New type com.objectdb.o.LMT

[2026-04-12 15:56:10 #22 type.registry] 
New type com.objectdb.o.VAL

[2026-04-12 15:56:10 #23 type.registry] 
New type com.objectdb.o.RFV

------------------------------------------------------------------------------------------------------------------------

[2026-04-12 16:01:05 #1 store] 
Database 'C:\Users\kenne\git\market26\src\main\resources\products.temp' is opened by 12984@Traspié

[2026-04-12 16:01:06 #2 type.registry] 
New type domain.User

[2026-04-12 16:01:06 #3 type.registry] 
New type domain.Buyer

[2026-04-12 16:01:06 #4 type.registry] 
New type domain.Seller

[2026-04-12 16:01:06 #5 type] 
Type domain.User is not enhanced.

[2026-04-12 16:01:06 #6 type] 
Type domain.Buyer is not enhanced.

[2026-04-12 16:01:06 #7 type.registry] 
New type domain.ProposedSale

[2026-04-12 16:01:06 #8 type.registry] 
New type domain.Transaction

[2026-04-12 16:01:06 #9 type] 
Type domain.Seller is not enhanced.

[2026-04-12 16:01:06 #10 type.registry] 
New type domain.Sale

[2026-04-12 16:01:06 #11 type] 
Type domain.ProposedSale is not enhanced.

[2026-04-12 16:01:06 #12 type.registry] 
New type domain.Valoracion

[2026-04-12 16:01:06 #13 type] 
Type domain.Transaction is not enhanced.

[2026-04-12 16:01:06 #14 type.registry] 
New type domain.Transaction$TransactionType

[2026-04-12 16:01:06 #15 type] 
Type domain.Sale is not enhanced.

[2026-04-12 16:01:06 #16 type] 
Type domain.Valoracion is not enhanced.

[2026-04-12 16:01:06 #17 type.registry] 
New type java.util.ArrayList<java.lang.Object>

[2026-04-12 16:01:06 #18 type.registry] 
New type java.util.ArrayList<domain.ProposedSale>

[2026-04-12 16:01:06 #19 type.registry] 
New type java.util.ArrayList<domain.Sale>

[2026-04-12 16:01:06 #20 type.registry] 
New type java.util.ArrayList<domain.Transaction>

[2026-04-12 16:01:26 #21 type.registry] 
New type com.objectdb.o.LMT

[2026-04-12 16:01:26 #22 type.registry] 
New type com.objectdb.o.VAL

[2026-04-12 16:01:26 #23 type.registry] 
New type com.objectdb.o.RFV

------------------------------------------------------------------------------------------------------------------------

[2026-04-12 16:06:15 #1 store] 
Database 'C:\Users\kenne\git\market26\src\main\resources\products.temp' is opened by 33408@Traspié

[2026-04-12 16:06:15 #2 type.registry] 
New type domain.User

[2026-04-12 16:06:15 #3 type.registry] 
New type domain.Buyer

[2026-04-12 16:06:15 #4 type.registry] 
New type domain.Seller

[2026-04-12 16:06:15 #5 type] 
Type domain.User is not enhanced.

[2026-04-12 16:06:15 #6 type] 
Type domain.Buyer is not enhanced.

[2026-04-12 16:06:15 #7 type.registry] 
New type domain.ProposedSale

[2026-04-12 16:06:15 #8 type.registry] 
New type domain.Transaction

[2026-04-12 16:06:15 #9 type] 
Type domain.Seller is not enhanced.

[2026-04-12 16:06:15 #10 type.registry] 
New type domain.Sale

[2026-04-12 16:06:15 #11 type] 
Type domain.ProposedSale is not enhanced.

[2026-04-12 16:06:15 #12 type.registry] 
New type domain.Valoracion

[2026-04-12 16:06:15 #13 type] 
Type domain.Transaction is not enhanced.

[2026-04-12 16:06:15 #14 type.registry] 
New type domain.Transaction$TransactionType

[2026-04-12 16:06:15 #15 type] 
Type domain.Sale is not enhanced.

[2026-04-12 16:06:15 #16 type] 
Type domain.Valoracion is not enhanced.

[2026-04-12 16:06:15 #17 type.registry] 
New type java.util.ArrayList<java.lang.Object>

[2026-04-12 16:06:15 #18 type.registry] 
New type java.util.ArrayList<domain.ProposedSale>

[2026-04-12 16:06:15 #19 type.registry] 
New type java.util.ArrayList<domain.Sale>

[2026-04-12 16:06:15 #20 type.registry] 
New type java.util.ArrayList<domain.Transaction>

[2026-04-12 16:06:38 #21 type.registry] 
New type com.objectdb.o.LMT

[2026-04-12 16:06:38 #22 type.registry] 
New type com.objectdb.o.VAL

[2026-04-12 16:06:38 #23 type.registry] 
New type com.objectdb.o.RFV

------------------------------------------------------------------------------------------------------------------------

[2026-04-12 16:10:06 #1 store] 
Database 'C:\Users\kenne\git\market26\src\main\resources\products.temp' is opened by 33148@Traspié

[2026-04-12 16:10:06 #2 type.registry] 
New type domain.User

[2026-04-12 16:10:06 #3 type.registry] 
New type domain.Buyer

[2026-04-12 16:10:06 #4 type.registry] 
New type domain.Seller

[2026-04-12 16:10:06 #5 type] 
Type domain.User is not enhanced.

[2026-04-12 16:10:06 #6 type] 
Type domain.Buyer is not enhanced.

[2026-04-12 16:10:06 #7 type.registry] 
New type domain.ProposedSale

[2026-04-12 16:10:06 #8 type.registry] 
New type domain.Transaction

[2026-04-12 16:10:06 #9 type] 
Type domain.Seller is not enhanced.

[2026-04-12 16:10:06 #10 type.registry] 
New type domain.Sale

[2026-04-12 16:10:06 #11 type] 
Type domain.ProposedSale is not enhanced.

[2026-04-12 16:10:06 #12 type.registry] 
New type domain.Valoracion

[2026-04-12 16:10:06 #13 type] 
Type domain.Transaction is not enhanced.

[2026-04-12 16:10:06 #14 type.registry] 
New type domain.Transaction$TransactionType

[2026-04-12 16:10:06 #15 type] 
Type domain.Sale is not enhanced.

[2026-04-12 16:10:06 #16 type] 
Type domain.Valoracion is not enhanced.

[2026-04-12 16:10:07 #17 type.registry] 
New type java.util.ArrayList<java.lang.Object>

[2026-04-12 16:10:07 #18 type.registry] 
New type java.util.ArrayList<domain.ProposedSale>

[2026-04-12 16:10:07 #19 type.registry] 
New type java.util.ArrayList<domain.Sale>

[2026-04-12 16:10:07 #20 type.registry] 
New type java.util.ArrayList<domain.Transaction>

[2026-04-12 16:10:25 #21 type.registry] 
New type com.objectdb.o.LMT

[2026-04-12 16:10:25 #22 type.registry] 
New type com.objectdb.o.VAL

[2026-04-12 16:10:25 #23 type.registry] 
New type com.objectdb.o.RFV

------------------------------------------------------------------------------------------------------------------------

[2026-04-12 16:29:09 #1 store] 
Database 'C:\Users\kenne\git\market26\src\main\resources\products.temp' is opened by 26632@Traspié

[2026-04-12 16:29:09 #2 type.registry] 
New type domain.User

[2026-04-12 16:29:09 #3 type.registry] 
New type domain.Buyer

[2026-04-12 16:29:09 #4 type.registry] 
New type domain.Seller

[2026-04-12 16:29:09 #5 type] 
Type domain.User is not enhanced.

[2026-04-12 16:29:09 #6 type] 
Type domain.Buyer is not enhanced.

[2026-04-12 16:29:09 #7 type.registry] 
New type domain.ProposedSale

[2026-04-12 16:29:09 #8 type.registry] 
New type domain.Transaction

[2026-04-12 16:29:09 #9 type] 
Type domain.Seller is not enhanced.

[2026-04-12 16:29:09 #10 type.registry] 
New type domain.Sale

[2026-04-12 16:29:09 #11 type] 
Type domain.ProposedSale is not enhanced.

[2026-04-12 16:29:09 #12 type.registry] 
New type domain.Valoracion

[2026-04-12 16:29:09 #13 type] 
Type domain.Transaction is not enhanced.

[2026-04-12 16:29:09 #14 type.registry] 
New type domain.Transaction$TransactionType

[2026-04-12 16:29:09 #15 type] 
Type domain.Sale is not enhanced.

[2026-04-12 16:29:09 #16 type] 
Type domain.Valoracion is not enhanced.

[2026-04-12 16:29:09 #17 type.registry] 
New type java.util.ArrayList<java.lang.Object>

[2026-04-12 16:29:09 #18 type.registry] 
New type java.util.ArrayList<domain.ProposedSale>

[2026-04-12 16:29:09 #19 type.registry] 
New type java.util.ArrayList<domain.Sale>

[2026-04-12 16:29:09 #20 type.registry] 
New type java.util.ArrayList<domain.Transaction>

[2026-04-12 16:29:47 #21 type.registry] 
New type com.objectdb.o.LMT

[2026-04-12 16:29:47 #22 type.registry] 
New type com.objectdb.o.VAL

[2026-04-12 16:29:47 #23 type.registry] 
New type com.objectdb.o.RFV

------------------------------------------------------------------------------------------------------------------------

[2026-04-12 16:32:26 #1 store] 
Database 'C:\Users\kenne\git\market26\src\main\resources\products.temp' is opened by 30012@Traspié

[2026-04-12 16:32:26 #2 type.registry] 
New type domain.User

[2026-04-12 16:32:26 #3 type.registry] 
New type domain.Buyer

[2026-04-12 16:32:26 #4 type.registry] 
New type domain.Seller

[2026-04-12 16:32:26 #5 type] 
Type domain.User is not enhanced.

[2026-04-12 16:32:26 #6 type] 
Type domain.Buyer is not enhanced.

[2026-04-12 16:32:26 #7 type.registry] 
New type domain.ProposedSale

[2026-04-12 16:32:26 #8 type.registry] 
New type domain.Transaction

[2026-04-12 16:32:26 #9 type] 
Type domain.Seller is not enhanced.

[2026-04-12 16:32:26 #10 type.registry] 
New type domain.Sale

[2026-04-12 16:32:26 #11 type] 
Type domain.ProposedSale is not enhanced.

[2026-04-12 16:32:26 #12 type.registry] 
New type domain.Valoracion

[2026-04-12 16:32:26 #13 type] 
Type domain.Transaction is not enhanced.

[2026-04-12 16:32:26 #14 type.registry] 
New type domain.Transaction$TransactionType

[2026-04-12 16:32:26 #15 type] 
Type domain.Sale is not enhanced.

[2026-04-12 16:32:26 #16 type] 
Type domain.Valoracion is not enhanced.

[2026-04-12 16:32:26 #17 type.registry] 
New type java.util.ArrayList<java.lang.Object>

[2026-04-12 16:32:26 #18 type.registry] 
New type java.util.ArrayList<domain.ProposedSale>

[2026-04-12 16:32:26 #19 type.registry] 
New type java.util.ArrayList<domain.Sale>

[2026-04-12 16:32:26 #20 type.registry] 
New type java.util.ArrayList<domain.Transaction>

[2026-04-12 16:32:36 #21 type.registry] 
New type com.objectdb.o.LMT

[2026-04-12 16:32:36 #22 type.registry] 
New type com.objectdb.o.VAL

[2026-04-12 16:32:36 #23 type.registry] 
New type com.objectdb.o.RFV

------------------------------------------------------------------------------------------------------------------------

[2026-04-12 17:27:02 #1 store] 
Database 'C:\Users\kenne\git\market26\src\main\resources\products.temp' is opened by 33356@Traspié

[2026-04-12 17:27:02 #2 type.registry] 
New type domain.User

[2026-04-12 17:27:02 #3 type.registry] 
New type domain.Buyer

[2026-04-12 17:27:02 #4 type.registry] 
New type domain.Seller

[2026-04-12 17:27:02 #5 type] 
Type domain.User is not enhanced.

[2026-04-12 17:27:02 #6 type] 
Type domain.Buyer is not enhanced.

[2026-04-12 17:27:02 #7 type.registry] 
New type domain.ProposedSale

[2026-04-12 17:27:02 #8 type.registry] 
New type domain.Transaction

[2026-04-12 17:27:03 #9 type] 
Type domain.Seller is not enhanced.

[2026-04-12 17:27:03 #10 type.registry] 
New type domain.Sale

[2026-04-12 17:27:03 #11 type] 
Type domain.ProposedSale is not enhanced.

[2026-04-12 17:27:03 #12 type.registry] 
New type domain.Valoracion

[2026-04-12 17:27:03 #13 type] 
Type domain.Transaction is not enhanced.

[2026-04-12 17:27:03 #14 type.registry] 
New type domain.Transaction$TransactionType

[2026-04-12 17:27:03 #15 type] 
Type domain.Sale is not enhanced.

[2026-04-12 17:27:03 #16 type] 
Type domain.Valoracion is not enhanced.

[2026-04-12 17:27:03 #17 type.registry] 
New type java.util.ArrayList<java.lang.Object>

[2026-04-12 17:27:03 #18 type.registry] 
New type java.util.ArrayList<domain.ProposedSale>

[2026-04-12 17:27:03 #19 type.registry] 
New type java.util.ArrayList<domain.Sale>

[2026-04-12 17:27:03 #20 type.registry] 
New type java.util.ArrayList<domain.Transaction>

------------------------------------------------------------------------------------------------------------------------

[2026-04-12 17:28:02 #1 store] 
Database 'C:\Users\kenne\git\market26\src\main\resources\products.temp' is opened by 23936@Traspié

[2026-04-12 17:28:02 #2 type.registry] 
New type domain.User

[2026-04-12 17:28:02 #3 type.registry] 
New type domain.Buyer

[2026-04-12 17:28:02 #4 type.registry] 
New type domain.Seller

[2026-04-12 17:28:02 #5 type] 
Type domain.User is not enhanced.

[2026-04-12 17:28:02 #6 type] 
Type domain.Buyer is not enhanced.

[2026-04-12 17:28:02 #7 type.registry] 
New type domain.ProposedSale

[2026-04-12 17:28:02 #8 type.registry] 
New type domain.Transaction

[2026-04-12 17:28:02 #9 type] 
Type domain.Seller is not enhanced.

[2026-04-12 17:28:02 #10 type.registry] 
New type domain.Sale

[2026-04-12 17:28:02 #11 type] 
Type domain.ProposedSale is not enhanced.

[2026-04-12 17:28:02 #12 type.registry] 
New type domain.Valoracion

[2026-04-12 17:28:02 #13 type] 
Type domain.Transaction is not enhanced.

[2026-04-12 17:28:02 #14 type.registry] 
New type domain.Transaction$TransactionType

[2026-04-12 17:28:02 #15 type] 
Type domain.Sale is not enhanced.

[2026-04-12 17:28:02 #16 type] 
Type domain.Valoracion is not enhanced.

[2026-04-12 17:28:02 #17 type.registry] 
New type java.util.ArrayList<java.lang.Object>

[2026-04-12 17:28:02 #18 type.registry] 
New type java.util.ArrayList<domain.ProposedSale>

[2026-04-12 17:28:02 #19 type.registry] 
New type java.util.ArrayList<domain.Sale>

[2026-04-12 17:28:03 #20 type.registry] 
New type java.util.ArrayList<domain.Transaction>

[2026-04-12 17:28:26 #21 type.registry] 
New type com.objectdb.o.LMT

[2026-04-12 17:28:26 #22 type.registry] 
New type com.objectdb.o.VAL

[2026-04-12 17:28:26 #23 type.registry] 
New type com.objectdb.o.RFV

------------------------------------------------------------------------------------------------------------------------

[2026-04-12 17:37:21 #1 store] 
Database 'C:\Users\kenne\git\market26\src\main\resources\products.temp' is opened by 1592@Traspié

[2026-04-12 17:37:22 #2 type.registry] 
New type domain.User

[2026-04-12 17:37:22 #3 type.registry] 
New type domain.Buyer

[2026-04-12 17:37:22 #4 type.registry] 
New type domain.Seller

[2026-04-12 17:37:22 #5 type] 
Type domain.User is not enhanced.

[2026-04-12 17:37:22 #6 type] 
Type domain.Buyer is not enhanced.

[2026-04-12 17:37:22 #7 type.registry] 
New type domain.ProposedSale

[2026-04-12 17:37:22 #8 type.registry] 
New type domain.Transaction

[2026-04-12 17:37:22 #9 type] 
Type domain.Seller is not enhanced.

[2026-04-12 17:37:22 #10 type.registry] 
New type domain.Sale

[2026-04-12 17:37:22 #11 type] 
Type domain.ProposedSale is not enhanced.

[2026-04-12 17:37:22 #12 type.registry] 
New type domain.Valoracion

[2026-04-12 17:37:22 #13 type] 
Type domain.Transaction is not enhanced.

[2026-04-12 17:37:22 #14 type.registry] 
New type domain.Transaction$TransactionType

[2026-04-12 17:37:22 #15 type] 
Type domain.Sale is not enhanced.

[2026-04-12 17:37:22 #16 type] 
Type domain.Valoracion is not enhanced.

[2026-04-12 17:37:22 #17 type.registry] 
New type java.util.ArrayList<java.lang.Object>

[2026-04-12 17:37:22 #18 type.registry] 
New type java.util.ArrayList<domain.ProposedSale>

[2026-04-12 17:37:22 #19 type.registry] 
New type java.util.ArrayList<domain.Sale>

[2026-04-12 17:37:22 #20 type.registry] 
New type java.util.ArrayList<domain.Transaction>

[2026-04-12 17:37:34 #21 type.registry] 
New type com.objectdb.o.LMT

[2026-04-12 17:37:34 #22 type.registry] 
New type com.objectdb.o.VAL

[2026-04-12 17:37:34 #23 type.registry] 
New type com.objectdb.o.RFV

------------------------------------------------------------------------------------------------------------------------

[2026-04-12 17:42:56 #1 store] 
Database 'C:\Users\kenne\git\market26\src\main\resources\products.temp' is opened by 14380@Traspié

[2026-04-12 17:42:56 #2 type.registry] 
New type domain.User

[2026-04-12 17:42:56 #3 type.registry] 
New type domain.Buyer

[2026-04-12 17:42:56 #4 type.registry] 
New type domain.Seller

[2026-04-12 17:42:56 #5 type] 
Type domain.User is not enhanced.

[2026-04-12 17:42:56 #6 type] 
Type domain.Buyer is not enhanced.

[2026-04-12 17:42:56 #7 type.registry] 
New type domain.ProposedSale

[2026-04-12 17:42:56 #8 type.registry] 
New type domain.Transaction

[2026-04-12 17:42:56 #9 type] 
Type domain.Seller is not enhanced.

[2026-04-12 17:42:56 #10 type.registry] 
New type domain.Sale

[2026-04-12 17:42:56 #11 type] 
Type domain.ProposedSale is not enhanced.

[2026-04-12 17:42:56 #12 type.registry] 
New type domain.Valoracion

[2026-04-12 17:42:56 #13 type] 
Type domain.Transaction is not enhanced.

[2026-04-12 17:42:56 #14 type.registry] 
New type domain.Transaction$TransactionType

[2026-04-12 17:42:56 #15 type] 
Type domain.Sale is not enhanced.

[2026-04-12 17:42:56 #16 type] 
Type domain.Valoracion is not enhanced.

[2026-04-12 17:42:56 #17 type.registry] 
New type java.util.ArrayList<java.lang.Object>

[2026-04-12 17:42:56 #18 type.registry] 
New type java.util.ArrayList<domain.ProposedSale>

[2026-04-12 17:42:56 #19 type.registry] 
New type java.util.ArrayList<domain.Sale>

[2026-04-12 17:42:56 #20 type.registry] 
New type java.util.ArrayList<domain.Transaction>

[2026-04-12 17:43:06 #21 type.registry] 
New type com.objectdb.o.LMT

[2026-04-12 17:43:06 #22 type.registry] 
New type com.objectdb.o.VAL

[2026-04-12 17:43:06 #23 type.registry] 
New type com.objectdb.o.RFV

------------------------------------------------------------------------------------------------------------------------

[2026-04-12 17:44:20 #1 store] 
Database 'C:\Users\kenne\git\market26\src\main\resources\products.temp' is opened by 20632@Traspié

[2026-04-12 17:44:20 #2 type.registry] 
New type domain.User

[2026-04-12 17:44:20 #3 type.registry] 
New type domain.Buyer

[2026-04-12 17:44:20 #4 type.registry] 
New type domain.Seller

[2026-04-12 17:44:20 #5 type] 
Type domain.User is not enhanced.

[2026-04-12 17:44:20 #6 type] 
Type domain.Buyer is not enhanced.

[2026-04-12 17:44:20 #7 type.registry] 
New type domain.ProposedSale

[2026-04-12 17:44:20 #8 type.registry] 
New type domain.Transaction

[2026-04-12 17:44:20 #9 type] 
Type domain.Seller is not enhanced.

[2026-04-12 17:44:20 #10 type.registry] 
New type domain.Sale

[2026-04-12 17:44:20 #11 type] 
Type domain.ProposedSale is not enhanced.

[2026-04-12 17:44:20 #12 type.registry] 
New type domain.Valoracion

[2026-04-12 17:44:20 #13 type] 
Type domain.Transaction is not enhanced.

[2026-04-12 17:44:20 #14 type.registry] 
New type domain.Transaction$TransactionType

[2026-04-12 17:44:20 #15 type] 
Type domain.Sale is not enhanced.

[2026-04-12 17:44:20 #16 type] 
Type domain.Valoracion is not enhanced.

[2026-04-12 17:44:20 #17 type.registry] 
New type java.util.ArrayList<java.lang.Object>

[2026-04-12 17:44:20 #18 type.registry] 
New type java.util.ArrayList<domain.ProposedSale>

[2026-04-12 17:44:20 #19 type.registry] 
New type java.util.ArrayList<domain.Sale>

[2026-04-12 17:44:20 #20 type.registry] 
New type java.util.ArrayList<domain.Transaction>

[2026-04-12 17:44:34 #21 type.registry] 
New type com.objectdb.o.LMT

[2026-04-12 17:44:34 #22 type.registry] 
New type com.objectdb.o.VAL

[2026-04-12 17:44:34 #23 type.registry] 
New type com.objectdb.o.RFV

------------------------------------------------------------------------------------------------------------------------

[2026-04-12 17:48:40 #1 store] 
Database 'C:\Users\kenne\git\market26\src\main\resources\products.temp' is opened by 25704@Traspié

[2026-04-12 17:48:40 #2 type.registry] 
New type domain.User

[2026-04-12 17:48:40 #3 type.registry] 
New type domain.Buyer

[2026-04-12 17:48:40 #4 type.registry] 
New type domain.Seller

[2026-04-12 17:48:40 #5 type] 
Type domain.User is not enhanced.

[2026-04-12 17:48:40 #6 type] 
Type domain.Buyer is not enhanced.

[2026-04-12 17:48:40 #7 type.registry] 
New type domain.ProposedSale

[2026-04-12 17:48:40 #8 type.registry] 
New type domain.Transaction

[2026-04-12 17:48:40 #9 type] 
Type domain.Seller is not enhanced.

[2026-04-12 17:48:40 #10 type.registry] 
New type domain.Sale

[2026-04-12 17:48:40 #11 type] 
Type domain.ProposedSale is not enhanced.

[2026-04-12 17:48:40 #12 type.registry] 
New type domain.Valoracion

[2026-04-12 17:48:40 #13 type] 
Type domain.Transaction is not enhanced.

[2026-04-12 17:48:40 #14 type.registry] 
New type domain.Transaction$TransactionType

[2026-04-12 17:48:40 #15 type] 
Type domain.Sale is not enhanced.

[2026-04-12 17:48:40 #16 type] 
Type domain.Valoracion is not enhanced.

[2026-04-12 17:48:40 #17 type.registry] 
New type java.util.ArrayList<java.lang.Object>

[2026-04-12 17:48:40 #18 type.registry] 
New type java.util.ArrayList<domain.ProposedSale>

[2026-04-12 17:48:40 #19 type.registry] 
New type java.util.ArrayList<domain.Sale>

[2026-04-12 17:48:40 #20 type.registry] 
New type java.util.ArrayList<domain.Transaction>

[2026-04-12 17:48:55 #21 type.registry] 
New type com.objectdb.o.LMT

[2026-04-12 17:48:55 #22 type.registry] 
New type com.objectdb.o.VAL

[2026-04-12 17:48:55 #23 type.registry] 
New type com.objectdb.o.RFV

------------------------------------------------------------------------------------------------------------------------

[2026-04-12 17:49:56 #1 store] 
Database 'C:\Users\kenne\git\market26\src\main\resources\products.temp' is opened by 20536@Traspié

[2026-04-12 17:49:56 #2 type.registry] 
New type domain.User

[2026-04-12 17:49:56 #3 type.registry] 
New type domain.Buyer

[2026-04-12 17:49:56 #4 type.registry] 
New type domain.Seller

[2026-04-12 17:49:56 #5 type] 
Type domain.User is not enhanced.

[2026-04-12 17:49:56 #6 type] 
Type domain.Buyer is not enhanced.

[2026-04-12 17:49:56 #7 type.registry] 
New type domain.ProposedSale

[2026-04-12 17:49:56 #8 type.registry] 
New type domain.Transaction

[2026-04-12 17:49:56 #9 type] 
Type domain.Seller is not enhanced.

[2026-04-12 17:49:56 #10 type.registry] 
New type domain.Sale

[2026-04-12 17:49:56 #11 type] 
Type domain.ProposedSale is not enhanced.

[2026-04-12 17:49:56 #12 type.registry] 
New type domain.Valoracion

[2026-04-12 17:49:56 #13 type] 
Type domain.Transaction is not enhanced.

[2026-04-12 17:49:56 #14 type.registry] 
New type domain.Transaction$TransactionType

[2026-04-12 17:49:56 #15 type] 
Type domain.Sale is not enhanced.

[2026-04-12 17:49:56 #16 type] 
Type domain.Valoracion is not enhanced.

[2026-04-12 17:49:56 #17 type.registry] 
New type java.util.ArrayList<java.lang.Object>

[2026-04-12 17:49:56 #18 type.registry] 
New type java.util.ArrayList<domain.ProposedSale>

[2026-04-12 17:49:56 #19 type.registry] 
New type java.util.ArrayList<domain.Sale>

[2026-04-12 17:49:56 #20 type.registry] 
New type java.util.ArrayList<domain.Transaction>

[2026-04-12 17:50:14 #21 type.registry] 
New type com.objectdb.o.LMT

[2026-04-12 17:50:14 #22 type.registry] 
New type com.objectdb.o.VAL

[2026-04-12 17:50:14 #23 type.registry] 
New type com.objectdb.o.RFV

------------------------------------------------------------------------------------------------------------------------

[2026-04-12 17:50:25 #1 store] 
Database 'C:\Users\kenne\git\market26\src\main\resources\products.temp' is opened by 13064@Traspié

[2026-04-12 17:50:25 #2 type.registry] 
New type domain.User

[2026-04-12 17:50:25 #3 type.registry] 
New type domain.Buyer

[2026-04-12 17:50:25 #4 type.registry] 
New type domain.Seller

[2026-04-12 17:50:25 #5 type] 
Type domain.User is not enhanced.

[2026-04-12 17:50:25 #6 type] 
Type domain.Buyer is not enhanced.

[2026-04-12 17:50:25 #7 type.registry] 
New type domain.ProposedSale

[2026-04-12 17:50:25 #8 type.registry] 
New type domain.Transaction

[2026-04-12 17:50:25 #9 type] 
Type domain.Seller is not enhanced.

[2026-04-12 17:50:25 #10 type.registry] 
New type domain.Sale

[2026-04-12 17:50:25 #11 type] 
Type domain.ProposedSale is not enhanced.

[2026-04-12 17:50:25 #12 type.registry] 
New type domain.Valoracion

[2026-04-12 17:50:25 #13 type] 
Type domain.Transaction is not enhanced.

[2026-04-12 17:50:25 #14 type.registry] 
New type domain.Transaction$TransactionType

[2026-04-12 17:50:25 #15 type] 
Type domain.Sale is not enhanced.

[2026-04-12 17:50:25 #16 type] 
Type domain.Valoracion is not enhanced.

[2026-04-12 17:50:25 #17 type.registry] 
New type java.util.ArrayList<java.lang.Object>

[2026-04-12 17:50:25 #18 type.registry] 
New type java.util.ArrayList<domain.ProposedSale>

[2026-04-12 17:50:25 #19 type.registry] 
New type java.util.ArrayList<domain.Sale>

[2026-04-12 17:50:25 #20 type.registry] 
New type java.util.ArrayList<domain.Transaction>

[2026-04-12 17:50:40 #21 type.registry] 
New type com.objectdb.o.LMT

[2026-04-12 17:50:40 #22 type.registry] 
New type com.objectdb.o.VAL

[2026-04-12 17:50:40 #23 type.registry] 
New type com.objectdb.o.RFV

