------------------------------------------------------------------------------------------------------------------------

[2026-04-10 10:16:12 #1 store] 
Database 'C:\Users\IKER\Desktop\market26\src\main\resources\products.temp' is opened by 12716@LAPTOP-SBTTNCFP

[2026-04-10 10:16:12 #2 type] 
Type domain.User is not enhanced.

[2026-04-10 10:16:12 #3 type] 
Type domain.Buyer is not enhanced.

[2026-04-10 10:16:12 #4 type] 
Type domain.Seller is not enhanced.

[2026-04-10 10:16:12 #5 type] 
Type domain.ProposedSale is not enhanced.

[2026-04-10 10:16:12 #6 type] 
Type domain.Sale is not enhanced.

[2026-04-10 10:16:12 #7 type] 
Type domain.Transaction is not enhanced.

------------------------------------------------------------------------------------------------------------------------

[2026-04-10 10:19:28 #1 store] 
Database 'C:\Users\IKER\Desktop\market26\src\main\resources\products.temp' is opened by 23140@LAPTOP-SBTTNCFP

[2026-04-10 10:19:28 #2 type] 
Type domain.User is not enhanced.

[2026-04-10 10:19:28 #3 type] 
Type domain.Buyer is not enhanced.

[2026-04-10 10:19:28 #4 type] 
Type domain.Seller is not enhanced.

[2026-04-10 10:19:28 #5 type] 
Type domain.ProposedSale is not enhanced.

[2026-04-10 10:19:28 #6 type] 
Type domain.Sale is not enhanced.

[2026-04-10 10:19:28 #7 type] 
Type domain.Transaction is not enhanced.

------------------------------------------------------------------------------------------------------------------------

[2026-04-10 10:21:01 #1 store] 
Database 'C:\Users\IKER\Desktop\market26\src\main\resources\products.temp' is opened by 1924@LAPTOP-SBTTNCFP

[2026-04-10 10:21:01 #2 type] 
Type domain.User is not enhanced.

[2026-04-10 10:21:01 #3 type] 
Type domain.Buyer is not enhanced.

[2026-04-10 10:21:01 #4 type] 
Type domain.Seller is not enhanced.

[2026-04-10 10:21:01 #5 type] 
Type domain.ProposedSale is not enhanced.

[2026-04-10 10:21:01 #6 type] 
Type domain.Sale is not enhanced.

[2026-04-10 10:21:01 #7 type] 
Type domain.Transaction is not enhanced.

------------------------------------------------------------------------------------------------------------------------

[2026-04-10 10:24:39 #1 store] 
Database 'C:\Users\IKER\Desktop\market26\src\main\resources\products.temp' has been recovered (tr. 48-48)

[2026-04-10 10:24:39 #2 store] 
Database 'C:\Users\IKER\Desktop\market26\src\main\resources\products.temp' is opened by 6412@LAPTOP-SBTTNCFP

[2026-04-10 10:24:39 #3 type] 
Type domain.User is not enhanced.

[2026-04-10 10:24:39 #4 type] 
Type domain.Buyer is not enhanced.

[2026-04-10 10:24:39 #5 type] 
Type domain.Seller is not enhanced.

[2026-04-10 10:24:39 #6 type] 
Type domain.ProposedSale is not enhanced.

[2026-04-10 10:24:39 #7 type] 
Type domain.Sale is not enhanced.

[2026-04-10 10:24:39 #8 type] 
Type domain.Transaction is not enhanced.

------------------------------------------------------------------------------------------------------------------------

[2026-04-10 10:27:46 #1 store] 
Database 'C:\Users\IKER\Desktop\market26\src\main\resources\products.temp' is opened by 12616@LAPTOP-SBTTNCFP

[2026-04-10 10:27:46 #2 type] 
Type domain.User is not enhanced.

[2026-04-10 10:27:46 #3 type] 
Type domain.Buyer is not enhanced.

[2026-04-10 10:27:46 #4 type] 
Type domain.Seller is not enhanced.

[2026-04-10 10:27:46 #5 type] 
Type domain.ProposedSale is not enhanced.

[2026-04-10 10:27:46 #6 type] 
Type domain.Sale is not enhanced.

[2026-04-10 10:27:46 #7 type] 
Type domain.Transaction is not enhanced.

------------------------------------------------------------------------------------------------------------------------

[2026-04-10 10:32:09 #1 store] 
Database 'C:\Users\IKER\Desktop\market26\src\main\resources\products.temp' has been recovered (tr. 46-48)

[2026-04-10 10:32:09 #2 store] 
Database 'C:\Users\IKER\Desktop\market26\src\main\resources\products.temp' is opened by 2280@LAPTOP-SBTTNCFP

[2026-04-10 10:32:09 #3 type] 
Type domain.User is not enhanced.

[2026-04-10 10:32:09 #4 type] 
Type domain.Buyer is not enhanced.

[2026-04-10 10:32:09 #5 type] 
Type domain.Seller is not enhanced.

[2026-04-10 10:32:09 #6 type] 
Type domain.ProposedSale is not enhanced.

[2026-04-10 10:32:09 #7 type] 
Type domain.Sale is not enhanced.

[2026-04-10 10:32:09 #8 type] 
Type domain.Transaction is not enhanced.

------------------------------------------------------------------------------------------------------------------------

[2026-04-10 11:02:16 #1 store] 
Database 'C:\Users\IKER\Desktop\market26\src\main\resources\products.temp' is opened by 16260@LAPTOP-SBTTNCFP

[2026-04-10 11:02:16 #2 type] 
Type domain.User is not enhanced.

[2026-04-10 11:02:17 #3 type] 
Type domain.Buyer is not enhanced.

[2026-04-10 11:02:17 #4 type] 
Type domain.Seller is not enhanced.

[2026-04-10 11:02:17 #5 type] 
Type domain.ProposedSale is not enhanced.

[2026-04-10 11:02:17 #6 type] 
Type domain.Sale is not enhanced.

[2026-04-10 11:02:17 #7 type] 
Type domain.Transaction is not enhanced.

------------------------------------------------------------------------------------------------------------------------

[2026-04-10 11:05:58 #1 store] 
Database 'C:\Users\IKER\Desktop\market26\src\main\resources\products.temp' has been recovered (tr. 49-49)

[2026-04-10 11:05:58 #2 store] 
Database 'C:\Users\IKER\Desktop\market26\src\main\resources\products.temp' is opened by 12884@LAPTOP-SBTTNCFP

[2026-04-10 11:05:58 #3 type] 
Type domain.User is not enhanced.

[2026-04-10 11:05:58 #4 type] 
Type domain.Buyer is not enhanced.

[2026-04-10 11:05:58 #5 type] 
Type domain.Seller is not enhanced.

[2026-04-10 11:05:58 #6 type] 
Type domain.ProposedSale is not enhanced.

[2026-04-10 11:05:58 #7 type] 
Type domain.Sale is not enhanced.

[2026-04-10 11:05:58 #8 type] 
Type domain.Transaction is not enhanced.

