------------------------------------------------------------------------------------------------------------------------

[2026-03-05 10:04:53 #1 store] 
Database 'C:\Users\kenne\Documentos\Uni\2o Cuatrimestre\IS\It1\market26\Market26\src\main\resources\products.temp' is opened by 40676@Traspié

[2026-03-05 10:04:53 #2 type.registry] 
New type domain.User

[2026-03-05 10:04:53 #3 type.registry] 
New type domain.Buyer

[2026-03-05 10:04:53 #4 type.registry] 
New type domain.Seller

[2026-03-05 10:04:53 #5 type] 
Type domain.User is not enhanced.

[2026-03-05 10:04:53 #6 type] 
Type domain.Buyer is not enhanced.

[2026-03-05 10:04:53 #7 type.registry] 
New type domain.ProposedSale

[2026-03-05 10:04:53 #8 type] 
Type domain.Seller is not enhanced.

[2026-03-05 10:04:53 #9 type.registry] 
New type domain.Sale

[2026-03-05 10:04:53 #10 type] 
Type domain.ProposedSale is not enhanced.

[2026-03-05 10:04:53 #11 type] 
Type domain.Sale is not enhanced.

[2026-03-05 10:04:53 #12 type.registry] 
New type java.util.ArrayList<java.lang.Object>

[2026-03-05 10:04:53 #13 type.registry] 
New type java.util.ArrayList<domain.Sale>

[2026-03-05 10:05:00 #14 type.registry] 
New type java.util.ArrayList<domain.ProposedSale>

------------------------------------------------------------------------------------------------------------------------

[2026-03-05 10:12:14 #1 store] 
Database 'C:\Users\kenne\Documentos\Uni\2o Cuatrimestre\IS\It1\market26\Market26\src\main\resources\products.temp' is opened by 18788@Traspié

[2026-03-05 10:12:14 #2 type.registry] 
New type domain.User

[2026-03-05 10:12:14 #3 type.registry] 
New type domain.Buyer

[2026-03-05 10:12:14 #4 type.registry] 
New type domain.Seller

[2026-03-05 10:12:14 #5 type] 
Type domain.User is not enhanced.

[2026-03-05 10:12:14 #6 type] 
Type domain.Buyer is not enhanced.

[2026-03-05 10:12:14 #7 type.registry] 
New type domain.ProposedSale

[2026-03-05 10:12:14 #8 type] 
Type domain.Seller is not enhanced.

[2026-03-05 10:12:14 #9 type.registry] 
New type domain.Sale

[2026-03-05 10:12:14 #10 type] 
Type domain.ProposedSale is not enhanced.

[2026-03-05 10:12:14 #11 type] 
Type domain.Sale is not enhanced.

[2026-03-05 10:12:14 #12 type.registry] 
New type java.util.ArrayList<java.lang.Object>

[2026-03-05 10:12:14 #13 type.registry] 
New type java.util.ArrayList<domain.Sale>

[2026-03-05 10:12:14 #14 type.registry] 
New type java.util.ArrayList<domain.ProposedSale>

------------------------------------------------------------------------------------------------------------------------

[2026-03-05 10:14:33 #1 store] 
Database 'C:\Users\kenne\Documentos\Uni\2o Cuatrimestre\IS\It1\market26\Market26\src\main\resources\products.temp' is opened by 43504@Traspié

[2026-03-05 10:14:34 #2 type.registry] 
New type domain.User

[2026-03-05 10:14:34 #3 type.registry] 
New type domain.Buyer

[2026-03-05 10:14:34 #4 type.registry] 
New type domain.Seller

[2026-03-05 10:14:34 #5 type] 
Type domain.User is not enhanced.

[2026-03-05 10:14:34 #6 type] 
Type domain.Buyer is not enhanced.

[2026-03-05 10:14:34 #7 type.registry] 
New type domain.ProposedSale

[2026-03-05 10:14:34 #8 type] 
Type domain.Seller is not enhanced.

[2026-03-05 10:14:34 #9 type.registry] 
New type domain.Sale

[2026-03-05 10:14:34 #10 type] 
Type domain.ProposedSale is not enhanced.

[2026-03-05 10:14:34 #11 type] 
Type domain.Sale is not enhanced.

[2026-03-05 10:14:34 #12 type.registry] 
New type java.util.ArrayList<java.lang.Object>

[2026-03-05 10:14:34 #13 type.registry] 
New type java.util.ArrayList<domain.Sale>

[2026-03-05 10:14:34 #14 type.registry] 
New type java.util.ArrayList<domain.ProposedSale>

------------------------------------------------------------------------------------------------------------------------

[2026-03-05 10:19:14 #1 store] 
Database 'C:\Users\kenne\Documentos\Uni\2o Cuatrimestre\IS\It1\market26\Market26\src\main\resources\products.temp' is opened by 11008@Traspié

[2026-03-05 10:19:14 #2 type.registry] 
New type domain.User

[2026-03-05 10:19:14 #3 type.registry] 
New type domain.Buyer

[2026-03-05 10:19:14 #4 type.registry] 
New type domain.Seller

[2026-03-05 10:19:14 #5 type] 
Type domain.User is not enhanced.

[2026-03-05 10:19:14 #6 type] 
Type domain.Buyer is not enhanced.

[2026-03-05 10:19:14 #7 type.registry] 
New type domain.ProposedSale

[2026-03-05 10:19:14 #8 type] 
Type domain.Seller is not enhanced.

[2026-03-05 10:19:14 #9 type.registry] 
New type domain.Sale

[2026-03-05 10:19:14 #10 type] 
Type domain.ProposedSale is not enhanced.

[2026-03-05 10:19:14 #11 type] 
Type domain.Sale is not enhanced.

[2026-03-05 10:19:14 #12 type.registry] 
New type java.util.ArrayList<java.lang.Object>

[2026-03-05 10:19:14 #13 type.registry] 
New type java.util.ArrayList<domain.Sale>

[2026-03-05 10:19:14 #14 type.registry] 
New type java.util.ArrayList<domain.ProposedSale>

