------------------------------------------------------------------------------------------------------------------------

[2026-03-04 17:13:01 #1 store] 
Database 'C:\Users\kenne\Documentos\Uni\2o Cuatrimestre\IS\It1\market26\Market26\src\main\resources\products.temp' is opened by 37184@Traspié

[2026-03-04 17:13:02 #2 type.registry] 
New type domain.User

[2026-03-04 17:13:02 #3 type.registry] 
New type domain.Buyer

[2026-03-04 17:13:02 #4 type.registry] 
New type domain.Seller

[2026-03-04 17:13:02 #5 type] 
Type domain.User is not enhanced.

[2026-03-04 17:13:02 #6 type] 
Type domain.Buyer is not enhanced.

[2026-03-04 17:13:02 #7 type.registry] 
New type domain.ProposedSale

[2026-03-04 17:13:02 #8 type] 
Type domain.Seller is not enhanced.

[2026-03-04 17:13:02 #9 type.registry] 
New type domain.Sale

[2026-03-04 17:13:02 #10 type] 
Type domain.ProposedSale is not enhanced.

[2026-03-04 17:13:02 #11 type] 
Type domain.Sale is not enhanced.

[2026-03-04 17:13:02 #12 type.registry] 
New type java.util.ArrayList<java.lang.Object>

[2026-03-04 17:13:02 #13 type.registry] 
New type java.util.ArrayList<domain.Sale>

------------------------------------------------------------------------------------------------------------------------

[2026-03-04 17:13:29 #1 store] 
Database 'C:\Users\kenne\Documentos\Uni\2o Cuatrimestre\IS\It1\market26\Market26\src\main\resources\products.temp' is opened by 42560@Traspié

[2026-03-04 17:13:30 #2 type.registry] 
New type domain.User

[2026-03-04 17:13:30 #3 type.registry] 
New type domain.Buyer

[2026-03-04 17:13:30 #4 type.registry] 
New type domain.Seller

[2026-03-04 17:13:30 #5 type] 
Type domain.User is not enhanced.

[2026-03-04 17:13:30 #6 type] 
Type domain.Buyer is not enhanced.

[2026-03-04 17:13:30 #7 type.registry] 
New type domain.ProposedSale

[2026-03-04 17:13:30 #8 type] 
Type domain.Seller is not enhanced.

[2026-03-04 17:13:30 #9 type.registry] 
New type domain.Sale

[2026-03-04 17:13:30 #10 type] 
Type domain.ProposedSale is not enhanced.

[2026-03-04 17:13:30 #11 type] 
Type domain.Sale is not enhanced.

[2026-03-04 17:13:30 #12 type.registry] 
New type java.util.ArrayList<java.lang.Object>

[2026-03-04 17:13:30 #13 type.registry] 
New type java.util.ArrayList<domain.Sale>

------------------------------------------------------------------------------------------------------------------------

[2026-03-04 17:13:59 #1 store] 
Database 'C:\Users\kenne\Documentos\Uni\2o Cuatrimestre\IS\It1\market26\Market26\src\main\resources\products.temp' is opened by 40624@Traspié

[2026-03-04 17:13:59 #2 type.registry] 
New type domain.User

[2026-03-04 17:13:59 #3 type.registry] 
New type domain.Buyer

[2026-03-04 17:13:59 #4 type.registry] 
New type domain.Seller

[2026-03-04 17:13:59 #5 type] 
Type domain.User is not enhanced.

[2026-03-04 17:13:59 #6 type] 
Type domain.Buyer is not enhanced.

[2026-03-04 17:13:59 #7 type.registry] 
New type domain.ProposedSale

[2026-03-04 17:13:59 #8 type] 
Type domain.Seller is not enhanced.

[2026-03-04 17:13:59 #9 type.registry] 
New type domain.Sale

[2026-03-04 17:13:59 #10 type] 
Type domain.ProposedSale is not enhanced.

[2026-03-04 17:13:59 #11 type] 
Type domain.Sale is not enhanced.

[2026-03-04 17:13:59 #12 type.registry] 
New type java.util.ArrayList<java.lang.Object>

[2026-03-04 17:13:59 #13 type.registry] 
New type java.util.ArrayList<domain.Sale>

------------------------------------------------------------------------------------------------------------------------

[2026-03-04 17:16:16 #1 store] 
Database 'C:\Users\kenne\Documentos\Uni\2o Cuatrimestre\IS\It1\market26\Market26\src\main\resources\products.temp' is opened by 37688@Traspié

[2026-03-04 17:16:16 #2 type.registry] 
New type domain.User

[2026-03-04 17:16:16 #3 type.registry] 
New type domain.Buyer

[2026-03-04 17:16:16 #4 type.registry] 
New type domain.Seller

[2026-03-04 17:16:16 #5 type] 
Type domain.User is not enhanced.

[2026-03-04 17:16:16 #6 type] 
Type domain.Buyer is not enhanced.

[2026-03-04 17:16:16 #7 type.registry] 
New type domain.ProposedSale

[2026-03-04 17:16:16 #8 type] 
Type domain.Seller is not enhanced.

[2026-03-04 17:16:16 #9 type.registry] 
New type domain.Sale

[2026-03-04 17:16:16 #10 type] 
Type domain.ProposedSale is not enhanced.

[2026-03-04 17:16:16 #11 type] 
Type domain.Sale is not enhanced.

[2026-03-04 17:16:16 #12 type.registry] 
New type java.util.ArrayList<java.lang.Object>

[2026-03-04 17:16:16 #13 type.registry] 
New type java.util.ArrayList<domain.Sale>

[2026-03-04 17:16:31 #14 type.registry] 
New type java.util.ArrayList<domain.ProposedSale>

------------------------------------------------------------------------------------------------------------------------

[2026-03-04 18:01:59 #1 store] 
Database 'C:\Users\kenne\Documentos\Uni\2o Cuatrimestre\IS\It1\market26\Market26\src\main\resources\products.temp' is opened by 42680@Traspié

[2026-03-04 18:01:59 #2 type.registry] 
New type domain.User

[2026-03-04 18:01:59 #3 type.registry] 
New type domain.Buyer

[2026-03-04 18:01:59 #4 type.registry] 
New type domain.Seller

[2026-03-04 18:01:59 #5 type] 
Type domain.User is not enhanced.

[2026-03-04 18:01:59 #6 type] 
Type domain.Buyer is not enhanced.

[2026-03-04 18:01:59 #7 type.registry] 
New type domain.ProposedSale

[2026-03-04 18:01:59 #8 type] 
Type domain.Seller is not enhanced.

[2026-03-04 18:01:59 #9 type.registry] 
New type domain.Sale

[2026-03-04 18:01:59 #10 type] 
Type domain.ProposedSale is not enhanced.

[2026-03-04 18:01:59 #11 type] 
Type domain.Sale is not enhanced.

[2026-03-04 18:01:59 #12 type.registry] 
New type java.util.ArrayList<java.lang.Object>

[2026-03-04 18:01:59 #13 type.registry] 
New type java.util.ArrayList<domain.Sale>

------------------------------------------------------------------------------------------------------------------------

[2026-03-04 18:05:03 #1 store] 
Database 'C:\Users\kenne\Documentos\Uni\2o Cuatrimestre\IS\It1\market26\Market26\src\main\resources\products.temp' is opened by 43908@Traspié

[2026-03-04 18:05:03 #2 type.registry] 
New type domain.User

[2026-03-04 18:05:03 #3 type.registry] 
New type domain.Buyer

[2026-03-04 18:05:03 #4 type.registry] 
New type domain.Seller

[2026-03-04 18:05:03 #5 type] 
Type domain.User is not enhanced.

[2026-03-04 18:05:03 #6 type] 
Type domain.Buyer is not enhanced.

[2026-03-04 18:05:03 #7 type.registry] 
New type domain.ProposedSale

[2026-03-04 18:05:03 #8 type] 
Type domain.Seller is not enhanced.

[2026-03-04 18:05:03 #9 type.registry] 
New type domain.Sale

[2026-03-04 18:05:03 #10 type] 
Type domain.ProposedSale is not enhanced.

[2026-03-04 18:05:03 #11 type] 
Type domain.Sale is not enhanced.

[2026-03-04 18:05:03 #12 type.registry] 
New type java.util.ArrayList<java.lang.Object>

[2026-03-04 18:05:03 #13 type.registry] 
New type java.util.ArrayList<domain.Sale>

------------------------------------------------------------------------------------------------------------------------

[2026-03-04 18:12:19 #1 store] 
Database 'C:\Users\kenne\Documentos\Uni\2o Cuatrimestre\IS\It1\market26\Market26\src\main\resources\products.temp' is opened by 19172@Traspié

[2026-03-04 18:12:19 #2 type.registry] 
New type domain.User

[2026-03-04 18:12:19 #3 type.registry] 
New type domain.Buyer

[2026-03-04 18:12:19 #4 type.registry] 
New type domain.Seller

[2026-03-04 18:12:19 #5 type] 
Type domain.User is not enhanced.

[2026-03-04 18:12:19 #6 type] 
Type domain.Buyer is not enhanced.

[2026-03-04 18:12:19 #7 type.registry] 
New type domain.ProposedSale

[2026-03-04 18:12:19 #8 type] 
Type domain.Seller is not enhanced.

[2026-03-04 18:12:19 #9 type.registry] 
New type domain.Sale

[2026-03-04 18:12:19 #10 type] 
Type domain.ProposedSale is not enhanced.

[2026-03-04 18:12:19 #11 type] 
Type domain.Sale is not enhanced.

[2026-03-04 18:12:19 #12 type.registry] 
New type java.util.ArrayList<java.lang.Object>

[2026-03-04 18:12:19 #13 type.registry] 
New type java.util.ArrayList<domain.Sale>

[2026-03-04 18:12:48 #14 type.registry] 
New type java.util.ArrayList<domain.ProposedSale>

------------------------------------------------------------------------------------------------------------------------

[2026-03-04 18:13:01 #1 store] 
Database 'C:\Users\kenne\Documentos\Uni\2o Cuatrimestre\IS\It1\market26\Market26\src\main\resources\products.temp' is opened by 16440@Traspié

[2026-03-04 18:13:01 #2 type.registry] 
New type domain.User

[2026-03-04 18:13:01 #3 type.registry] 
New type domain.Buyer

[2026-03-04 18:13:01 #4 type.registry] 
New type domain.Seller

[2026-03-04 18:13:01 #5 type] 
Type domain.User is not enhanced.

[2026-03-04 18:13:01 #6 type] 
Type domain.Buyer is not enhanced.

[2026-03-04 18:13:01 #7 type.registry] 
New type domain.ProposedSale

[2026-03-04 18:13:01 #8 type] 
Type domain.Seller is not enhanced.

[2026-03-04 18:13:01 #9 type.registry] 
New type domain.Sale

[2026-03-04 18:13:01 #10 type] 
Type domain.ProposedSale is not enhanced.

[2026-03-04 18:13:01 #11 type] 
Type domain.Sale is not enhanced.

[2026-03-04 18:13:01 #12 type.registry] 
New type java.util.ArrayList<java.lang.Object>

[2026-03-04 18:13:01 #13 type.registry] 
New type java.util.ArrayList<domain.Sale>

------------------------------------------------------------------------------------------------------------------------

[2026-03-04 18:15:33 #1 store] 
Database 'C:\Users\kenne\Documentos\Uni\2o Cuatrimestre\IS\It1\market26\Market26\src\main\resources\products.temp' is opened by 39624@Traspié

[2026-03-04 18:15:34 #2 type.registry] 
New type domain.User

[2026-03-04 18:15:34 #3 type.registry] 
New type domain.Buyer

[2026-03-04 18:15:34 #4 type.registry] 
New type domain.Seller

[2026-03-04 18:15:34 #5 type] 
Type domain.User is not enhanced.

[2026-03-04 18:15:34 #6 type] 
Type domain.Buyer is not enhanced.

[2026-03-04 18:15:34 #7 type.registry] 
New type domain.ProposedSale

[2026-03-04 18:15:34 #8 type] 
Type domain.Seller is not enhanced.

[2026-03-04 18:15:34 #9 type.registry] 
New type domain.Sale

[2026-03-04 18:15:34 #10 type] 
Type domain.ProposedSale is not enhanced.

[2026-03-04 18:15:34 #11 type] 
Type domain.Sale is not enhanced.

[2026-03-04 18:15:34 #12 type.registry] 
New type java.util.ArrayList<java.lang.Object>

[2026-03-04 18:15:34 #13 type.registry] 
New type java.util.ArrayList<domain.Sale>

------------------------------------------------------------------------------------------------------------------------

[2026-03-04 18:24:27 #1 store] 
Database 'C:\Users\kenne\Documentos\Uni\2o Cuatrimestre\IS\It1\market26\Market26\src\main\resources\products.temp' is opened by 18456@Traspié

[2026-03-04 18:24:27 #2 type.registry] 
New type domain.User

[2026-03-04 18:24:27 #3 type.registry] 
New type domain.Buyer

[2026-03-04 18:24:27 #4 type.registry] 
New type domain.Seller

[2026-03-04 18:24:27 #5 type] 
Type domain.User is not enhanced.

[2026-03-04 18:24:27 #6 type] 
Type domain.Buyer is not enhanced.

[2026-03-04 18:24:27 #7 type.registry] 
New type domain.ProposedSale

[2026-03-04 18:24:27 #8 type] 
Type domain.Seller is not enhanced.

[2026-03-04 18:24:27 #9 type.registry] 
New type domain.Sale

[2026-03-04 18:24:27 #10 type] 
Type domain.ProposedSale is not enhanced.

[2026-03-04 18:24:27 #11 type] 
Type domain.Sale is not enhanced.

[2026-03-04 18:24:27 #12 type.registry] 
New type java.util.ArrayList<java.lang.Object>

[2026-03-04 18:24:27 #13 type.registry] 
New type java.util.ArrayList<domain.Sale>

[2026-03-04 18:24:46 #14 type.registry] 
New type java.util.ArrayList<domain.ProposedSale>

------------------------------------------------------------------------------------------------------------------------

[2026-03-04 18:25:30 #1 store] 
Database 'C:\Users\kenne\Documentos\Uni\2o Cuatrimestre\IS\It1\market26\Market26\src\main\resources\products.temp' is opened by 25288@Traspié

[2026-03-04 18:25:30 #2 type.registry] 
New type domain.User

[2026-03-04 18:25:30 #3 type.registry] 
New type domain.Buyer

[2026-03-04 18:25:30 #4 type.registry] 
New type domain.Seller

[2026-03-04 18:25:30 #5 type] 
Type domain.User is not enhanced.

[2026-03-04 18:25:30 #6 type] 
Type domain.Buyer is not enhanced.

[2026-03-04 18:25:30 #7 type.registry] 
New type domain.ProposedSale

[2026-03-04 18:25:30 #8 type] 
Type domain.Seller is not enhanced.

[2026-03-04 18:25:30 #9 type.registry] 
New type domain.Sale

[2026-03-04 18:25:30 #10 type] 
Type domain.ProposedSale is not enhanced.

[2026-03-04 18:25:30 #11 type] 
Type domain.Sale is not enhanced.

[2026-03-04 18:25:30 #12 type.registry] 
New type java.util.ArrayList<java.lang.Object>

[2026-03-04 18:25:30 #13 type.registry] 
New type java.util.ArrayList<domain.Sale>

