------------------------------------------------------------------------------------------------------------------------

[2026-02-25 15:59:43 #1 store] 
Database 'C:\Users\kenne\Documentos\Uni\2o Cuatrimestre\IS\It1\market26\Market26\src\main\resources\products.temp' is opened by 15308@Traspié

[2026-02-25 15:59:44 #2 type.registry] 
New type domain.Seller

[2026-02-25 15:59:44 #3 type] 
Type domain.Seller is not enhanced.

[2026-02-25 15:59:44 #4 type.registry] 
New type domain.Sale

[2026-02-25 15:59:44 #5 type] 
Type domain.Sale is not enhanced.

[2026-02-25 15:59:44 #6 type.registry] 
New type java.util.ArrayList<java.lang.Object>

[2026-02-25 15:59:44 #7 type.registry] 
New type java.util.ArrayList<domain.Sale>

------------------------------------------------------------------------------------------------------------------------

[2026-02-25 16:08:37 #1 store] 
Database 'C:\Users\kenne\Documentos\Uni\2o Cuatrimestre\IS\It1\market26\Market26\src\main\resources\products.temp' is opened by 15460@Traspié

[2026-02-25 16:08:37 #2 type.registry] 
New type domain.Seller

[2026-02-25 16:08:37 #3 type] 
Type domain.Seller is not enhanced.

[2026-02-25 16:08:37 #4 type.registry] 
New type domain.Sale

[2026-02-25 16:08:37 #5 type] 
Type domain.Sale is not enhanced.

[2026-02-25 16:08:37 #6 type.registry] 
New type java.util.ArrayList<java.lang.Object>

[2026-02-25 16:08:37 #7 type.registry] 
New type java.util.ArrayList<domain.Sale>

------------------------------------------------------------------------------------------------------------------------

[2026-02-25 16:52:56 #1 store] 
Database 'C:\Users\kenne\Documentos\Uni\2o Cuatrimestre\IS\It1\market26\Market26\src\main\resources\products.temp' is opened by 28948@Traspié

[2026-02-25 16:52:56 #2 type.registry] 
New type domain.Seller

[2026-02-25 16:52:56 #3 type] 
Type domain.Seller is not enhanced.

[2026-02-25 16:52:56 #4 type.registry] 
New type domain.Sale

[2026-02-25 16:52:56 #5 type] 
Type domain.Sale is not enhanced.

[2026-02-25 16:52:56 #6 type.registry] 
New type java.util.ArrayList<java.lang.Object>

[2026-02-25 16:52:56 #7 type.registry] 
New type java.util.ArrayList<domain.Sale>

