------------------------------------------------------------------------------------------------------------------------

[2026-05-06 00:01:52 #1 store] 
Database 'C:\Users\kenne\git\market26\src\main\resources\products.temp' is opened by 3864@Traspié

[2026-05-06 00:01:52 #2 type] 
Type domain.User is not enhanced.

[2026-05-06 00:01:52 #3 type] 
Type domain.Buyer is not enhanced.

[2026-05-06 00:01:52 #4 type] 
Type domain.Seller is not enhanced.

[2026-05-06 00:01:52 #5 type] 
Type domain.Conversacion is not enhanced.

[2026-05-06 00:01:52 #6 type] 
Type domain.Mensaje is not enhanced.

[2026-05-06 00:01:52 #7 type] 
Type domain.Valoracion is not enhanced.

[2026-05-06 00:01:52 #8 type] 
Type domain.ProposedSale is not enhanced.

[2026-05-06 00:01:52 #9 type] 
Type domain.Transaction is not enhanced.

[2026-05-06 00:01:52 #10 type] 
Type domain.Sale is not enhanced.

------------------------------------------------------------------------------------------------------------------------

[2026-05-06 00:04:12 #1 store] 
Database 'C:\Users\kenne\git\market26\src\main\resources\products.temp' is opened by 22552@Traspié

[2026-05-06 00:04:12 #2 type] 
Type domain.User is not enhanced.

[2026-05-06 00:04:12 #3 type] 
Type domain.Buyer is not enhanced.

[2026-05-06 00:04:12 #4 type] 
Type domain.Seller is not enhanced.

[2026-05-06 00:04:12 #5 type] 
Type domain.Conversacion is not enhanced.

[2026-05-06 00:04:12 #6 type] 
Type domain.Mensaje is not enhanced.

[2026-05-06 00:04:12 #7 type] 
Type domain.Valoracion is not enhanced.

[2026-05-06 00:04:12 #8 type] 
Type domain.ProposedSale is not enhanced.

[2026-05-06 00:04:12 #9 type] 
Type domain.Transaction is not enhanced.

[2026-05-06 00:04:12 #10 type] 
Type domain.Sale is not enhanced.

------------------------------------------------------------------------------------------------------------------------

[2026-05-06 00:10:51 #1 store] 
Database 'C:\Users\kenne\git\market26\src\main\resources\products.temp' has been recovered (tr. 15-16)

[2026-05-06 00:10:52 #2 store] 
Database 'C:\Users\kenne\git\market26\src\main\resources\products.temp' is opened by 3444@Traspié

[2026-05-06 00:10:52 #3 type] 
Type domain.User is not enhanced.

[2026-05-06 00:10:52 #4 type] 
Type domain.Buyer is not enhanced.

[2026-05-06 00:10:52 #5 type] 
Type domain.Seller is not enhanced.

[2026-05-06 00:10:52 #6 type] 
Type domain.Conversacion is not enhanced.

[2026-05-06 00:10:52 #7 type] 
Type domain.Mensaje is not enhanced.

[2026-05-06 00:10:52 #8 type] 
Type domain.Valoracion is not enhanced.

[2026-05-06 00:10:52 #9 type] 
Type domain.ProposedSale is not enhanced.

[2026-05-06 00:10:52 #10 type] 
Type domain.Transaction is not enhanced.

[2026-05-06 00:10:52 #11 type] 
Type domain.Sale is not enhanced.

------------------------------------------------------------------------------------------------------------------------

[2026-05-06 00:11:02 #1 store] 
Database 'C:\Users\kenne\git\market26\src\main\resources\products.temp' is opened by 16120@Traspié

[2026-05-06 00:11:02 #2 type.registry] 
New type domain.User

[2026-05-06 00:11:02 #3 type.registry] 
New type domain.Buyer

[2026-05-06 00:11:02 #4 type.registry] 
New type domain.Seller

[2026-05-06 00:11:02 #5 type] 
Type domain.User is not enhanced.

[2026-05-06 00:11:02 #6 type] 
Type domain.Buyer is not enhanced.

[2026-05-06 00:11:02 #7 type.registry] 
New type domain.Conversacion

[2026-05-06 00:11:02 #8 type.registry] 
New type domain.Mensaje

[2026-05-06 00:11:02 #9 type.registry] 
New type domain.Valoracion

[2026-05-06 00:11:02 #10 type.registry] 
New type domain.ProposedSale

[2026-05-06 00:11:02 #11 type.registry] 
New type domain.Transaction

[2026-05-06 00:11:02 #12 type] 
Type domain.Seller is not enhanced.

[2026-05-06 00:11:02 #13 type.registry] 
New type domain.Sale

[2026-05-06 00:11:02 #14 type] 
Type domain.Conversacion is not enhanced.

[2026-05-06 00:11:02 #15 type.registry] 
New type domain.Conversacion$EstadoConversacion

[2026-05-06 00:11:02 #16 type] 
Type domain.Mensaje is not enhanced.

[2026-05-06 00:11:02 #17 type] 
Type domain.Valoracion is not enhanced.

[2026-05-06 00:11:02 #18 type] 
Type domain.ProposedSale is not enhanced.

[2026-05-06 00:11:02 #19 type] 
Type domain.Transaction is not enhanced.

[2026-05-06 00:11:02 #20 type.registry] 
New type domain.Transaction$TransactionType

[2026-05-06 00:11:02 #21 type] 
Type domain.Sale is not enhanced.

[2026-05-06 00:11:02 #22 type.registry] 
New type java.util.ArrayList<java.lang.Object>

[2026-05-06 00:11:02 #23 type.registry] 
New type java.util.ArrayList<domain.ProposedSale>

[2026-05-06 00:11:02 #24 type.registry] 
New type java.util.ArrayList<domain.Valoracion>

[2026-05-06 00:11:02 #25 type.registry] 
New type java.util.ArrayList<domain.Mensaje>

[2026-05-06 00:11:02 #26 type.registry] 
New type java.util.ArrayList<domain.Conversacion>

[2026-05-06 00:11:02 #27 type.registry] 
New type java.util.ArrayList<domain.Sale>

[2026-05-06 00:11:02 #28 type.registry] 
New type java.util.ArrayList<domain.Transaction>

[2026-05-06 00:11:18 #29 type.registry] 
New type com.objectdb.o.LMT

[2026-05-06 00:11:18 #30 type.registry] 
New type com.objectdb.o.VAL

[2026-05-06 00:11:18 #31 type.registry] 
New type com.objectdb.o.RFV

------------------------------------------------------------------------------------------------------------------------

[2026-05-06 00:17:01 #1 store] 
Database 'C:\Users\kenne\git\market26\src\main\resources\products.temp' is opened by 2988@Traspié

[2026-05-06 00:17:01 #2 type.registry] 
New type domain.User

[2026-05-06 00:17:01 #3 type.registry] 
New type domain.Buyer

[2026-05-06 00:17:01 #4 type.registry] 
New type domain.Seller

[2026-05-06 00:17:01 #5 type] 
Type domain.User is not enhanced.

[2026-05-06 00:17:01 #6 type] 
Type domain.Buyer is not enhanced.

[2026-05-06 00:17:01 #7 type.registry] 
New type domain.Conversacion

[2026-05-06 00:17:01 #8 type.registry] 
New type domain.Mensaje

[2026-05-06 00:17:01 #9 type.registry] 
New type domain.Valoracion

[2026-05-06 00:17:01 #10 type.registry] 
New type domain.ProposedSale

[2026-05-06 00:17:01 #11 type.registry] 
New type domain.Transaction

[2026-05-06 00:17:01 #12 type] 
Type domain.Seller is not enhanced.

[2026-05-06 00:17:01 #13 type.registry] 
New type domain.Sale

[2026-05-06 00:17:01 #14 type] 
Type domain.Conversacion is not enhanced.

[2026-05-06 00:17:01 #15 type.registry] 
New type domain.Conversacion$EstadoConversacion

[2026-05-06 00:17:01 #16 type] 
Type domain.Mensaje is not enhanced.

[2026-05-06 00:17:01 #17 type] 
Type domain.Valoracion is not enhanced.

[2026-05-06 00:17:01 #18 type] 
Type domain.ProposedSale is not enhanced.

[2026-05-06 00:17:01 #19 type] 
Type domain.Transaction is not enhanced.

[2026-05-06 00:17:01 #20 type.registry] 
New type domain.Transaction$TransactionType

[2026-05-06 00:17:01 #21 type] 
Type domain.Sale is not enhanced.

[2026-05-06 00:17:01 #22 type.registry] 
New type java.util.ArrayList<java.lang.Object>

[2026-05-06 00:17:01 #23 type.registry] 
New type java.util.ArrayList<domain.ProposedSale>

[2026-05-06 00:17:01 #24 type.registry] 
New type java.util.ArrayList<domain.Valoracion>

[2026-05-06 00:17:01 #25 type.registry] 
New type java.util.ArrayList<domain.Mensaje>

[2026-05-06 00:17:01 #26 type.registry] 
New type java.util.ArrayList<domain.Conversacion>

[2026-05-06 00:17:01 #27 type.registry] 
New type java.util.ArrayList<domain.Sale>

[2026-05-06 00:17:01 #28 type.registry] 
New type java.util.ArrayList<domain.Transaction>

[2026-05-06 00:17:18 #29 type.registry] 
New type com.objectdb.o.LMT

[2026-05-06 00:17:18 #30 type.registry] 
New type com.objectdb.o.VAL

[2026-05-06 00:17:18 #31 type.registry] 
New type com.objectdb.o.RFV

------------------------------------------------------------------------------------------------------------------------

[2026-05-06 00:20:39 #1 store] 
Database 'C:\Users\kenne\git\market26\src\main\resources\products.temp' is opened by 17480@Traspié

[2026-05-06 00:20:39 #2 type.registry] 
New type domain.User

[2026-05-06 00:20:39 #3 type.registry] 
New type domain.Buyer

[2026-05-06 00:20:39 #4 type.registry] 
New type domain.Seller

[2026-05-06 00:20:39 #5 type] 
Type domain.User is not enhanced.

[2026-05-06 00:20:39 #6 type] 
Type domain.Buyer is not enhanced.

[2026-05-06 00:20:39 #7 type.registry] 
New type domain.Conversacion

[2026-05-06 00:20:39 #8 type.registry] 
New type domain.Mensaje

[2026-05-06 00:20:39 #9 type.registry] 
New type domain.Valoracion

[2026-05-06 00:20:39 #10 type.registry] 
New type domain.ProposedSale

[2026-05-06 00:20:39 #11 type.registry] 
New type domain.Transaction

[2026-05-06 00:20:39 #12 type] 
Type domain.Seller is not enhanced.

[2026-05-06 00:20:39 #13 type.registry] 
New type domain.Sale

[2026-05-06 00:20:39 #14 type] 
Type domain.Conversacion is not enhanced.

[2026-05-06 00:20:39 #15 type.registry] 
New type domain.Conversacion$EstadoConversacion

[2026-05-06 00:20:39 #16 type] 
Type domain.Mensaje is not enhanced.

[2026-05-06 00:20:39 #17 type] 
Type domain.Valoracion is not enhanced.

[2026-05-06 00:20:39 #18 type] 
Type domain.ProposedSale is not enhanced.

[2026-05-06 00:20:39 #19 type] 
Type domain.Transaction is not enhanced.

[2026-05-06 00:20:39 #20 type.registry] 
New type domain.Transaction$TransactionType

[2026-05-06 00:20:39 #21 type] 
Type domain.Sale is not enhanced.

[2026-05-06 00:20:39 #22 type.registry] 
New type java.util.ArrayList<java.lang.Object>

[2026-05-06 00:20:39 #23 type.registry] 
New type java.util.ArrayList<domain.ProposedSale>

[2026-05-06 00:20:39 #24 type.registry] 
New type java.util.ArrayList<domain.Valoracion>

[2026-05-06 00:20:39 #25 type.registry] 
New type java.util.ArrayList<domain.Mensaje>

[2026-05-06 00:20:39 #26 type.registry] 
New type java.util.ArrayList<domain.Conversacion>

[2026-05-06 00:20:39 #27 type.registry] 
New type java.util.ArrayList<domain.Sale>

[2026-05-06 00:20:39 #28 type.registry] 
New type java.util.ArrayList<domain.Transaction>

[2026-05-06 00:20:49 #29 type.registry] 
New type com.objectdb.o.LMT

[2026-05-06 00:20:49 #30 type.registry] 
New type com.objectdb.o.VAL

[2026-05-06 00:20:49 #31 type.registry] 
New type com.objectdb.o.RFV

------------------------------------------------------------------------------------------------------------------------

[2026-05-06 00:21:50 #1 store] 
Database 'C:\Users\kenne\git\market26\src\main\resources\products.temp' is opened by 3952@Traspié

[2026-05-06 00:21:51 #2 type.registry] 
New type domain.User

[2026-05-06 00:21:51 #3 type.registry] 
New type domain.Buyer

[2026-05-06 00:21:51 #4 type.registry] 
New type domain.Seller

[2026-05-06 00:21:51 #5 type] 
Type domain.User is not enhanced.

[2026-05-06 00:21:51 #6 type] 
Type domain.Buyer is not enhanced.

[2026-05-06 00:21:51 #7 type.registry] 
New type domain.Conversacion

[2026-05-06 00:21:51 #8 type.registry] 
New type domain.Mensaje

[2026-05-06 00:21:51 #9 type.registry] 
New type domain.Valoracion

[2026-05-06 00:21:51 #10 type.registry] 
New type domain.ProposedSale

[2026-05-06 00:21:51 #11 type.registry] 
New type domain.Transaction

[2026-05-06 00:21:51 #12 type] 
Type domain.Seller is not enhanced.

[2026-05-06 00:21:51 #13 type.registry] 
New type domain.Sale

[2026-05-06 00:21:51 #14 type] 
Type domain.Conversacion is not enhanced.

[2026-05-06 00:21:51 #15 type.registry] 
New type domain.Conversacion$EstadoConversacion

[2026-05-06 00:21:51 #16 type] 
Type domain.Mensaje is not enhanced.

[2026-05-06 00:21:51 #17 type] 
Type domain.Valoracion is not enhanced.

[2026-05-06 00:21:51 #18 type] 
Type domain.ProposedSale is not enhanced.

[2026-05-06 00:21:51 #19 type] 
Type domain.Transaction is not enhanced.

[2026-05-06 00:21:51 #20 type.registry] 
New type domain.Transaction$TransactionType

[2026-05-06 00:21:51 #21 type] 
Type domain.Sale is not enhanced.

[2026-05-06 00:21:51 #22 type.registry] 
New type java.util.ArrayList<java.lang.Object>

[2026-05-06 00:21:51 #23 type.registry] 
New type java.util.ArrayList<domain.ProposedSale>

[2026-05-06 00:21:51 #24 type.registry] 
New type java.util.ArrayList<domain.Valoracion>

[2026-05-06 00:21:51 #25 type.registry] 
New type java.util.ArrayList<domain.Mensaje>

[2026-05-06 00:21:51 #26 type.registry] 
New type java.util.ArrayList<domain.Conversacion>

[2026-05-06 00:21:51 #27 type.registry] 
New type java.util.ArrayList<domain.Sale>

[2026-05-06 00:21:51 #28 type.registry] 
New type java.util.ArrayList<domain.Transaction>

[2026-05-06 00:22:09 #29 type.registry] 
New type com.objectdb.o.LMT

[2026-05-06 00:22:09 #30 type.registry] 
New type com.objectdb.o.VAL

[2026-05-06 00:22:09 #31 type.registry] 
New type com.objectdb.o.RFV

------------------------------------------------------------------------------------------------------------------------

[2026-05-06 00:27:57 #1 store] 
Database 'C:\Users\kenne\git\market26\src\main\resources\products.temp' is opened by 23364@Traspié

[2026-05-06 00:27:57 #2 type.registry] 
New type domain.User

[2026-05-06 00:27:57 #3 type.registry] 
New type domain.Buyer

[2026-05-06 00:27:57 #4 type.registry] 
New type domain.Seller

[2026-05-06 00:27:57 #5 type] 
Type domain.User is not enhanced.

[2026-05-06 00:27:57 #6 type] 
Type domain.Buyer is not enhanced.

[2026-05-06 00:27:57 #7 type.registry] 
New type domain.Conversacion

[2026-05-06 00:27:57 #8 type.registry] 
New type domain.Mensaje

[2026-05-06 00:27:57 #9 type.registry] 
New type domain.Valoracion

[2026-05-06 00:27:57 #10 type.registry] 
New type domain.ProposedSale

[2026-05-06 00:27:57 #11 type.registry] 
New type domain.Transaction

[2026-05-06 00:27:57 #12 type] 
Type domain.Seller is not enhanced.

[2026-05-06 00:27:57 #13 type.registry] 
New type domain.Sale

[2026-05-06 00:27:57 #14 type] 
Type domain.Conversacion is not enhanced.

[2026-05-06 00:27:57 #15 type.registry] 
New type domain.Conversacion$EstadoConversacion

[2026-05-06 00:27:57 #16 type] 
Type domain.Mensaje is not enhanced.

[2026-05-06 00:27:57 #17 type] 
Type domain.Valoracion is not enhanced.

[2026-05-06 00:27:57 #18 type] 
Type domain.ProposedSale is not enhanced.

[2026-05-06 00:27:57 #19 type] 
Type domain.Transaction is not enhanced.

[2026-05-06 00:27:57 #20 type.registry] 
New type domain.Transaction$TransactionType

[2026-05-06 00:27:57 #21 type] 
Type domain.Sale is not enhanced.

[2026-05-06 00:27:57 #22 type.registry] 
New type java.util.ArrayList<java.lang.Object>

[2026-05-06 00:27:57 #23 type.registry] 
New type java.util.ArrayList<domain.ProposedSale>

[2026-05-06 00:27:57 #24 type.registry] 
New type java.util.ArrayList<domain.Valoracion>

[2026-05-06 00:27:57 #25 type.registry] 
New type java.util.ArrayList<domain.Mensaje>

[2026-05-06 00:27:57 #26 type.registry] 
New type java.util.ArrayList<domain.Conversacion>

[2026-05-06 00:27:57 #27 type.registry] 
New type java.util.ArrayList<domain.Sale>

[2026-05-06 00:27:57 #28 type.registry] 
New type java.util.ArrayList<domain.Transaction>

[2026-05-06 00:28:10 #29 type.registry] 
New type com.objectdb.o.LMT

[2026-05-06 00:28:10 #30 type.registry] 
New type com.objectdb.o.VAL

[2026-05-06 00:28:10 #31 type.registry] 
New type com.objectdb.o.RFV

------------------------------------------------------------------------------------------------------------------------

[2026-05-06 00:28:26 #1 store] 
Database 'C:\Users\kenne\git\market26\src\main\resources\products.temp' is opened by 17584@Traspié

[2026-05-06 00:28:26 #2 type.registry] 
New type domain.User

[2026-05-06 00:28:26 #3 type.registry] 
New type domain.Buyer

[2026-05-06 00:28:26 #4 type.registry] 
New type domain.Seller

[2026-05-06 00:28:26 #5 type] 
Type domain.User is not enhanced.

[2026-05-06 00:28:26 #6 type] 
Type domain.Buyer is not enhanced.

[2026-05-06 00:28:26 #7 type.registry] 
New type domain.Conversacion

[2026-05-06 00:28:26 #8 type.registry] 
New type domain.Mensaje

[2026-05-06 00:28:26 #9 type.registry] 
New type domain.Valoracion

[2026-05-06 00:28:26 #10 type.registry] 
New type domain.ProposedSale

[2026-05-06 00:28:26 #11 type.registry] 
New type domain.Transaction

[2026-05-06 00:28:26 #12 type] 
Type domain.Seller is not enhanced.

[2026-05-06 00:28:26 #13 type.registry] 
New type domain.Sale

[2026-05-06 00:28:26 #14 type] 
Type domain.Conversacion is not enhanced.

[2026-05-06 00:28:26 #15 type.registry] 
New type domain.Conversacion$EstadoConversacion

[2026-05-06 00:28:26 #16 type] 
Type domain.Mensaje is not enhanced.

[2026-05-06 00:28:26 #17 type] 
Type domain.Valoracion is not enhanced.

[2026-05-06 00:28:26 #18 type] 
Type domain.ProposedSale is not enhanced.

[2026-05-06 00:28:26 #19 type] 
Type domain.Transaction is not enhanced.

[2026-05-06 00:28:26 #20 type.registry] 
New type domain.Transaction$TransactionType

[2026-05-06 00:28:26 #21 type] 
Type domain.Sale is not enhanced.

[2026-05-06 00:28:26 #22 type.registry] 
New type java.util.ArrayList<java.lang.Object>

[2026-05-06 00:28:26 #23 type.registry] 
New type java.util.ArrayList<domain.ProposedSale>

[2026-05-06 00:28:26 #24 type.registry] 
New type java.util.ArrayList<domain.Valoracion>

[2026-05-06 00:28:26 #25 type.registry] 
New type java.util.ArrayList<domain.Mensaje>

[2026-05-06 00:28:26 #26 type.registry] 
New type java.util.ArrayList<domain.Conversacion>

[2026-05-06 00:28:26 #27 type.registry] 
New type java.util.ArrayList<domain.Sale>

[2026-05-06 00:28:26 #28 type.registry] 
New type java.util.ArrayList<domain.Transaction>

[2026-05-06 00:28:36 #29 type.registry] 
New type com.objectdb.o.LMT

[2026-05-06 00:28:36 #30 type.registry] 
New type com.objectdb.o.VAL

[2026-05-06 00:28:36 #31 type.registry] 
New type com.objectdb.o.RFV

------------------------------------------------------------------------------------------------------------------------

[2026-05-06 07:10:30 #1 store] 
Database 'C:\Users\kenne\git\market26\src\main\resources\products.temp' is opened by 7120@Traspié

[2026-05-06 07:10:31 #2 type.registry] 
New type domain.User

[2026-05-06 07:10:31 #3 type.registry] 
New type domain.Buyer

[2026-05-06 07:10:31 #4 type.registry] 
New type domain.Seller

[2026-05-06 07:10:31 #5 type] 
Type domain.User is not enhanced.

[2026-05-06 07:10:31 #6 type] 
Type domain.Buyer is not enhanced.

[2026-05-06 07:10:31 #7 type.registry] 
New type domain.Conversacion

[2026-05-06 07:10:31 #8 type.registry] 
New type domain.Mensaje

[2026-05-06 07:10:31 #9 type.registry] 
New type domain.Valoracion

[2026-05-06 07:10:31 #10 type.registry] 
New type domain.ProposedSale

[2026-05-06 07:10:31 #11 type.registry] 
New type domain.Transaction

[2026-05-06 07:10:31 #12 type] 
Type domain.Seller is not enhanced.

[2026-05-06 07:10:31 #13 type.registry] 
New type domain.Sale

[2026-05-06 07:10:31 #14 type] 
Type domain.Conversacion is not enhanced.

[2026-05-06 07:10:31 #15 type.registry] 
New type domain.Conversacion$EstadoConversacion

[2026-05-06 07:10:31 #16 type] 
Type domain.Mensaje is not enhanced.

[2026-05-06 07:10:31 #17 type] 
Type domain.Valoracion is not enhanced.

[2026-05-06 07:10:31 #18 type] 
Type domain.ProposedSale is not enhanced.

[2026-05-06 07:10:31 #19 type] 
Type domain.Transaction is not enhanced.

[2026-05-06 07:10:31 #20 type.registry] 
New type domain.Transaction$TransactionType

[2026-05-06 07:10:31 #21 type] 
Type domain.Sale is not enhanced.

[2026-05-06 07:10:31 #22 type.registry] 
New type java.util.ArrayList<java.lang.Object>

[2026-05-06 07:10:31 #23 type.registry] 
New type java.util.ArrayList<domain.ProposedSale>

[2026-05-06 07:10:31 #24 type.registry] 
New type java.util.ArrayList<domain.Valoracion>

[2026-05-06 07:10:31 #25 type.registry] 
New type java.util.ArrayList<domain.Mensaje>

[2026-05-06 07:10:31 #26 type.registry] 
New type java.util.ArrayList<domain.Conversacion>

[2026-05-06 07:10:31 #27 type.registry] 
New type java.util.ArrayList<domain.Sale>

[2026-05-06 07:10:31 #28 type.registry] 
New type java.util.ArrayList<domain.Transaction>

[2026-05-06 07:10:52 #29 type.registry] 
New type com.objectdb.o.LMT

[2026-05-06 07:10:52 #30 type.registry] 
New type com.objectdb.o.VAL

[2026-05-06 07:10:52 #31 type.registry] 
New type com.objectdb.o.RFV

------------------------------------------------------------------------------------------------------------------------

[2026-05-06 07:12:58 #1 store] 
Database 'C:\Users\kenne\git\market26\src\main\resources\products.temp' is opened by 6044@Traspié

[2026-05-06 07:12:58 #2 type.registry] 
New type domain.User

[2026-05-06 07:12:58 #3 type.registry] 
New type domain.Buyer

[2026-05-06 07:12:58 #4 type.registry] 
New type domain.Seller

[2026-05-06 07:12:58 #5 type] 
Type domain.User is not enhanced.

[2026-05-06 07:12:58 #6 type] 
Type domain.Buyer is not enhanced.

[2026-05-06 07:12:58 #7 type.registry] 
New type domain.Conversacion

[2026-05-06 07:12:58 #8 type.registry] 
New type domain.Mensaje

[2026-05-06 07:12:58 #9 type.registry] 
New type domain.Valoracion

[2026-05-06 07:12:58 #10 type.registry] 
New type domain.ProposedSale

[2026-05-06 07:12:58 #11 type.registry] 
New type domain.Transaction

[2026-05-06 07:12:58 #12 type] 
Type domain.Seller is not enhanced.

[2026-05-06 07:12:58 #13 type.registry] 
New type domain.Sale

[2026-05-06 07:12:58 #14 type] 
Type domain.Conversacion is not enhanced.

[2026-05-06 07:12:58 #15 type.registry] 
New type domain.Conversacion$EstadoConversacion

[2026-05-06 07:12:58 #16 type] 
Type domain.Mensaje is not enhanced.

[2026-05-06 07:12:58 #17 type] 
Type domain.Valoracion is not enhanced.

[2026-05-06 07:12:58 #18 type] 
Type domain.ProposedSale is not enhanced.

[2026-05-06 07:12:58 #19 type] 
Type domain.Transaction is not enhanced.

[2026-05-06 07:12:58 #20 type.registry] 
New type domain.Transaction$TransactionType

[2026-05-06 07:12:58 #21 type] 
Type domain.Sale is not enhanced.

[2026-05-06 07:12:58 #22 type.registry] 
New type java.util.ArrayList<java.lang.Object>

[2026-05-06 07:12:58 #23 type.registry] 
New type java.util.ArrayList<domain.ProposedSale>

[2026-05-06 07:12:58 #24 type.registry] 
New type java.util.ArrayList<domain.Valoracion>

[2026-05-06 07:12:58 #25 type.registry] 
New type java.util.ArrayList<domain.Mensaje>

[2026-05-06 07:12:58 #26 type.registry] 
New type java.util.ArrayList<domain.Conversacion>

[2026-05-06 07:12:58 #27 type.registry] 
New type java.util.ArrayList<domain.Sale>

[2026-05-06 07:12:58 #28 type.registry] 
New type java.util.ArrayList<domain.Transaction>

[2026-05-06 07:13:30 #29 type.registry] 
New type com.objectdb.o.LMT

[2026-05-06 07:13:30 #30 type.registry] 
New type com.objectdb.o.VAL

[2026-05-06 07:13:30 #31 type.registry] 
New type com.objectdb.o.RFV

------------------------------------------------------------------------------------------------------------------------

[2026-05-06 07:43:21 #1 store] 
Database 'C:\Users\kenne\git\market26\src\main\resources\products.temp' is opened by 6040@Traspié

[2026-05-06 07:43:21 #2 type.registry] 
New type domain.User

[2026-05-06 07:43:21 #3 type.registry] 
New type domain.Buyer

[2026-05-06 07:43:21 #4 type.registry] 
New type domain.Seller

[2026-05-06 07:43:21 #5 type] 
Type domain.User is not enhanced.

[2026-05-06 07:43:21 #6 type] 
Type domain.Buyer is not enhanced.

[2026-05-06 07:43:21 #7 type.registry] 
New type domain.Conversacion

[2026-05-06 07:43:21 #8 type.registry] 
New type domain.Mensaje

[2026-05-06 07:43:21 #9 type.registry] 
New type domain.Valoracion

[2026-05-06 07:43:21 #10 type.registry] 
New type domain.ProposedSale

[2026-05-06 07:43:21 #11 type.registry] 
New type domain.Transaction

[2026-05-06 07:43:21 #12 type] 
Type domain.Seller is not enhanced.

[2026-05-06 07:43:21 #13 type.registry] 
New type domain.Sale

[2026-05-06 07:43:21 #14 type] 
Type domain.Conversacion is not enhanced.

[2026-05-06 07:43:21 #15 type.registry] 
New type domain.Conversacion$EstadoConversacion

[2026-05-06 07:43:21 #16 type] 
Type domain.Mensaje is not enhanced.

[2026-05-06 07:43:21 #17 type] 
Type domain.Valoracion is not enhanced.

[2026-05-06 07:43:21 #18 type] 
Type domain.ProposedSale is not enhanced.

[2026-05-06 07:43:21 #19 type] 
Type domain.Transaction is not enhanced.

[2026-05-06 07:43:21 #20 type.registry] 
New type domain.Transaction$TransactionType

[2026-05-06 07:43:21 #21 type] 
Type domain.Sale is not enhanced.

[2026-05-06 07:43:21 #22 type.registry] 
New type java.util.ArrayList<java.lang.Object>

[2026-05-06 07:43:21 #23 type.registry] 
New type java.util.ArrayList<domain.ProposedSale>

[2026-05-06 07:43:21 #24 type.registry] 
New type java.util.ArrayList<domain.Valoracion>

[2026-05-06 07:43:21 #25 type.registry] 
New type java.util.ArrayList<domain.Mensaje>

[2026-05-06 07:43:21 #26 type.registry] 
New type java.util.ArrayList<domain.Conversacion>

[2026-05-06 07:43:21 #27 type.registry] 
New type java.util.ArrayList<domain.Sale>

[2026-05-06 07:43:21 #28 type.registry] 
New type java.util.ArrayList<domain.Transaction>

[2026-05-06 07:43:36 #29 type.registry] 
New type com.objectdb.o.LMT

[2026-05-06 07:43:36 #30 type.registry] 
New type com.objectdb.o.VAL

[2026-05-06 07:43:36 #31 type.registry] 
New type com.objectdb.o.RFV

------------------------------------------------------------------------------------------------------------------------

[2026-05-06 07:46:01 #1 store] 
Database 'C:\Users\kenne\git\market26\src\main\resources\products.temp' is opened by 18900@Traspié

[2026-05-06 07:46:01 #2 type.registry] 
New type domain.User

[2026-05-06 07:46:01 #3 type.registry] 
New type domain.Buyer

[2026-05-06 07:46:01 #4 type.registry] 
New type domain.Seller

[2026-05-06 07:46:01 #5 type] 
Type domain.User is not enhanced.

[2026-05-06 07:46:01 #6 type] 
Type domain.Buyer is not enhanced.

[2026-05-06 07:46:01 #7 type.registry] 
New type domain.Conversacion

[2026-05-06 07:46:02 #8 type.registry] 
New type domain.Mensaje

[2026-05-06 07:46:02 #9 type.registry] 
New type domain.Valoracion

[2026-05-06 07:46:02 #10 type.registry] 
New type domain.ProposedSale

[2026-05-06 07:46:02 #11 type.registry] 
New type domain.Transaction

[2026-05-06 07:46:02 #12 type] 
Type domain.Seller is not enhanced.

[2026-05-06 07:46:02 #13 type.registry] 
New type domain.Sale

[2026-05-06 07:46:02 #14 type] 
Type domain.Conversacion is not enhanced.

[2026-05-06 07:46:02 #15 type.registry] 
New type domain.Conversacion$EstadoConversacion

[2026-05-06 07:46:02 #16 type] 
Type domain.Mensaje is not enhanced.

[2026-05-06 07:46:02 #17 type] 
Type domain.Valoracion is not enhanced.

[2026-05-06 07:46:02 #18 type] 
Type domain.ProposedSale is not enhanced.

[2026-05-06 07:46:02 #19 type] 
Type domain.Transaction is not enhanced.

[2026-05-06 07:46:02 #20 type.registry] 
New type domain.Transaction$TransactionType

[2026-05-06 07:46:02 #21 type] 
Type domain.Sale is not enhanced.

[2026-05-06 07:46:02 #22 type.registry] 
New type java.util.ArrayList<java.lang.Object>

[2026-05-06 07:46:02 #23 type.registry] 
New type java.util.ArrayList<domain.ProposedSale>

[2026-05-06 07:46:02 #24 type.registry] 
New type java.util.ArrayList<domain.Valoracion>

[2026-05-06 07:46:02 #25 type.registry] 
New type java.util.ArrayList<domain.Mensaje>

[2026-05-06 07:46:02 #26 type.registry] 
New type java.util.ArrayList<domain.Conversacion>

[2026-05-06 07:46:02 #27 type.registry] 
New type java.util.ArrayList<domain.Sale>

[2026-05-06 07:46:02 #28 type.registry] 
New type java.util.ArrayList<domain.Transaction>

[2026-05-06 07:46:15 #29 type.registry] 
New type com.objectdb.o.LMT

[2026-05-06 07:46:15 #30 type.registry] 
New type com.objectdb.o.VAL

[2026-05-06 07:46:15 #31 type.registry] 
New type com.objectdb.o.RFV

------------------------------------------------------------------------------------------------------------------------

[2026-05-06 07:49:46 #1 store] 
Database 'C:\Users\kenne\git\market26\src\main\resources\products.temp' is opened by 5076@Traspié

[2026-05-06 07:49:46 #2 type.registry] 
New type domain.User

[2026-05-06 07:49:46 #3 type.registry] 
New type domain.Buyer

[2026-05-06 07:49:46 #4 type.registry] 
New type domain.Seller

[2026-05-06 07:49:46 #5 type] 
Type domain.User is not enhanced.

[2026-05-06 07:49:46 #6 type] 
Type domain.Buyer is not enhanced.

[2026-05-06 07:49:46 #7 type.registry] 
New type domain.Conversacion

[2026-05-06 07:49:46 #8 type.registry] 
New type domain.Mensaje

[2026-05-06 07:49:46 #9 type.registry] 
New type domain.Valoracion

[2026-05-06 07:49:46 #10 type.registry] 
New type domain.ProposedSale

[2026-05-06 07:49:46 #11 type.registry] 
New type domain.Transaction

[2026-05-06 07:49:46 #12 type] 
Type domain.Seller is not enhanced.

[2026-05-06 07:49:46 #13 type.registry] 
New type domain.Sale

[2026-05-06 07:49:46 #14 type] 
Type domain.Conversacion is not enhanced.

[2026-05-06 07:49:46 #15 type.registry] 
New type domain.Conversacion$EstadoConversacion

[2026-05-06 07:49:46 #16 type] 
Type domain.Mensaje is not enhanced.

[2026-05-06 07:49:46 #17 type] 
Type domain.Valoracion is not enhanced.

[2026-05-06 07:49:46 #18 type] 
Type domain.ProposedSale is not enhanced.

[2026-05-06 07:49:46 #19 type] 
Type domain.Transaction is not enhanced.

[2026-05-06 07:49:46 #20 type.registry] 
New type domain.Transaction$TransactionType

[2026-05-06 07:49:46 #21 type] 
Type domain.Sale is not enhanced.

[2026-05-06 07:49:46 #22 type.registry] 
New type java.util.ArrayList<java.lang.Object>

[2026-05-06 07:49:46 #23 type.registry] 
New type java.util.ArrayList<domain.ProposedSale>

[2026-05-06 07:49:46 #24 type.registry] 
New type java.util.ArrayList<domain.Valoracion>

[2026-05-06 07:49:46 #25 type.registry] 
New type java.util.ArrayList<domain.Mensaje>

[2026-05-06 07:49:46 #26 type.registry] 
New type java.util.ArrayList<domain.Conversacion>

[2026-05-06 07:49:46 #27 type.registry] 
New type java.util.ArrayList<domain.Sale>

[2026-05-06 07:49:46 #28 type.registry] 
New type java.util.ArrayList<domain.Transaction>

[2026-05-06 07:49:57 #29 type.registry] 
New type com.objectdb.o.LMT

[2026-05-06 07:49:57 #30 type.registry] 
New type com.objectdb.o.VAL

[2026-05-06 07:49:57 #31 type.registry] 
New type com.objectdb.o.RFV

------------------------------------------------------------------------------------------------------------------------

[2026-05-06 07:54:09 #1 store] 
Database 'C:\Users\kenne\git\market26\src\main\resources\products.temp' is opened by 6796@Traspié

[2026-05-06 07:54:10 #2 type.registry] 
New type domain.User

[2026-05-06 07:54:10 #3 type.registry] 
New type domain.Buyer

[2026-05-06 07:54:10 #4 type.registry] 
New type domain.Seller

[2026-05-06 07:54:10 #5 type] 
Type domain.User is not enhanced.

[2026-05-06 07:54:10 #6 type] 
Type domain.Buyer is not enhanced.

[2026-05-06 07:54:10 #7 type.registry] 
New type domain.Conversacion

[2026-05-06 07:54:10 #8 type.registry] 
New type domain.Mensaje

[2026-05-06 07:54:10 #9 type.registry] 
New type domain.Valoracion

[2026-05-06 07:54:10 #10 type.registry] 
New type domain.ProposedSale

[2026-05-06 07:54:10 #11 type.registry] 
New type domain.Transaction

[2026-05-06 07:54:10 #12 type] 
Type domain.Seller is not enhanced.

[2026-05-06 07:54:10 #13 type.registry] 
New type domain.Sale

[2026-05-06 07:54:10 #14 type] 
Type domain.Conversacion is not enhanced.

[2026-05-06 07:54:10 #15 type.registry] 
New type domain.Conversacion$EstadoConversacion

[2026-05-06 07:54:10 #16 type] 
Type domain.Mensaje is not enhanced.

[2026-05-06 07:54:10 #17 type] 
Type domain.Valoracion is not enhanced.

[2026-05-06 07:54:10 #18 type] 
Type domain.ProposedSale is not enhanced.

[2026-05-06 07:54:10 #19 type] 
Type domain.Transaction is not enhanced.

[2026-05-06 07:54:10 #20 type.registry] 
New type domain.Transaction$TransactionType

[2026-05-06 07:54:10 #21 type] 
Type domain.Sale is not enhanced.

[2026-05-06 07:54:10 #22 type.registry] 
New type java.util.ArrayList<java.lang.Object>

[2026-05-06 07:54:10 #23 type.registry] 
New type java.util.ArrayList<domain.ProposedSale>

[2026-05-06 07:54:10 #24 type.registry] 
New type java.util.ArrayList<domain.Valoracion>

[2026-05-06 07:54:10 #25 type.registry] 
New type java.util.ArrayList<domain.Mensaje>

[2026-05-06 07:54:10 #26 type.registry] 
New type java.util.ArrayList<domain.Conversacion>

[2026-05-06 07:54:10 #27 type.registry] 
New type java.util.ArrayList<domain.Sale>

[2026-05-06 07:54:10 #28 type.registry] 
New type java.util.ArrayList<domain.Transaction>

[2026-05-06 07:54:22 #29 type.registry] 
New type com.objectdb.o.LMT

[2026-05-06 07:54:22 #30 type.registry] 
New type com.objectdb.o.VAL

[2026-05-06 07:54:22 #31 type.registry] 
New type com.objectdb.o.RFV

------------------------------------------------------------------------------------------------------------------------

[2026-05-06 08:07:21 #1 store] 
Database 'C:\Users\kenne\git\market26\src\main\resources\products.temp' is opened by 22004@Traspié

[2026-05-06 08:07:21 #2 type.registry] 
New type domain.User

[2026-05-06 08:07:21 #3 type.registry] 
New type domain.Buyer

[2026-05-06 08:07:21 #4 type.registry] 
New type domain.Seller

[2026-05-06 08:07:21 #5 type] 
Type domain.User is not enhanced.

[2026-05-06 08:07:21 #6 type] 
Type domain.Buyer is not enhanced.

[2026-05-06 08:07:21 #7 type.registry] 
New type domain.Conversacion

[2026-05-06 08:07:21 #8 type.registry] 
New type domain.Mensaje

[2026-05-06 08:07:21 #9 type.registry] 
New type domain.Valoracion

[2026-05-06 08:07:21 #10 type.registry] 
New type domain.ProposedSale

[2026-05-06 08:07:21 #11 type.registry] 
New type domain.Transaction

[2026-05-06 08:07:21 #12 type] 
Type domain.Seller is not enhanced.

[2026-05-06 08:07:21 #13 type.registry] 
New type domain.Sale

[2026-05-06 08:07:21 #14 type] 
Type domain.Conversacion is not enhanced.

[2026-05-06 08:07:21 #15 type.registry] 
New type domain.Conversacion$EstadoConversacion

[2026-05-06 08:07:21 #16 type] 
Type domain.Mensaje is not enhanced.

[2026-05-06 08:07:21 #17 type] 
Type domain.Valoracion is not enhanced.

[2026-05-06 08:07:21 #18 type] 
Type domain.ProposedSale is not enhanced.

[2026-05-06 08:07:21 #19 type] 
Type domain.Transaction is not enhanced.

[2026-05-06 08:07:21 #20 type.registry] 
New type domain.Transaction$TransactionType

[2026-05-06 08:07:21 #21 type] 
Type domain.Sale is not enhanced.

------------------------------------------------------------------------------------------------------------------------

[2026-05-06 08:08:00 #1 store] 
Database 'C:\Users\kenne\git\market26\src\main\resources\products.temp' is opened by 17908@Traspié

[2026-05-06 08:08:00 #2 type.registry] 
New type domain.User

[2026-05-06 08:08:00 #3 type.registry] 
New type domain.Buyer

[2026-05-06 08:08:00 #4 type.registry] 
New type domain.Seller

[2026-05-06 08:08:00 #5 type] 
Type domain.User is not enhanced.

[2026-05-06 08:08:00 #6 type] 
Type domain.Buyer is not enhanced.

[2026-05-06 08:08:00 #7 type.registry] 
New type domain.Conversacion

[2026-05-06 08:08:00 #8 type.registry] 
New type domain.Mensaje

[2026-05-06 08:08:00 #9 type.registry] 
New type domain.Valoracion

[2026-05-06 08:08:00 #10 type.registry] 
New type domain.ProposedSale

[2026-05-06 08:08:00 #11 type.registry] 
New type domain.Transaction

[2026-05-06 08:08:00 #12 type] 
Type domain.Seller is not enhanced.

[2026-05-06 08:08:00 #13 type.registry] 
New type domain.Sale

[2026-05-06 08:08:00 #14 type] 
Type domain.Conversacion is not enhanced.

[2026-05-06 08:08:00 #15 type.registry] 
New type domain.Conversacion$EstadoConversacion

[2026-05-06 08:08:00 #16 type] 
Type domain.Mensaje is not enhanced.

[2026-05-06 08:08:00 #17 type] 
Type domain.Valoracion is not enhanced.

[2026-05-06 08:08:00 #18 type] 
Type domain.ProposedSale is not enhanced.

[2026-05-06 08:08:00 #19 type] 
Type domain.Transaction is not enhanced.

[2026-05-06 08:08:00 #20 type.registry] 
New type domain.Transaction$TransactionType

[2026-05-06 08:08:00 #21 type] 
Type domain.Sale is not enhanced.

[2026-05-06 08:08:00 #22 type.registry] 
New type java.util.ArrayList<java.lang.Object>

[2026-05-06 08:08:00 #23 type.registry] 
New type java.util.ArrayList<domain.ProposedSale>

[2026-05-06 08:08:00 #24 type.registry] 
New type java.util.ArrayList<domain.Valoracion>

[2026-05-06 08:08:00 #25 type.registry] 
New type java.util.ArrayList<domain.Mensaje>

[2026-05-06 08:08:00 #26 type.registry] 
New type java.util.ArrayList<domain.Conversacion>

[2026-05-06 08:08:00 #27 type.registry] 
New type java.util.ArrayList<domain.Sale>

[2026-05-06 08:08:00 #28 type.registry] 
New type java.util.ArrayList<domain.Transaction>

[2026-05-06 08:08:15 #29 type.registry] 
New type com.objectdb.o.LMT

[2026-05-06 08:08:15 #30 type.registry] 
New type com.objectdb.o.VAL

[2026-05-06 08:08:15 #31 type.registry] 
New type com.objectdb.o.RFV

------------------------------------------------------------------------------------------------------------------------

[2026-05-06 08:13:47 #1 store] 
Database 'C:\Users\kenne\git\market26\src\main\resources\products.temp' is opened by 3204@Traspié

[2026-05-06 08:13:47 #2 type.registry] 
New type domain.User

[2026-05-06 08:13:47 #3 type.registry] 
New type domain.Buyer

[2026-05-06 08:13:47 #4 type.registry] 
New type domain.Seller

[2026-05-06 08:13:47 #5 type] 
Type domain.User is not enhanced.

[2026-05-06 08:13:47 #6 type] 
Type domain.Buyer is not enhanced.

[2026-05-06 08:13:47 #7 type.registry] 
New type domain.Conversacion

[2026-05-06 08:13:47 #8 type.registry] 
New type domain.Mensaje

[2026-05-06 08:13:47 #9 type.registry] 
New type domain.Valoracion

[2026-05-06 08:13:47 #10 type.registry] 
New type domain.ProposedSale

[2026-05-06 08:13:47 #11 type.registry] 
New type domain.Transaction

[2026-05-06 08:13:47 #12 type] 
Type domain.Seller is not enhanced.

[2026-05-06 08:13:47 #13 type.registry] 
New type domain.Sale

[2026-05-06 08:13:47 #14 type] 
Type domain.Conversacion is not enhanced.

[2026-05-06 08:13:47 #15 type.registry] 
New type domain.Conversacion$EstadoConversacion

[2026-05-06 08:13:47 #16 type] 
Type domain.Mensaje is not enhanced.

[2026-05-06 08:13:47 #17 type] 
Type domain.Valoracion is not enhanced.

[2026-05-06 08:13:47 #18 type] 
Type domain.ProposedSale is not enhanced.

[2026-05-06 08:13:47 #19 type] 
Type domain.Transaction is not enhanced.

[2026-05-06 08:13:47 #20 type.registry] 
New type domain.Transaction$TransactionType

[2026-05-06 08:13:47 #21 type] 
Type domain.Sale is not enhanced.

[2026-05-06 08:13:47 #22 type.registry] 
New type java.util.ArrayList<java.lang.Object>

[2026-05-06 08:13:47 #23 type.registry] 
New type java.util.ArrayList<domain.ProposedSale>

[2026-05-06 08:13:47 #24 type.registry] 
New type java.util.ArrayList<domain.Valoracion>

[2026-05-06 08:13:47 #25 type.registry] 
New type java.util.ArrayList<domain.Mensaje>

[2026-05-06 08:13:47 #26 type.registry] 
New type java.util.ArrayList<domain.Conversacion>

[2026-05-06 08:13:47 #27 type.registry] 
New type java.util.ArrayList<domain.Sale>

[2026-05-06 08:13:47 #28 type.registry] 
New type java.util.ArrayList<domain.Transaction>

[2026-05-06 08:13:57 #29 type.registry] 
New type com.objectdb.o.LMT

[2026-05-06 08:13:57 #30 type.registry] 
New type com.objectdb.o.VAL

[2026-05-06 08:13:57 #31 type.registry] 
New type com.objectdb.o.RFV

------------------------------------------------------------------------------------------------------------------------

[2026-05-06 09:52:38 #1 store] 
Database 'C:\Users\IKER\Desktop\market26\src\main\resources\products.temp' is opened by 26840@LAPTOP-SBTTNCFP

[2026-05-06 09:52:38 #2 type.registry] 
New type domain.User

[2026-05-06 09:52:38 #3 type.registry] 
New type domain.Buyer

[2026-05-06 09:52:38 #4 type.registry] 
New type domain.Seller

[2026-05-06 09:52:38 #5 type] 
Type domain.User is not enhanced.

[2026-05-06 09:52:38 #6 type] 
Type domain.Buyer is not enhanced.

[2026-05-06 09:52:38 #7 type.registry] 
New type domain.Conversacion

[2026-05-06 09:52:38 #8 type.registry] 
New type domain.Mensaje

[2026-05-06 09:52:38 #9 type.registry] 
New type domain.Valoracion

[2026-05-06 09:52:38 #10 type.registry] 
New type domain.ProposedSale

[2026-05-06 09:52:38 #11 type.registry] 
New type domain.Transaction

[2026-05-06 09:52:38 #12 type] 
Type domain.Seller is not enhanced.

[2026-05-06 09:52:38 #13 type.registry] 
New type domain.Sale

[2026-05-06 09:52:38 #14 type] 
Type domain.Conversacion is not enhanced.

[2026-05-06 09:52:38 #15 type.registry] 
New type domain.Conversacion$EstadoConversacion

[2026-05-06 09:52:38 #16 type] 
Type domain.Mensaje is not enhanced.

[2026-05-06 09:52:38 #17 type] 
Type domain.Valoracion is not enhanced.

[2026-05-06 09:52:38 #18 type] 
Type domain.ProposedSale is not enhanced.

[2026-05-06 09:52:38 #19 type] 
Type domain.Transaction is not enhanced.

[2026-05-06 09:52:38 #20 type.registry] 
New type domain.Transaction$TransactionType

[2026-05-06 09:52:38 #21 type] 
Type domain.Sale is not enhanced.

[2026-05-06 09:52:38 #22 type.registry] 
New type java.util.ArrayList<java.lang.Object>

[2026-05-06 09:52:38 #23 type.registry] 
New type java.util.ArrayList<domain.ProposedSale>

[2026-05-06 09:52:38 #24 type.registry] 
New type java.util.ArrayList<domain.Valoracion>

[2026-05-06 09:52:38 #25 type.registry] 
New type java.util.ArrayList<domain.Mensaje>

[2026-05-06 09:52:38 #26 type.registry] 
New type java.util.ArrayList<domain.Conversacion>

[2026-05-06 09:52:38 #27 type.registry] 
New type java.util.ArrayList<domain.Sale>

[2026-05-06 09:52:38 #28 type.registry] 
New type java.util.ArrayList<domain.Transaction>

[2026-05-06 09:52:56 #29 type.registry] 
New type com.objectdb.o.LMT

[2026-05-06 09:52:56 #30 type.registry] 
New type com.objectdb.o.VAL

[2026-05-06 09:52:56 #31 type.registry] 
New type com.objectdb.o.RFV

------------------------------------------------------------------------------------------------------------------------

[2026-05-06 10:11:46 #1 store] 
Database 'C:\Users\IKER\Desktop\market26\src\main\resources\products.temp' is opened by 16444@LAPTOP-SBTTNCFP

[2026-05-06 10:11:47 #2 type.registry] 
New type domain.User

[2026-05-06 10:11:47 #3 type.registry] 
New type domain.Buyer

[2026-05-06 10:11:47 #4 type.registry] 
New type domain.Seller

[2026-05-06 10:11:47 #5 type] 
Type domain.User is not enhanced.

[2026-05-06 10:11:47 #6 type] 
Type domain.Buyer is not enhanced.

[2026-05-06 10:11:47 #7 type.registry] 
New type domain.Conversacion

[2026-05-06 10:11:47 #8 type.registry] 
New type domain.Mensaje

[2026-05-06 10:11:47 #9 type.registry] 
New type domain.Valoracion

[2026-05-06 10:11:47 #10 type.registry] 
New type domain.ProposedSale

[2026-05-06 10:11:47 #11 type.registry] 
New type domain.Transaction

[2026-05-06 10:11:47 #12 type] 
Type domain.Seller is not enhanced.

[2026-05-06 10:11:47 #13 type.registry] 
New type domain.Sale

[2026-05-06 10:11:47 #14 type] 
Type domain.Conversacion is not enhanced.

[2026-05-06 10:11:47 #15 type.registry] 
New type domain.Conversacion$EstadoConversacion

[2026-05-06 10:11:47 #16 type] 
Type domain.Mensaje is not enhanced.

[2026-05-06 10:11:47 #17 type] 
Type domain.Valoracion is not enhanced.

[2026-05-06 10:11:47 #18 type] 
Type domain.ProposedSale is not enhanced.

[2026-05-06 10:11:47 #19 type] 
Type domain.Transaction is not enhanced.

[2026-05-06 10:11:47 #20 type.registry] 
New type domain.Transaction$TransactionType

[2026-05-06 10:11:47 #21 type] 
Type domain.Sale is not enhanced.

[2026-05-06 10:11:47 #22 type.registry] 
New type java.util.ArrayList<java.lang.Object>

[2026-05-06 10:11:47 #23 type.registry] 
New type java.util.ArrayList<domain.ProposedSale>

[2026-05-06 10:11:47 #24 type.registry] 
New type java.util.ArrayList<domain.Valoracion>

[2026-05-06 10:11:47 #25 type.registry] 
New type java.util.ArrayList<domain.Mensaje>

[2026-05-06 10:11:47 #26 type.registry] 
New type java.util.ArrayList<domain.Conversacion>

[2026-05-06 10:11:47 #27 type.registry] 
New type java.util.ArrayList<domain.Sale>

[2026-05-06 10:11:47 #28 type.registry] 
New type java.util.ArrayList<domain.Transaction>

------------------------------------------------------------------------------------------------------------------------

[2026-05-06 10:19:29 #1 store] 
Database 'C:\Users\IKER\Desktop\market26\src\main\resources\products.temp' is opened by 26196@LAPTOP-SBTTNCFP

[2026-05-06 10:19:30 #2 type.registry] 
New type domain.User

[2026-05-06 10:19:30 #3 type.registry] 
New type domain.Buyer

[2026-05-06 10:19:30 #4 type.registry] 
New type domain.Seller

[2026-05-06 10:19:30 #5 type] 
Type domain.User is not enhanced.

[2026-05-06 10:19:30 #6 type] 
Type domain.Buyer is not enhanced.

[2026-05-06 10:19:30 #7 type.registry] 
New type domain.Conversacion

[2026-05-06 10:19:30 #8 type.registry] 
New type domain.Mensaje

[2026-05-06 10:19:30 #9 type.registry] 
New type domain.Valoracion

[2026-05-06 10:19:30 #10 type.registry] 
New type domain.ProposedSale

[2026-05-06 10:19:30 #11 type.registry] 
New type domain.Transaction

[2026-05-06 10:19:30 #12 type] 
Type domain.Seller is not enhanced.

[2026-05-06 10:19:30 #13 type.registry] 
New type domain.Sale

[2026-05-06 10:19:30 #14 type] 
Type domain.Conversacion is not enhanced.

[2026-05-06 10:19:30 #15 type.registry] 
New type domain.Conversacion$EstadoConversacion

[2026-05-06 10:19:30 #16 type] 
Type domain.Mensaje is not enhanced.

[2026-05-06 10:19:30 #17 type] 
Type domain.Valoracion is not enhanced.

[2026-05-06 10:19:30 #18 type] 
Type domain.ProposedSale is not enhanced.

[2026-05-06 10:19:30 #19 type] 
Type domain.Transaction is not enhanced.

[2026-05-06 10:19:30 #20 type.registry] 
New type domain.Transaction$TransactionType

[2026-05-06 10:19:30 #21 type] 
Type domain.Sale is not enhanced.

[2026-05-06 10:19:30 #22 type.registry] 
New type java.util.ArrayList<java.lang.Object>

[2026-05-06 10:19:30 #23 type.registry] 
New type java.util.ArrayList<domain.ProposedSale>

[2026-05-06 10:19:30 #24 type.registry] 
New type java.util.ArrayList<domain.Valoracion>

[2026-05-06 10:19:30 #25 type.registry] 
New type java.util.ArrayList<domain.Mensaje>

[2026-05-06 10:19:30 #26 type.registry] 
New type java.util.ArrayList<domain.Conversacion>

[2026-05-06 10:19:30 #27 type.registry] 
New type java.util.ArrayList<domain.Sale>

[2026-05-06 10:19:30 #28 type.registry] 
New type java.util.ArrayList<domain.Transaction>

------------------------------------------------------------------------------------------------------------------------

[2026-05-06 10:20:30 #1 store] 
Database 'C:\Users\IKER\Desktop\market26\src\main\resources\products.temp' is opened by 23492@LAPTOP-SBTTNCFP

[2026-05-06 10:20:30 #2 type.registry] 
New type domain.User

[2026-05-06 10:20:30 #3 type.registry] 
New type domain.Buyer

[2026-05-06 10:20:30 #4 type.registry] 
New type domain.Seller

[2026-05-06 10:20:30 #5 type] 
Type domain.User is not enhanced.

[2026-05-06 10:20:30 #6 type] 
Type domain.Buyer is not enhanced.

[2026-05-06 10:20:30 #7 type.registry] 
New type domain.Conversacion

[2026-05-06 10:20:30 #8 type.registry] 
New type domain.Mensaje

[2026-05-06 10:20:30 #9 type.registry] 
New type domain.Valoracion

[2026-05-06 10:20:30 #10 type.registry] 
New type domain.ProposedSale

[2026-05-06 10:20:30 #11 type.registry] 
New type domain.Transaction

[2026-05-06 10:20:30 #12 type] 
Type domain.Seller is not enhanced.

[2026-05-06 10:20:30 #13 type.registry] 
New type domain.Sale

[2026-05-06 10:20:30 #14 type] 
Type domain.Conversacion is not enhanced.

[2026-05-06 10:20:30 #15 type.registry] 
New type domain.Conversacion$EstadoConversacion

[2026-05-06 10:20:30 #16 type] 
Type domain.Mensaje is not enhanced.

[2026-05-06 10:20:30 #17 type] 
Type domain.Valoracion is not enhanced.

[2026-05-06 10:20:30 #18 type] 
Type domain.ProposedSale is not enhanced.

[2026-05-06 10:20:30 #19 type] 
Type domain.Transaction is not enhanced.

[2026-05-06 10:20:30 #20 type.registry] 
New type domain.Transaction$TransactionType

[2026-05-06 10:20:30 #21 type] 
Type domain.Sale is not enhanced.

[2026-05-06 10:20:30 #22 type.registry] 
New type java.util.ArrayList<java.lang.Object>

[2026-05-06 10:20:30 #23 type.registry] 
New type java.util.ArrayList<domain.ProposedSale>

[2026-05-06 10:20:30 #24 type.registry] 
New type java.util.ArrayList<domain.Valoracion>

[2026-05-06 10:20:30 #25 type.registry] 
New type java.util.ArrayList<domain.Mensaje>

[2026-05-06 10:20:30 #26 type.registry] 
New type java.util.ArrayList<domain.Conversacion>

[2026-05-06 10:20:30 #27 type.registry] 
New type java.util.ArrayList<domain.Sale>

[2026-05-06 10:20:30 #28 type.registry] 
New type java.util.ArrayList<domain.Transaction>

[2026-05-06 10:20:37 #29 type.registry] 
New type com.objectdb.o.LMT

[2026-05-06 10:20:37 #30 type.registry] 
New type com.objectdb.o.VAL

[2026-05-06 10:20:37 #31 type.registry] 
New type com.objectdb.o.RFV

------------------------------------------------------------------------------------------------------------------------

[2026-05-06 10:21:16 #1 store] 
Database 'C:\Users\IKER\Desktop\market26\src\main\resources\products.temp' is opened by 10192@LAPTOP-SBTTNCFP

[2026-05-06 10:21:16 #2 type.registry] 
New type domain.User

[2026-05-06 10:21:16 #3 type.registry] 
New type domain.Buyer

[2026-05-06 10:21:16 #4 type.registry] 
New type domain.Seller

[2026-05-06 10:21:16 #5 type] 
Type domain.User is not enhanced.

[2026-05-06 10:21:16 #6 type] 
Type domain.Buyer is not enhanced.

[2026-05-06 10:21:16 #7 type.registry] 
New type domain.Conversacion

[2026-05-06 10:21:16 #8 type.registry] 
New type domain.Mensaje

[2026-05-06 10:21:16 #9 type.registry] 
New type domain.Valoracion

[2026-05-06 10:21:16 #10 type.registry] 
New type domain.ProposedSale

[2026-05-06 10:21:16 #11 type.registry] 
New type domain.Transaction

[2026-05-06 10:21:16 #12 type] 
Type domain.Seller is not enhanced.

[2026-05-06 10:21:16 #13 type.registry] 
New type domain.Sale

[2026-05-06 10:21:16 #14 type] 
Type domain.Conversacion is not enhanced.

[2026-05-06 10:21:16 #15 type.registry] 
New type domain.Conversacion$EstadoConversacion

[2026-05-06 10:21:16 #16 type] 
Type domain.Mensaje is not enhanced.

[2026-05-06 10:21:16 #17 type] 
Type domain.Valoracion is not enhanced.

[2026-05-06 10:21:16 #18 type] 
Type domain.ProposedSale is not enhanced.

[2026-05-06 10:21:16 #19 type] 
Type domain.Transaction is not enhanced.

[2026-05-06 10:21:16 #20 type.registry] 
New type domain.Transaction$TransactionType

[2026-05-06 10:21:16 #21 type] 
Type domain.Sale is not enhanced.

[2026-05-06 10:21:16 #22 type.registry] 
New type java.util.ArrayList<java.lang.Object>

[2026-05-06 10:21:16 #23 type.registry] 
New type java.util.ArrayList<domain.ProposedSale>

[2026-05-06 10:21:16 #24 type.registry] 
New type java.util.ArrayList<domain.Valoracion>

[2026-05-06 10:21:16 #25 type.registry] 
New type java.util.ArrayList<domain.Mensaje>

[2026-05-06 10:21:16 #26 type.registry] 
New type java.util.ArrayList<domain.Conversacion>

[2026-05-06 10:21:16 #27 type.registry] 
New type java.util.ArrayList<domain.Sale>

[2026-05-06 10:21:16 #28 type.registry] 
New type java.util.ArrayList<domain.Transaction>

------------------------------------------------------------------------------------------------------------------------

[2026-05-06 10:28:03 #1 store] 
Database 'C:\Users\IKER\Desktop\market26\src\main\resources\products.temp' is opened by 3836@LAPTOP-SBTTNCFP

[2026-05-06 10:28:03 #2 type.registry] 
New type domain.User

[2026-05-06 10:28:03 #3 type.registry] 
New type domain.Buyer

[2026-05-06 10:28:03 #4 type.registry] 
New type domain.Seller

[2026-05-06 10:28:03 #5 type] 
Type domain.User is not enhanced.

[2026-05-06 10:28:03 #6 type] 
Type domain.Buyer is not enhanced.

[2026-05-06 10:28:03 #7 type.registry] 
New type domain.Conversacion

[2026-05-06 10:28:03 #8 type.registry] 
New type domain.Mensaje

[2026-05-06 10:28:03 #9 type.registry] 
New type domain.Valoracion

[2026-05-06 10:28:03 #10 type.registry] 
New type domain.ProposedSale

[2026-05-06 10:28:03 #11 type.registry] 
New type domain.Transaction

[2026-05-06 10:28:03 #12 type] 
Type domain.Seller is not enhanced.

[2026-05-06 10:28:03 #13 type.registry] 
New type domain.Sale

[2026-05-06 10:28:03 #14 type] 
Type domain.Conversacion is not enhanced.

[2026-05-06 10:28:03 #15 type.registry] 
New type domain.Conversacion$EstadoConversacion

[2026-05-06 10:28:03 #16 type] 
Type domain.Mensaje is not enhanced.

[2026-05-06 10:28:03 #17 type] 
Type domain.Valoracion is not enhanced.

[2026-05-06 10:28:03 #18 type] 
Type domain.ProposedSale is not enhanced.

[2026-05-06 10:28:03 #19 type] 
Type domain.Transaction is not enhanced.

[2026-05-06 10:28:03 #20 type.registry] 
New type domain.Transaction$TransactionType

[2026-05-06 10:28:03 #21 type] 
Type domain.Sale is not enhanced.

[2026-05-06 10:28:03 #22 type.registry] 
New type java.util.ArrayList<java.lang.Object>

[2026-05-06 10:28:03 #23 type.registry] 
New type java.util.ArrayList<domain.ProposedSale>

[2026-05-06 10:28:03 #24 type.registry] 
New type java.util.ArrayList<domain.Valoracion>

[2026-05-06 10:28:03 #25 type.registry] 
New type java.util.ArrayList<domain.Mensaje>

[2026-05-06 10:28:03 #26 type.registry] 
New type java.util.ArrayList<domain.Conversacion>

[2026-05-06 10:28:03 #27 type.registry] 
New type java.util.ArrayList<domain.Sale>

[2026-05-06 10:28:03 #28 type.registry] 
New type java.util.ArrayList<domain.Transaction>

[2026-05-06 10:28:12 #29 type.registry] 
New type com.objectdb.o.LMT

[2026-05-06 10:28:12 #30 type.registry] 
New type com.objectdb.o.VAL

[2026-05-06 10:28:12 #31 type.registry] 
New type com.objectdb.o.RFV

------------------------------------------------------------------------------------------------------------------------

[2026-05-06 10:39:49 #1 store] 
Database 'C:\Users\IKER\Desktop\market26\src\main\resources\products.temp' is opened by 22040@LAPTOP-SBTTNCFP

[2026-05-06 10:39:50 #2 type.registry] 
New type domain.User

[2026-05-06 10:39:50 #3 type.registry] 
New type domain.Buyer

[2026-05-06 10:39:50 #4 type.registry] 
New type domain.Seller

[2026-05-06 10:39:50 #5 type] 
Type domain.User is not enhanced.

[2026-05-06 10:39:50 #6 type] 
Type domain.Buyer is not enhanced.

[2026-05-06 10:39:50 #7 type.registry] 
New type domain.Conversacion

[2026-05-06 10:39:50 #8 type.registry] 
New type domain.Mensaje

[2026-05-06 10:39:50 #9 type.registry] 
New type domain.Valoracion

[2026-05-06 10:39:50 #10 type.registry] 
New type domain.ProposedSale

[2026-05-06 10:39:50 #11 type.registry] 
New type domain.Transaction

[2026-05-06 10:39:50 #12 type] 
Type domain.Seller is not enhanced.

[2026-05-06 10:39:50 #13 type.registry] 
New type domain.Sale

[2026-05-06 10:39:50 #14 type] 
Type domain.Conversacion is not enhanced.

[2026-05-06 10:39:50 #15 type.registry] 
New type domain.Conversacion$EstadoConversacion

[2026-05-06 10:39:50 #16 type] 
Type domain.Mensaje is not enhanced.

[2026-05-06 10:39:50 #17 type] 
Type domain.Valoracion is not enhanced.

[2026-05-06 10:39:50 #18 type] 
Type domain.ProposedSale is not enhanced.

[2026-05-06 10:39:50 #19 type] 
Type domain.Transaction is not enhanced.

[2026-05-06 10:39:50 #20 type.registry] 
New type domain.Transaction$TransactionType

[2026-05-06 10:39:50 #21 type] 
Type domain.Sale is not enhanced.

[2026-05-06 10:39:50 #22 type.registry] 
New type java.util.ArrayList<java.lang.Object>

[2026-05-06 10:39:50 #23 type.registry] 
New type java.util.ArrayList<domain.ProposedSale>

[2026-05-06 10:39:50 #24 type.registry] 
New type java.util.ArrayList<domain.Valoracion>

[2026-05-06 10:39:50 #25 type.registry] 
New type java.util.ArrayList<domain.Mensaje>

[2026-05-06 10:39:50 #26 type.registry] 
New type java.util.ArrayList<domain.Conversacion>

[2026-05-06 10:39:50 #27 type.registry] 
New type java.util.ArrayList<domain.Sale>

[2026-05-06 10:39:50 #28 type.registry] 
New type java.util.ArrayList<domain.Transaction>

[2026-05-06 10:39:58 #29 type.registry] 
New type com.objectdb.o.LMT

[2026-05-06 10:39:58 #30 type.registry] 
New type com.objectdb.o.VAL

[2026-05-06 10:39:58 #31 type.registry] 
New type com.objectdb.o.RFV

------------------------------------------------------------------------------------------------------------------------

[2026-05-06 11:39:44 #1 store] 
Database 'C:\Users\kenne\git\market26\src\main\resources\products.temp' is opened by 27688@Traspié

[2026-05-06 11:39:44 #2 type.registry] 
New type domain.User

[2026-05-06 11:39:44 #3 type.registry] 
New type domain.Buyer

[2026-05-06 11:39:44 #4 type.registry] 
New type domain.Seller

[2026-05-06 11:39:44 #5 type] 
Type domain.User is not enhanced.

[2026-05-06 11:39:44 #6 type] 
Type domain.Buyer is not enhanced.

[2026-05-06 11:39:44 #7 type.registry] 
New type domain.Conversacion

[2026-05-06 11:39:44 #8 type.registry] 
New type domain.Mensaje

[2026-05-06 11:39:44 #9 type.registry] 
New type domain.Valoracion

[2026-05-06 11:39:44 #10 type.registry] 
New type domain.ProposedSale

[2026-05-06 11:39:44 #11 type.registry] 
New type domain.Transaction

[2026-05-06 11:39:44 #12 type] 
Type domain.Seller is not enhanced.

[2026-05-06 11:39:44 #13 type.registry] 
New type domain.Sale

[2026-05-06 11:39:44 #14 type] 
Type domain.Conversacion is not enhanced.

[2026-05-06 11:39:44 #15 type.registry] 
New type domain.Conversacion$EstadoConversacion

[2026-05-06 11:39:44 #16 type] 
Type domain.Mensaje is not enhanced.

[2026-05-06 11:39:44 #17 type] 
Type domain.Valoracion is not enhanced.

[2026-05-06 11:39:44 #18 type] 
Type domain.ProposedSale is not enhanced.

[2026-05-06 11:39:44 #19 type] 
Type domain.Transaction is not enhanced.

[2026-05-06 11:39:44 #20 type.registry] 
New type domain.Transaction$TransactionType

[2026-05-06 11:39:44 #21 type] 
Type domain.Sale is not enhanced.

[2026-05-06 11:39:44 #22 type.registry] 
New type java.util.ArrayList<java.lang.Object>

[2026-05-06 11:39:44 #23 type.registry] 
New type java.util.ArrayList<domain.ProposedSale>

[2026-05-06 11:39:44 #24 type.registry] 
New type java.util.ArrayList<domain.Valoracion>

[2026-05-06 11:39:44 #25 type.registry] 
New type java.util.ArrayList<domain.Mensaje>

[2026-05-06 11:39:44 #26 type.registry] 
New type java.util.ArrayList<domain.Conversacion>

[2026-05-06 11:39:44 #27 type.registry] 
New type java.util.ArrayList<domain.Sale>

[2026-05-06 11:39:44 #28 type.registry] 
New type java.util.ArrayList<domain.Transaction>

------------------------------------------------------------------------------------------------------------------------

[2026-05-06 11:41:23 #1 store] 
Database 'C:\Users\kenne\git\market26\src\main\resources\products.temp' is opened by 14040@Traspié

[2026-05-06 11:41:24 #2 type.registry] 
New type domain.User

[2026-05-06 11:41:24 #3 type.registry] 
New type domain.Buyer

[2026-05-06 11:41:24 #4 type.registry] 
New type domain.Seller

[2026-05-06 11:41:24 #5 type] 
Type domain.User is not enhanced.

[2026-05-06 11:41:24 #6 type] 
Type domain.Buyer is not enhanced.

[2026-05-06 11:41:24 #7 type.registry] 
New type domain.Conversacion

[2026-05-06 11:41:24 #8 type.registry] 
New type domain.Mensaje

[2026-05-06 11:41:24 #9 type.registry] 
New type domain.Valoracion

[2026-05-06 11:41:24 #10 type.registry] 
New type domain.ProposedSale

[2026-05-06 11:41:24 #11 type.registry] 
New type domain.Transaction

[2026-05-06 11:41:24 #12 type] 
Type domain.Seller is not enhanced.

[2026-05-06 11:41:24 #13 type.registry] 
New type domain.Sale

[2026-05-06 11:41:24 #14 type] 
Type domain.Conversacion is not enhanced.

[2026-05-06 11:41:24 #15 type.registry] 
New type domain.Conversacion$EstadoConversacion

[2026-05-06 11:41:24 #16 type] 
Type domain.Mensaje is not enhanced.

[2026-05-06 11:41:24 #17 type] 
Type domain.Valoracion is not enhanced.

[2026-05-06 11:41:24 #18 type] 
Type domain.ProposedSale is not enhanced.

[2026-05-06 11:41:24 #19 type] 
Type domain.Transaction is not enhanced.

[2026-05-06 11:41:24 #20 type.registry] 
New type domain.Transaction$TransactionType

[2026-05-06 11:41:24 #21 type] 
Type domain.Sale is not enhanced.

[2026-05-06 11:41:24 #22 type.registry] 
New type java.util.ArrayList<java.lang.Object>

[2026-05-06 11:41:24 #23 type.registry] 
New type java.util.ArrayList<domain.ProposedSale>

[2026-05-06 11:41:24 #24 type.registry] 
New type java.util.ArrayList<domain.Valoracion>

[2026-05-06 11:41:24 #25 type.registry] 
New type java.util.ArrayList<domain.Mensaje>

[2026-05-06 11:41:24 #26 type.registry] 
New type java.util.ArrayList<domain.Conversacion>

[2026-05-06 11:41:24 #27 type.registry] 
New type java.util.ArrayList<domain.Sale>

[2026-05-06 11:41:24 #28 type.registry] 
New type java.util.ArrayList<domain.Transaction>

------------------------------------------------------------------------------------------------------------------------

[2026-05-06 11:42:19 #1 store] 
Database 'C:\Users\kenne\git\market26\src\main\resources\products.temp' is opened by 3256@Traspié

[2026-05-06 11:42:19 #2 type.registry] 
New type domain.User

[2026-05-06 11:42:19 #3 type.registry] 
New type domain.Buyer

[2026-05-06 11:42:19 #4 type.registry] 
New type domain.Seller

[2026-05-06 11:42:19 #5 type] 
Type domain.User is not enhanced.

[2026-05-06 11:42:19 #6 type] 
Type domain.Buyer is not enhanced.

[2026-05-06 11:42:19 #7 type.registry] 
New type domain.Conversacion

[2026-05-06 11:42:19 #8 type.registry] 
New type domain.Mensaje

[2026-05-06 11:42:19 #9 type.registry] 
New type domain.Valoracion

[2026-05-06 11:42:19 #10 type.registry] 
New type domain.ProposedSale

[2026-05-06 11:42:19 #11 type.registry] 
New type domain.Transaction

[2026-05-06 11:42:19 #12 type] 
Type domain.Seller is not enhanced.

[2026-05-06 11:42:19 #13 type.registry] 
New type domain.Sale

[2026-05-06 11:42:19 #14 type] 
Type domain.Conversacion is not enhanced.

[2026-05-06 11:42:19 #15 type.registry] 
New type domain.Conversacion$EstadoConversacion

[2026-05-06 11:42:19 #16 type] 
Type domain.Mensaje is not enhanced.

[2026-05-06 11:42:19 #17 type] 
Type domain.Valoracion is not enhanced.

[2026-05-06 11:42:19 #18 type] 
Type domain.ProposedSale is not enhanced.

[2026-05-06 11:42:19 #19 type] 
Type domain.Transaction is not enhanced.

[2026-05-06 11:42:19 #20 type.registry] 
New type domain.Transaction$TransactionType

[2026-05-06 11:42:19 #21 type] 
Type domain.Sale is not enhanced.

[2026-05-06 11:42:19 #22 type.registry] 
New type java.util.ArrayList<java.lang.Object>

[2026-05-06 11:42:19 #23 type.registry] 
New type java.util.ArrayList<domain.ProposedSale>

[2026-05-06 11:42:19 #24 type.registry] 
New type java.util.ArrayList<domain.Valoracion>

[2026-05-06 11:42:19 #25 type.registry] 
New type java.util.ArrayList<domain.Mensaje>

[2026-05-06 11:42:19 #26 type.registry] 
New type java.util.ArrayList<domain.Conversacion>

[2026-05-06 11:42:19 #27 type.registry] 
New type java.util.ArrayList<domain.Sale>

[2026-05-06 11:42:19 #28 type.registry] 
New type java.util.ArrayList<domain.Transaction>

------------------------------------------------------------------------------------------------------------------------

[2026-05-06 11:46:57 #1 store] 
Database 'C:\Users\kenne\git\market26\src\main\resources\products.temp' is opened by 25052@Traspié

[2026-05-06 11:46:57 #2 type.registry] 
New type domain.User

[2026-05-06 11:46:57 #3 type.registry] 
New type domain.Buyer

[2026-05-06 11:46:57 #4 type.registry] 
New type domain.Seller

[2026-05-06 11:46:57 #5 type] 
Type domain.User is not enhanced.

[2026-05-06 11:46:57 #6 type] 
Type domain.Buyer is not enhanced.

[2026-05-06 11:46:57 #7 type.registry] 
New type domain.Conversacion

[2026-05-06 11:46:57 #8 type.registry] 
New type domain.Mensaje

[2026-05-06 11:46:57 #9 type.registry] 
New type domain.Valoracion

[2026-05-06 11:46:57 #10 type.registry] 
New type domain.ProposedSale

[2026-05-06 11:46:57 #11 type.registry] 
New type domain.Transaction

[2026-05-06 11:46:57 #12 type] 
Type domain.Seller is not enhanced.

[2026-05-06 11:46:57 #13 type.registry] 
New type domain.Sale

[2026-05-06 11:46:57 #14 type] 
Type domain.Conversacion is not enhanced.

[2026-05-06 11:46:57 #15 type.registry] 
New type domain.Conversacion$EstadoConversacion

[2026-05-06 11:46:57 #16 type] 
Type domain.Mensaje is not enhanced.

[2026-05-06 11:46:57 #17 type] 
Type domain.Valoracion is not enhanced.

[2026-05-06 11:46:57 #18 type] 
Type domain.ProposedSale is not enhanced.

[2026-05-06 11:46:57 #19 type] 
Type domain.Transaction is not enhanced.

[2026-05-06 11:46:57 #20 type.registry] 
New type domain.Transaction$TransactionType

[2026-05-06 11:46:57 #21 type] 
Type domain.Sale is not enhanced.

[2026-05-06 11:46:57 #22 type.registry] 
New type java.util.ArrayList<java.lang.Object>

[2026-05-06 11:46:57 #23 type.registry] 
New type java.util.ArrayList<domain.ProposedSale>

[2026-05-06 11:46:57 #24 type.registry] 
New type java.util.ArrayList<domain.Valoracion>

[2026-05-06 11:46:57 #25 type.registry] 
New type java.util.ArrayList<domain.Mensaje>

[2026-05-06 11:46:57 #26 type.registry] 
New type java.util.ArrayList<domain.Conversacion>

[2026-05-06 11:46:57 #27 type.registry] 
New type java.util.ArrayList<domain.Sale>

[2026-05-06 11:46:57 #28 type.registry] 
New type java.util.ArrayList<domain.Transaction>

[2026-05-06 11:47:10 #29 type.registry] 
New type com.objectdb.o.LMT

[2026-05-06 11:47:10 #30 type.registry] 
New type com.objectdb.o.VAL

[2026-05-06 11:47:10 #31 type.registry] 
New type com.objectdb.o.RFV

------------------------------------------------------------------------------------------------------------------------

[2026-05-06 11:49:20 #1 store] 
Database 'C:\Users\kenne\git\market26\src\main\resources\products.temp' is opened by 28108@Traspié

[2026-05-06 11:49:20 #2 type.registry] 
New type domain.User

[2026-05-06 11:49:20 #3 type.registry] 
New type domain.Buyer

[2026-05-06 11:49:20 #4 type.registry] 
New type domain.Seller

[2026-05-06 11:49:20 #5 type] 
Type domain.User is not enhanced.

[2026-05-06 11:49:20 #6 type] 
Type domain.Buyer is not enhanced.

[2026-05-06 11:49:20 #7 type.registry] 
New type domain.Conversacion

[2026-05-06 11:49:20 #8 type.registry] 
New type domain.Mensaje

[2026-05-06 11:49:20 #9 type.registry] 
New type domain.Valoracion

[2026-05-06 11:49:20 #10 type.registry] 
New type domain.ProposedSale

[2026-05-06 11:49:20 #11 type.registry] 
New type domain.Transaction

[2026-05-06 11:49:20 #12 type] 
Type domain.Seller is not enhanced.

[2026-05-06 11:49:20 #13 type.registry] 
New type domain.Sale

[2026-05-06 11:49:20 #14 type] 
Type domain.Conversacion is not enhanced.

[2026-05-06 11:49:20 #15 type.registry] 
New type domain.Conversacion$EstadoConversacion

[2026-05-06 11:49:20 #16 type] 
Type domain.Mensaje is not enhanced.

[2026-05-06 11:49:20 #17 type] 
Type domain.Valoracion is not enhanced.

[2026-05-06 11:49:20 #18 type] 
Type domain.ProposedSale is not enhanced.

[2026-05-06 11:49:20 #19 type] 
Type domain.Transaction is not enhanced.

[2026-05-06 11:49:20 #20 type.registry] 
New type domain.Transaction$TransactionType

[2026-05-06 11:49:20 #21 type] 
Type domain.Sale is not enhanced.

[2026-05-06 11:49:20 #22 type.registry] 
New type java.util.ArrayList<java.lang.Object>

[2026-05-06 11:49:20 #23 type.registry] 
New type java.util.ArrayList<domain.ProposedSale>

[2026-05-06 11:49:20 #24 type.registry] 
New type java.util.ArrayList<domain.Valoracion>

[2026-05-06 11:49:20 #25 type.registry] 
New type java.util.ArrayList<domain.Mensaje>

[2026-05-06 11:49:20 #26 type.registry] 
New type java.util.ArrayList<domain.Conversacion>

[2026-05-06 11:49:20 #27 type.registry] 
New type java.util.ArrayList<domain.Sale>

[2026-05-06 11:49:20 #28 type.registry] 
New type java.util.ArrayList<domain.Transaction>

[2026-05-06 11:49:42 #29 type.registry] 
New type com.objectdb.o.LMT

[2026-05-06 11:49:42 #30 type.registry] 
New type com.objectdb.o.VAL

[2026-05-06 11:49:42 #31 type.registry] 
New type com.objectdb.o.RFV

------------------------------------------------------------------------------------------------------------------------

[2026-05-06 11:51:09 #1 store] 
Database 'C:\Users\kenne\git\market26\src\main\resources\products.temp' is opened by 15972@Traspié

[2026-05-06 11:51:10 #2 type.registry] 
New type domain.User

[2026-05-06 11:51:10 #3 type.registry] 
New type domain.Buyer

[2026-05-06 11:51:10 #4 type.registry] 
New type domain.Seller

[2026-05-06 11:51:10 #5 type] 
Type domain.User is not enhanced.

[2026-05-06 11:51:10 #6 type] 
Type domain.Buyer is not enhanced.

[2026-05-06 11:51:10 #7 type.registry] 
New type domain.Conversacion

[2026-05-06 11:51:10 #8 type.registry] 
New type domain.Mensaje

[2026-05-06 11:51:10 #9 type.registry] 
New type domain.Valoracion

[2026-05-06 11:51:10 #10 type.registry] 
New type domain.ProposedSale

[2026-05-06 11:51:10 #11 type.registry] 
New type domain.Transaction

[2026-05-06 11:51:10 #12 type] 
Type domain.Seller is not enhanced.

[2026-05-06 11:51:10 #13 type.registry] 
New type domain.Sale

[2026-05-06 11:51:10 #14 type] 
Type domain.Conversacion is not enhanced.

[2026-05-06 11:51:10 #15 type.registry] 
New type domain.Conversacion$EstadoConversacion

[2026-05-06 11:51:10 #16 type] 
Type domain.Mensaje is not enhanced.

[2026-05-06 11:51:10 #17 type] 
Type domain.Valoracion is not enhanced.

[2026-05-06 11:51:10 #18 type] 
Type domain.ProposedSale is not enhanced.

[2026-05-06 11:51:10 #19 type] 
Type domain.Transaction is not enhanced.

[2026-05-06 11:51:10 #20 type.registry] 
New type domain.Transaction$TransactionType

[2026-05-06 11:51:10 #21 type] 
Type domain.Sale is not enhanced.

[2026-05-06 11:51:10 #22 type.registry] 
New type java.util.ArrayList<java.lang.Object>

[2026-05-06 11:51:10 #23 type.registry] 
New type java.util.ArrayList<domain.ProposedSale>

[2026-05-06 11:51:10 #24 type.registry] 
New type java.util.ArrayList<domain.Valoracion>

[2026-05-06 11:51:10 #25 type.registry] 
New type java.util.ArrayList<domain.Mensaje>

[2026-05-06 11:51:10 #26 type.registry] 
New type java.util.ArrayList<domain.Conversacion>

[2026-05-06 11:51:10 #27 type.registry] 
New type java.util.ArrayList<domain.Sale>

[2026-05-06 11:51:10 #28 type.registry] 
New type java.util.ArrayList<domain.Transaction>

[2026-05-06 11:51:25 #29 type.registry] 
New type com.objectdb.o.LMT

[2026-05-06 11:51:25 #30 type.registry] 
New type com.objectdb.o.VAL

[2026-05-06 11:51:25 #31 type.registry] 
New type com.objectdb.o.RFV

------------------------------------------------------------------------------------------------------------------------

[2026-05-06 11:53:16 #1 store] 
Database 'C:\Users\kenne\git\market26\src\main\resources\products.temp' is opened by 26204@Traspié

[2026-05-06 11:53:16 #2 type.registry] 
New type domain.User

[2026-05-06 11:53:16 #3 type.registry] 
New type domain.Buyer

[2026-05-06 11:53:16 #4 type.registry] 
New type domain.Seller

[2026-05-06 11:53:16 #5 type] 
Type domain.User is not enhanced.

[2026-05-06 11:53:16 #6 type] 
Type domain.Buyer is not enhanced.

[2026-05-06 11:53:16 #7 type.registry] 
New type domain.Conversacion

[2026-05-06 11:53:16 #8 type.registry] 
New type domain.Mensaje

[2026-05-06 11:53:16 #9 type.registry] 
New type domain.Valoracion

[2026-05-06 11:53:16 #10 type.registry] 
New type domain.ProposedSale

[2026-05-06 11:53:16 #11 type.registry] 
New type domain.Transaction

[2026-05-06 11:53:16 #12 type] 
Type domain.Seller is not enhanced.

[2026-05-06 11:53:16 #13 type.registry] 
New type domain.Sale

[2026-05-06 11:53:16 #14 type] 
Type domain.Conversacion is not enhanced.

[2026-05-06 11:53:16 #15 type.registry] 
New type domain.Conversacion$EstadoConversacion

[2026-05-06 11:53:16 #16 type] 
Type domain.Mensaje is not enhanced.

[2026-05-06 11:53:16 #17 type] 
Type domain.Valoracion is not enhanced.

[2026-05-06 11:53:16 #18 type] 
Type domain.ProposedSale is not enhanced.

[2026-05-06 11:53:16 #19 type] 
Type domain.Transaction is not enhanced.

[2026-05-06 11:53:16 #20 type.registry] 
New type domain.Transaction$TransactionType

[2026-05-06 11:53:16 #21 type] 
Type domain.Sale is not enhanced.

[2026-05-06 11:53:16 #22 type.registry] 
New type java.util.ArrayList<java.lang.Object>

[2026-05-06 11:53:16 #23 type.registry] 
New type java.util.ArrayList<domain.ProposedSale>

[2026-05-06 11:53:16 #24 type.registry] 
New type java.util.ArrayList<domain.Valoracion>

[2026-05-06 11:53:16 #25 type.registry] 
New type java.util.ArrayList<domain.Mensaje>

[2026-05-06 11:53:16 #26 type.registry] 
New type java.util.ArrayList<domain.Conversacion>

[2026-05-06 11:53:16 #27 type.registry] 
New type java.util.ArrayList<domain.Sale>

[2026-05-06 11:53:16 #28 type.registry] 
New type java.util.ArrayList<domain.Transaction>

[2026-05-06 11:53:27 #29 type.registry] 
New type com.objectdb.o.LMT

[2026-05-06 11:53:27 #30 type.registry] 
New type com.objectdb.o.VAL

[2026-05-06 11:53:27 #31 type.registry] 
New type com.objectdb.o.RFV

------------------------------------------------------------------------------------------------------------------------

[2026-05-06 12:12:07 #1 store] 
Database 'C:\Users\kenne\git\market26\src\main\resources\products.temp' is opened by 26608@Traspié

[2026-05-06 12:12:08 #2 type.registry] 
New type domain.User

[2026-05-06 12:12:08 #3 type.registry] 
New type domain.Buyer

[2026-05-06 12:12:08 #4 type.registry] 
New type domain.Seller

[2026-05-06 12:12:08 #5 type] 
Type domain.User is not enhanced.

[2026-05-06 12:12:08 #6 type] 
Type domain.Buyer is not enhanced.

[2026-05-06 12:12:08 #7 type.registry] 
New type domain.Conversacion

[2026-05-06 12:12:08 #8 type.registry] 
New type domain.Mensaje

[2026-05-06 12:12:08 #9 type.registry] 
New type domain.Valoracion

[2026-05-06 12:12:08 #10 type.registry] 
New type domain.ProposedSale

[2026-05-06 12:12:08 #11 type.registry] 
New type domain.Transaction

[2026-05-06 12:12:08 #12 type] 
Type domain.Seller is not enhanced.

[2026-05-06 12:12:08 #13 type.registry] 
New type domain.Sale

[2026-05-06 12:12:08 #14 type] 
Type domain.Conversacion is not enhanced.

[2026-05-06 12:12:08 #15 type.registry] 
New type domain.Conversacion$EstadoConversacion

[2026-05-06 12:12:08 #16 type] 
Type domain.Mensaje is not enhanced.

[2026-05-06 12:12:08 #17 type] 
Type domain.Valoracion is not enhanced.

[2026-05-06 12:12:08 #18 type] 
Type domain.ProposedSale is not enhanced.

[2026-05-06 12:12:08 #19 type] 
Type domain.Transaction is not enhanced.

[2026-05-06 12:12:08 #20 type.registry] 
New type domain.Transaction$TransactionType

[2026-05-06 12:12:08 #21 type] 
Type domain.Sale is not enhanced.

[2026-05-06 12:12:08 #22 type.registry] 
New type java.util.ArrayList<java.lang.Object>

[2026-05-06 12:12:08 #23 type.registry] 
New type java.util.ArrayList<domain.ProposedSale>

[2026-05-06 12:12:08 #24 type.registry] 
New type java.util.ArrayList<domain.Valoracion>

[2026-05-06 12:12:08 #25 type.registry] 
New type java.util.ArrayList<domain.Mensaje>

[2026-05-06 12:12:08 #26 type.registry] 
New type java.util.ArrayList<domain.Conversacion>

[2026-05-06 12:12:08 #27 type.registry] 
New type java.util.ArrayList<domain.Sale>

[2026-05-06 12:12:08 #28 type.registry] 
New type java.util.ArrayList<domain.Transaction>

[2026-05-06 12:12:27 #29 type.registry] 
New type com.objectdb.o.LMT

[2026-05-06 12:12:27 #30 type.registry] 
New type com.objectdb.o.VAL

[2026-05-06 12:12:27 #31 type.registry] 
New type com.objectdb.o.RFV

------------------------------------------------------------------------------------------------------------------------

[2026-05-06 13:15:18 #1 store] 
Database 'C:\Users\kenne\git\market26\src\main\resources\products.temp' has been recovered (tr. 1-18)

[2026-05-06 13:15:18 #2 store] 
Database 'C:\Users\kenne\git\market26\src\main\resources\products.temp' is opened by 25336@Traspié

[2026-05-06 13:15:18 #3 type] 
Type domain.User is not enhanced.

[2026-05-06 13:15:18 #4 type] 
Type domain.Buyer is not enhanced.

[2026-05-06 13:15:18 #5 type] 
Type domain.Seller is not enhanced.

[2026-05-06 13:15:18 #6 type] 
Type domain.Conversacion is not enhanced.

[2026-05-06 13:15:18 #7 type] 
Type domain.Mensaje is not enhanced.

[2026-05-06 13:15:18 #8 type] 
Type domain.Valoracion is not enhanced.

[2026-05-06 13:15:18 #9 type] 
Type domain.ProposedSale is not enhanced.

[2026-05-06 13:15:18 #10 type] 
Type domain.Transaction is not enhanced.

[2026-05-06 13:15:18 #11 type] 
Type domain.Sale is not enhanced.

------------------------------------------------------------------------------------------------------------------------

[2026-05-06 13:20:31 #1 store] 
Database 'C:\Users\kenne\git\market26\src\main\resources\products.temp' is opened by 17800@Traspié

[2026-05-06 13:20:31 #2 type] 
Type domain.User is not enhanced.

[2026-05-06 13:20:31 #3 type] 
Type domain.Buyer is not enhanced.

[2026-05-06 13:20:31 #4 type] 
Type domain.Seller is not enhanced.

[2026-05-06 13:20:31 #5 type] 
Type domain.Conversacion is not enhanced.

[2026-05-06 13:20:31 #6 type] 
Type domain.Mensaje is not enhanced.

[2026-05-06 13:20:31 #7 type] 
Type domain.Valoracion is not enhanced.

[2026-05-06 13:20:31 #8 type] 
Type domain.ProposedSale is not enhanced.

[2026-05-06 13:20:31 #9 type] 
Type domain.Transaction is not enhanced.

[2026-05-06 13:20:31 #10 type] 
Type domain.Sale is not enhanced.

------------------------------------------------------------------------------------------------------------------------

[2026-05-06 13:23:50 #1 store] 
Database 'C:\Users\kenne\git\market26\src\main\resources\products.temp' has been recovered (tr. 19-22)

[2026-05-06 13:23:50 #2 store] 
Database 'C:\Users\kenne\git\market26\src\main\resources\products.temp' is opened by 13796@Traspié

[2026-05-06 13:23:50 #3 type] 
Type domain.User is not enhanced.

[2026-05-06 13:23:50 #4 type] 
Type domain.Buyer is not enhanced.

[2026-05-06 13:23:50 #5 type] 
Type domain.Seller is not enhanced.

[2026-05-06 13:23:50 #6 type] 
Type domain.Conversacion is not enhanced.

[2026-05-06 13:23:50 #7 type] 
Type domain.Mensaje is not enhanced.

[2026-05-06 13:23:50 #8 type] 
Type domain.Valoracion is not enhanced.

[2026-05-06 13:23:50 #9 type] 
Type domain.ProposedSale is not enhanced.

[2026-05-06 13:23:50 #10 type] 
Type domain.Transaction is not enhanced.

[2026-05-06 13:23:50 #11 type] 
Type domain.Sale is not enhanced.

------------------------------------------------------------------------------------------------------------------------

[2026-05-06 13:33:29 #1 store] 
Database 'C:\Users\kenne\git\market26\src\main\resources\products.temp' has been recovered (tr. 23-26)

[2026-05-06 13:33:29 #2 store] 
Database 'C:\Users\kenne\git\market26\src\main\resources\products.temp' is opened by 27808@Traspié

[2026-05-06 13:33:29 #3 type] 
Type domain.User is not enhanced.

[2026-05-06 13:33:29 #4 type] 
Type domain.Buyer is not enhanced.

[2026-05-06 13:33:29 #5 type] 
Type domain.Seller is not enhanced.

[2026-05-06 13:33:29 #6 type] 
Type domain.Conversacion is not enhanced.

[2026-05-06 13:33:29 #7 type] 
Type domain.Mensaje is not enhanced.

[2026-05-06 13:33:29 #8 type] 
Type domain.Valoracion is not enhanced.

[2026-05-06 13:33:29 #9 type] 
Type domain.ProposedSale is not enhanced.

[2026-05-06 13:33:29 #10 type] 
Type domain.Transaction is not enhanced.

[2026-05-06 13:33:29 #11 type] 
Type domain.Sale is not enhanced.

------------------------------------------------------------------------------------------------------------------------

[2026-05-06 13:34:05 #1 store] 
Database 'C:\Users\kenne\git\market26\src\main\resources\products.temp' is opened by 23728@Traspié

[2026-05-06 13:34:05 #2 type.registry] 
New type domain.User

[2026-05-06 13:34:05 #3 type.registry] 
New type domain.Buyer

[2026-05-06 13:34:05 #4 type.registry] 
New type domain.Seller

[2026-05-06 13:34:05 #5 type] 
Type domain.User is not enhanced.

[2026-05-06 13:34:05 #6 type] 
Type domain.Buyer is not enhanced.

[2026-05-06 13:34:05 #7 type.registry] 
New type domain.Conversacion

[2026-05-06 13:34:05 #8 type.registry] 
New type domain.Mensaje

[2026-05-06 13:34:05 #9 type.registry] 
New type domain.Valoracion

[2026-05-06 13:34:05 #10 type.registry] 
New type domain.ProposedSale

[2026-05-06 13:34:05 #11 type.registry] 
New type domain.Transaction

[2026-05-06 13:34:05 #12 type] 
Type domain.Seller is not enhanced.

[2026-05-06 13:34:05 #13 type.registry] 
New type domain.Sale

[2026-05-06 13:34:05 #14 type] 
Type domain.Conversacion is not enhanced.

[2026-05-06 13:34:05 #15 type.registry] 
New type domain.Conversacion$EstadoConversacion

[2026-05-06 13:34:05 #16 type] 
Type domain.Mensaje is not enhanced.

[2026-05-06 13:34:05 #17 type] 
Type domain.Valoracion is not enhanced.

[2026-05-06 13:34:05 #18 type] 
Type domain.ProposedSale is not enhanced.

[2026-05-06 13:34:05 #19 type] 
Type domain.Transaction is not enhanced.

[2026-05-06 13:34:05 #20 type.registry] 
New type domain.Transaction$TransactionType

[2026-05-06 13:34:05 #21 type] 
Type domain.Sale is not enhanced.

[2026-05-06 13:34:05 #22 type.registry] 
New type java.util.ArrayList<java.lang.Object>

[2026-05-06 13:34:05 #23 type.registry] 
New type java.util.ArrayList<domain.ProposedSale>

[2026-05-06 13:34:05 #24 type.registry] 
New type java.util.ArrayList<domain.Valoracion>

[2026-05-06 13:34:05 #25 type.registry] 
New type java.util.ArrayList<domain.Mensaje>

[2026-05-06 13:34:05 #26 type.registry] 
New type java.util.ArrayList<domain.Conversacion>

[2026-05-06 13:34:05 #27 type.registry] 
New type java.util.ArrayList<domain.Sale>

[2026-05-06 13:34:05 #28 type.registry] 
New type java.util.ArrayList<domain.Transaction>

[2026-05-06 13:34:12 #29 type.registry] 
New type com.objectdb.o.LMT

[2026-05-06 13:34:12 #30 type.registry] 
New type com.objectdb.o.VAL

[2026-05-06 13:34:12 #31 type.registry] 
New type com.objectdb.o.RFV

------------------------------------------------------------------------------------------------------------------------

[2026-05-06 13:34:38 #1 store] 
Database 'C:\Users\kenne\git\market26\src\main\resources\products.temp' is opened by 27084@Traspié

[2026-05-06 13:34:38 #2 type.registry] 
New type domain.User

[2026-05-06 13:34:38 #3 type.registry] 
New type domain.Buyer

[2026-05-06 13:34:38 #4 type.registry] 
New type domain.Seller

[2026-05-06 13:34:38 #5 type] 
Type domain.User is not enhanced.

[2026-05-06 13:34:38 #6 type] 
Type domain.Buyer is not enhanced.

[2026-05-06 13:34:38 #7 type.registry] 
New type domain.Conversacion

[2026-05-06 13:34:38 #8 type.registry] 
New type domain.Mensaje

[2026-05-06 13:34:38 #9 type.registry] 
New type domain.Valoracion

[2026-05-06 13:34:38 #10 type.registry] 
New type domain.ProposedSale

[2026-05-06 13:34:38 #11 type.registry] 
New type domain.Transaction

[2026-05-06 13:34:38 #12 type] 
Type domain.Seller is not enhanced.

[2026-05-06 13:34:38 #13 type.registry] 
New type domain.Sale

[2026-05-06 13:34:38 #14 type] 
Type domain.Conversacion is not enhanced.

[2026-05-06 13:34:38 #15 type.registry] 
New type domain.Conversacion$EstadoConversacion

[2026-05-06 13:34:38 #16 type] 
Type domain.Mensaje is not enhanced.

[2026-05-06 13:34:38 #17 type] 
Type domain.Valoracion is not enhanced.

[2026-05-06 13:34:38 #18 type] 
Type domain.ProposedSale is not enhanced.

[2026-05-06 13:34:38 #19 type] 
Type domain.Transaction is not enhanced.

[2026-05-06 13:34:38 #20 type.registry] 
New type domain.Transaction$TransactionType

[2026-05-06 13:34:38 #21 type] 
Type domain.Sale is not enhanced.

[2026-05-06 13:34:38 #22 type.registry] 
New type java.util.ArrayList<java.lang.Object>

[2026-05-06 13:34:38 #23 type.registry] 
New type java.util.ArrayList<domain.ProposedSale>

[2026-05-06 13:34:38 #24 type.registry] 
New type java.util.ArrayList<domain.Valoracion>

[2026-05-06 13:34:38 #25 type.registry] 
New type java.util.ArrayList<domain.Mensaje>

[2026-05-06 13:34:38 #26 type.registry] 
New type java.util.ArrayList<domain.Conversacion>

[2026-05-06 13:34:38 #27 type.registry] 
New type java.util.ArrayList<domain.Sale>

[2026-05-06 13:34:38 #28 type.registry] 
New type java.util.ArrayList<domain.Transaction>

