------------------------------------------------------------------------------------------------------------------------

[2026-05-05 17:12:38 #1 store] 
Database 'C:\Users\kenne\git\market26\src\main\resources\products.temp' is opened by 34660@Traspié

[2026-05-05 17:12:39 #2 type.registry] 
New type domain.User

[2026-05-05 17:12:39 #3 type.registry] 
New type domain.Buyer

[2026-05-05 17:12:39 #4 type.registry] 
New type domain.Seller

[2026-05-05 17:12:39 #5 type] 
Type domain.User is not enhanced.

[2026-05-05 17:12:39 #6 type] 
Type domain.Buyer is not enhanced.

[2026-05-05 17:12:39 #7 type.registry] 
New type domain.Conversacion

[2026-05-05 17:12:39 #8 type.registry] 
New type domain.Mensaje

[2026-05-05 17:12:39 #9 type.registry] 
New type domain.ProposedSale

[2026-05-05 17:12:39 #10 type.registry] 
New type domain.Transaction

[2026-05-05 17:12:39 #11 type] 
Type domain.Seller is not enhanced.

[2026-05-05 17:12:39 #12 type.registry] 
New type domain.Sale

[2026-05-05 17:12:39 #13 type] 
Type domain.Conversacion is not enhanced.

[2026-05-05 17:12:39 #14 type.registry] 
New type domain.Conversacion$EstadoConversacion

[2026-05-05 17:12:39 #15 type] 
Type domain.Mensaje is not enhanced.

[2026-05-05 17:12:39 #16 type.registry] 
New type java.time.LocalDateTime

[2026-05-05 17:12:39 #17 type] 
Type domain.ProposedSale is not enhanced.

[2026-05-05 17:12:39 #18 type.registry] 
New type domain.Valoracion

[2026-05-05 17:12:39 #19 type] 
Type domain.Transaction is not enhanced.

[2026-05-05 17:12:39 #20 type.registry] 
New type domain.Transaction$TransactionType

[2026-05-05 17:12:39 #21 type] 
Type domain.Sale is not enhanced.

[2026-05-05 17:12:39 #22 type] 
Type domain.Valoracion is not enhanced.

[2026-05-05 17:12:39 #23 type.registry] 
New type java.util.ArrayList<java.lang.Object>

[2026-05-05 17:12:39 #24 type.registry] 
New type java.util.ArrayList<domain.ProposedSale>

[2026-05-05 17:12:39 #25 type.registry] 
New type java.util.ArrayList<domain.Mensaje>

[2026-05-05 17:12:39 #26 type.registry] 
New type java.util.ArrayList<domain.Conversacion>

[2026-05-05 17:12:39 #27 type.registry] 
New type java.util.ArrayList<domain.Sale>

[2026-05-05 17:12:39 #28 type.registry] 
New type java.util.ArrayList<domain.Transaction>

[2026-05-05 17:12:55 #29 type.registry] 
New type com.objectdb.o.LMT

[2026-05-05 17:12:55 #30 type.registry] 
New type com.objectdb.o.VAL

[2026-05-05 17:12:55 #31 type.registry] 
New type com.objectdb.o.RFV

------------------------------------------------------------------------------------------------------------------------

[2026-05-05 17:13:23 #1 store] 
Database 'C:\Users\kenne\git\market26\src\main\resources\products.temp' is opened by 28396@Traspié

[2026-05-05 17:13:24 #2 type.registry] 
New type domain.User

[2026-05-05 17:13:24 #3 type.registry] 
New type domain.Buyer

[2026-05-05 17:13:24 #4 type.registry] 
New type domain.Seller

[2026-05-05 17:13:24 #5 type] 
Type domain.User is not enhanced.

[2026-05-05 17:13:24 #6 type] 
Type domain.Buyer is not enhanced.

[2026-05-05 17:13:24 #7 type.registry] 
New type domain.Conversacion

[2026-05-05 17:13:24 #8 type.registry] 
New type domain.Mensaje

[2026-05-05 17:13:24 #9 type.registry] 
New type domain.ProposedSale

[2026-05-05 17:13:24 #10 type.registry] 
New type domain.Transaction

[2026-05-05 17:13:24 #11 type] 
Type domain.Seller is not enhanced.

[2026-05-05 17:13:24 #12 type.registry] 
New type domain.Sale

[2026-05-05 17:13:24 #13 type] 
Type domain.Conversacion is not enhanced.

[2026-05-05 17:13:24 #14 type.registry] 
New type domain.Conversacion$EstadoConversacion

[2026-05-05 17:13:24 #15 type] 
Type domain.Mensaje is not enhanced.

[2026-05-05 17:13:24 #16 type.registry] 
New type java.time.LocalDateTime

[2026-05-05 17:13:24 #17 type] 
Type domain.ProposedSale is not enhanced.

[2026-05-05 17:13:24 #18 type.registry] 
New type domain.Valoracion

[2026-05-05 17:13:24 #19 type] 
Type domain.Transaction is not enhanced.

[2026-05-05 17:13:24 #20 type.registry] 
New type domain.Transaction$TransactionType

[2026-05-05 17:13:24 #21 type] 
Type domain.Sale is not enhanced.

[2026-05-05 17:13:24 #22 type] 
Type domain.Valoracion is not enhanced.

[2026-05-05 17:13:24 #23 type.registry] 
New type java.util.ArrayList<java.lang.Object>

[2026-05-05 17:13:24 #24 type.registry] 
New type java.util.ArrayList<domain.ProposedSale>

[2026-05-05 17:13:24 #25 type.registry] 
New type java.util.ArrayList<domain.Mensaje>

[2026-05-05 17:13:24 #26 type.registry] 
New type java.util.ArrayList<domain.Conversacion>

[2026-05-05 17:13:24 #27 type.registry] 
New type java.util.ArrayList<domain.Sale>

[2026-05-05 17:13:24 #28 type.registry] 
New type java.util.ArrayList<domain.Transaction>

[2026-05-05 17:13:57 #29 type.registry] 
New type com.objectdb.o.LMT

[2026-05-05 17:13:57 #30 type.registry] 
New type com.objectdb.o.VAL

[2026-05-05 17:13:57 #31 type.registry] 
New type com.objectdb.o.RFV

------------------------------------------------------------------------------------------------------------------------

[2026-05-05 17:14:29 #1 store] 
Database 'C:\Users\kenne\git\market26\src\main\resources\products.temp' is opened by 18284@Traspié

[2026-05-05 17:14:29 #2 type.registry] 
New type domain.User

[2026-05-05 17:14:29 #3 type.registry] 
New type domain.Buyer

[2026-05-05 17:14:29 #4 type.registry] 
New type domain.Seller

[2026-05-05 17:14:29 #5 type] 
Type domain.User is not enhanced.

[2026-05-05 17:14:29 #6 type] 
Type domain.Buyer is not enhanced.

[2026-05-05 17:14:29 #7 type.registry] 
New type domain.Conversacion

[2026-05-05 17:14:29 #8 type.registry] 
New type domain.Mensaje

[2026-05-05 17:14:29 #9 type.registry] 
New type domain.ProposedSale

[2026-05-05 17:14:29 #10 type.registry] 
New type domain.Transaction

[2026-05-05 17:14:29 #11 type] 
Type domain.Seller is not enhanced.

[2026-05-05 17:14:29 #12 type.registry] 
New type domain.Sale

[2026-05-05 17:14:29 #13 type] 
Type domain.Conversacion is not enhanced.

[2026-05-05 17:14:29 #14 type.registry] 
New type domain.Conversacion$EstadoConversacion

[2026-05-05 17:14:29 #15 type] 
Type domain.Mensaje is not enhanced.

[2026-05-05 17:14:29 #16 type.registry] 
New type java.time.LocalDateTime

[2026-05-05 17:14:29 #17 type] 
Type domain.ProposedSale is not enhanced.

[2026-05-05 17:14:29 #18 type.registry] 
New type domain.Valoracion

[2026-05-05 17:14:29 #19 type] 
Type domain.Transaction is not enhanced.

[2026-05-05 17:14:29 #20 type.registry] 
New type domain.Transaction$TransactionType

[2026-05-05 17:14:29 #21 type] 
Type domain.Sale is not enhanced.

[2026-05-05 17:14:29 #22 type] 
Type domain.Valoracion is not enhanced.

[2026-05-05 17:14:29 #23 type.registry] 
New type java.util.ArrayList<java.lang.Object>

[2026-05-05 17:14:29 #24 type.registry] 
New type java.util.ArrayList<domain.ProposedSale>

[2026-05-05 17:14:29 #25 type.registry] 
New type java.util.ArrayList<domain.Mensaje>

[2026-05-05 17:14:29 #26 type.registry] 
New type java.util.ArrayList<domain.Conversacion>

[2026-05-05 17:14:29 #27 type.registry] 
New type java.util.ArrayList<domain.Sale>

[2026-05-05 17:14:29 #28 type.registry] 
New type java.util.ArrayList<domain.Transaction>

[2026-05-05 17:15:03 #29 type.registry] 
New type com.objectdb.o.LMT

[2026-05-05 17:15:03 #30 type.registry] 
New type com.objectdb.o.VAL

[2026-05-05 17:15:03 #31 type.registry] 
New type com.objectdb.o.RFV

------------------------------------------------------------------------------------------------------------------------

[2026-05-05 17:15:36 #1 store] 
Database 'C:\Users\kenne\git\market26\src\main\resources\products.temp' is opened by 35800@Traspié

[2026-05-05 17:15:36 #2 type.registry] 
New type domain.User

[2026-05-05 17:15:36 #3 type.registry] 
New type domain.Buyer

[2026-05-05 17:15:36 #4 type.registry] 
New type domain.Seller

[2026-05-05 17:15:36 #5 type] 
Type domain.User is not enhanced.

[2026-05-05 17:15:36 #6 type] 
Type domain.Buyer is not enhanced.

[2026-05-05 17:15:36 #7 type.registry] 
New type domain.Conversacion

[2026-05-05 17:15:36 #8 type.registry] 
New type domain.Mensaje

[2026-05-05 17:15:36 #9 type.registry] 
New type domain.ProposedSale

[2026-05-05 17:15:36 #10 type.registry] 
New type domain.Transaction

[2026-05-05 17:15:36 #11 type] 
Type domain.Seller is not enhanced.

[2026-05-05 17:15:36 #12 type.registry] 
New type domain.Sale

[2026-05-05 17:15:36 #13 type] 
Type domain.Conversacion is not enhanced.

[2026-05-05 17:15:36 #14 type.registry] 
New type domain.Conversacion$EstadoConversacion

[2026-05-05 17:15:36 #15 type] 
Type domain.Mensaje is not enhanced.

[2026-05-05 17:15:36 #16 type.registry] 
New type java.time.LocalDateTime

[2026-05-05 17:15:36 #17 type] 
Type domain.ProposedSale is not enhanced.

[2026-05-05 17:15:36 #18 type.registry] 
New type domain.Valoracion

[2026-05-05 17:15:36 #19 type] 
Type domain.Transaction is not enhanced.

[2026-05-05 17:15:36 #20 type.registry] 
New type domain.Transaction$TransactionType

[2026-05-05 17:15:36 #21 type] 
Type domain.Sale is not enhanced.

[2026-05-05 17:15:36 #22 type] 
Type domain.Valoracion is not enhanced.

[2026-05-05 17:15:36 #23 type.registry] 
New type java.util.ArrayList<java.lang.Object>

[2026-05-05 17:15:36 #24 type.registry] 
New type java.util.ArrayList<domain.ProposedSale>

[2026-05-05 17:15:36 #25 type.registry] 
New type java.util.ArrayList<domain.Mensaje>

[2026-05-05 17:15:36 #26 type.registry] 
New type java.util.ArrayList<domain.Conversacion>

[2026-05-05 17:15:36 #27 type.registry] 
New type java.util.ArrayList<domain.Sale>

[2026-05-05 17:15:36 #28 type.registry] 
New type java.util.ArrayList<domain.Transaction>

[2026-05-05 17:16:00 #29 type.registry] 
New type com.objectdb.o.LMT

[2026-05-05 17:16:00 #30 type.registry] 
New type com.objectdb.o.VAL

[2026-05-05 17:16:00 #31 type.registry] 
New type com.objectdb.o.RFV

------------------------------------------------------------------------------------------------------------------------

[2026-05-05 17:16:22 #1 store] 
Database 'C:\Users\kenne\git\market26\src\main\resources\products.temp' is opened by 5532@Traspié

[2026-05-05 17:16:23 #2 type.registry] 
New type domain.User

[2026-05-05 17:16:23 #3 type.registry] 
New type domain.Buyer

[2026-05-05 17:16:23 #4 type.registry] 
New type domain.Seller

[2026-05-05 17:16:23 #5 type] 
Type domain.User is not enhanced.

[2026-05-05 17:16:23 #6 type] 
Type domain.Buyer is not enhanced.

[2026-05-05 17:16:23 #7 type.registry] 
New type domain.Conversacion

[2026-05-05 17:16:23 #8 type.registry] 
New type domain.Mensaje

[2026-05-05 17:16:23 #9 type.registry] 
New type domain.ProposedSale

[2026-05-05 17:16:23 #10 type.registry] 
New type domain.Transaction

[2026-05-05 17:16:23 #11 type] 
Type domain.Seller is not enhanced.

[2026-05-05 17:16:23 #12 type.registry] 
New type domain.Sale

[2026-05-05 17:16:23 #13 type] 
Type domain.Conversacion is not enhanced.

[2026-05-05 17:16:23 #14 type.registry] 
New type domain.Conversacion$EstadoConversacion

[2026-05-05 17:16:23 #15 type] 
Type domain.Mensaje is not enhanced.

[2026-05-05 17:16:23 #16 type.registry] 
New type java.time.LocalDateTime

[2026-05-05 17:16:23 #17 type] 
Type domain.ProposedSale is not enhanced.

[2026-05-05 17:16:23 #18 type.registry] 
New type domain.Valoracion

[2026-05-05 17:16:23 #19 type] 
Type domain.Transaction is not enhanced.

[2026-05-05 17:16:23 #20 type.registry] 
New type domain.Transaction$TransactionType

[2026-05-05 17:16:23 #21 type] 
Type domain.Sale is not enhanced.

[2026-05-05 17:16:23 #22 type] 
Type domain.Valoracion is not enhanced.

[2026-05-05 17:16:23 #23 type.registry] 
New type java.util.ArrayList<java.lang.Object>

[2026-05-05 17:16:23 #24 type.registry] 
New type java.util.ArrayList<domain.ProposedSale>

[2026-05-05 17:16:23 #25 type.registry] 
New type java.util.ArrayList<domain.Mensaje>

[2026-05-05 17:16:23 #26 type.registry] 
New type java.util.ArrayList<domain.Conversacion>

[2026-05-05 17:16:23 #27 type.registry] 
New type java.util.ArrayList<domain.Sale>

[2026-05-05 17:16:23 #28 type.registry] 
New type java.util.ArrayList<domain.Transaction>

[2026-05-05 17:16:36 #29 type.registry] 
New type com.objectdb.o.LMT

[2026-05-05 17:16:36 #30 type.registry] 
New type com.objectdb.o.VAL

[2026-05-05 17:16:36 #31 type.registry] 
New type com.objectdb.o.RFV

------------------------------------------------------------------------------------------------------------------------

[2026-05-05 17:17:04 #1 store] 
Database 'C:\Users\kenne\git\market26\src\main\resources\products.temp' is opened by 31864@Traspié

[2026-05-05 17:17:04 #2 type.registry] 
New type domain.User

[2026-05-05 17:17:04 #3 type.registry] 
New type domain.Buyer

[2026-05-05 17:17:04 #4 type.registry] 
New type domain.Seller

[2026-05-05 17:17:04 #5 type] 
Type domain.User is not enhanced.

[2026-05-05 17:17:04 #6 type] 
Type domain.Buyer is not enhanced.

[2026-05-05 17:17:04 #7 type.registry] 
New type domain.Conversacion

[2026-05-05 17:17:04 #8 type.registry] 
New type domain.Mensaje

[2026-05-05 17:17:04 #9 type.registry] 
New type domain.ProposedSale

[2026-05-05 17:17:04 #10 type.registry] 
New type domain.Transaction

[2026-05-05 17:17:04 #11 type] 
Type domain.Seller is not enhanced.

[2026-05-05 17:17:04 #12 type.registry] 
New type domain.Sale

[2026-05-05 17:17:04 #13 type] 
Type domain.Conversacion is not enhanced.

[2026-05-05 17:17:04 #14 type.registry] 
New type domain.Conversacion$EstadoConversacion

[2026-05-05 17:17:04 #15 type] 
Type domain.Mensaje is not enhanced.

[2026-05-05 17:17:04 #16 type.registry] 
New type java.time.LocalDateTime

[2026-05-05 17:17:04 #17 type] 
Type domain.ProposedSale is not enhanced.

[2026-05-05 17:17:04 #18 type.registry] 
New type domain.Valoracion

[2026-05-05 17:17:04 #19 type] 
Type domain.Transaction is not enhanced.

[2026-05-05 17:17:04 #20 type.registry] 
New type domain.Transaction$TransactionType

[2026-05-05 17:17:04 #21 type] 
Type domain.Sale is not enhanced.

[2026-05-05 17:17:04 #22 type] 
Type domain.Valoracion is not enhanced.

[2026-05-05 17:17:05 #23 type.registry] 
New type java.util.ArrayList<java.lang.Object>

[2026-05-05 17:17:05 #24 type.registry] 
New type java.util.ArrayList<domain.ProposedSale>

[2026-05-05 17:17:05 #25 type.registry] 
New type java.util.ArrayList<domain.Mensaje>

[2026-05-05 17:17:05 #26 type.registry] 
New type java.util.ArrayList<domain.Conversacion>

[2026-05-05 17:17:05 #27 type.registry] 
New type java.util.ArrayList<domain.Sale>

[2026-05-05 17:17:05 #28 type.registry] 
New type java.util.ArrayList<domain.Transaction>

[2026-05-05 17:17:29 #29 type.registry] 
New type com.objectdb.o.LMT

[2026-05-05 17:17:29 #30 type.registry] 
New type com.objectdb.o.VAL

[2026-05-05 17:17:29 #31 type.registry] 
New type com.objectdb.o.RFV

------------------------------------------------------------------------------------------------------------------------

[2026-05-05 20:57:52 #1 store] 
Database 'C:\Users\kenne\git\market26\src\main\resources\products.temp' is opened by 14872@Traspié

[2026-05-05 20:57:53 #2 type.registry] 
New type domain.User

[2026-05-05 20:57:53 #3 type.registry] 
New type domain.Buyer

[2026-05-05 20:57:53 #4 type.registry] 
New type domain.Seller

[2026-05-05 20:57:53 #5 type] 
Type domain.User is not enhanced.

[2026-05-05 20:57:53 #6 type] 
Type domain.Buyer is not enhanced.

[2026-05-05 20:57:53 #7 type.registry] 
New type domain.Conversacion

[2026-05-05 20:57:53 #8 type.registry] 
New type domain.Mensaje

[2026-05-05 20:57:53 #9 type.registry] 
New type domain.Valoracion

[2026-05-05 20:57:53 #10 type.registry] 
New type domain.ProposedSale

[2026-05-05 20:57:53 #11 type.registry] 
New type domain.Transaction

[2026-05-05 20:57:53 #12 type] 
Type domain.Seller is not enhanced.

[2026-05-05 20:57:53 #13 type.registry] 
New type domain.Sale

[2026-05-05 20:57:53 #14 type] 
Type domain.Conversacion is not enhanced.

[2026-05-05 20:57:53 #15 type.registry] 
New type domain.Conversacion$EstadoConversacion

[2026-05-05 20:57:53 #16 type] 
Type domain.Mensaje is not enhanced.

[2026-05-05 20:57:53 #17 type.registry] 
New type java.time.LocalDateTime

[2026-05-05 20:57:53 #18 type] 
Type domain.Valoracion is not enhanced.

[2026-05-05 20:57:53 #19 type] 
Type domain.ProposedSale is not enhanced.

[2026-05-05 20:57:53 #20 type] 
Type domain.Transaction is not enhanced.

[2026-05-05 20:57:53 #21 type.registry] 
New type domain.Transaction$TransactionType

[2026-05-05 20:57:53 #22 type] 
Type domain.Sale is not enhanced.

[2026-05-05 20:57:53 #23 type.registry] 
New type java.util.ArrayList<java.lang.Object>

[2026-05-05 20:57:53 #24 type.registry] 
New type java.util.ArrayList<domain.ProposedSale>

[2026-05-05 20:57:53 #25 type.registry] 
New type java.util.ArrayList<domain.Mensaje>

[2026-05-05 20:57:53 #26 type.registry] 
New type java.util.ArrayList<domain.Conversacion>

[2026-05-05 20:57:53 #27 type.registry] 
New type java.util.ArrayList<domain.Sale>

[2026-05-05 20:57:53 #28 type.registry] 
New type java.util.ArrayList<domain.Transaction>

[2026-05-05 20:58:03 #29 type.registry] 
New type com.objectdb.o.LMT

[2026-05-05 20:58:03 #30 type.registry] 
New type com.objectdb.o.VAL

[2026-05-05 20:58:03 #31 type.registry] 
New type com.objectdb.o.RFV

------------------------------------------------------------------------------------------------------------------------

[2026-05-05 20:58:28 #1 store] 
Database 'C:\Users\kenne\git\market26\src\main\resources\products.temp' is opened by 20348@Traspié

[2026-05-05 20:58:29 #2 type.registry] 
New type domain.User

[2026-05-05 20:58:29 #3 type.registry] 
New type domain.Buyer

[2026-05-05 20:58:29 #4 type.registry] 
New type domain.Seller

[2026-05-05 20:58:29 #5 type] 
Type domain.User is not enhanced.

[2026-05-05 20:58:29 #6 type] 
Type domain.Buyer is not enhanced.

[2026-05-05 20:58:29 #7 type.registry] 
New type domain.Conversacion

[2026-05-05 20:58:29 #8 type.registry] 
New type domain.Mensaje

[2026-05-05 20:58:29 #9 type.registry] 
New type domain.Valoracion

[2026-05-05 20:58:29 #10 type.registry] 
New type domain.ProposedSale

[2026-05-05 20:58:29 #11 type.registry] 
New type domain.Transaction

[2026-05-05 20:58:29 #12 type] 
Type domain.Seller is not enhanced.

[2026-05-05 20:58:29 #13 type.registry] 
New type domain.Sale

[2026-05-05 20:58:29 #14 type] 
Type domain.Conversacion is not enhanced.

[2026-05-05 20:58:29 #15 type.registry] 
New type domain.Conversacion$EstadoConversacion

[2026-05-05 20:58:29 #16 type] 
Type domain.Mensaje is not enhanced.

[2026-05-05 20:58:29 #17 type.registry] 
New type java.time.LocalDateTime

[2026-05-05 20:58:29 #18 type] 
Type domain.Valoracion is not enhanced.

[2026-05-05 20:58:29 #19 type] 
Type domain.ProposedSale is not enhanced.

[2026-05-05 20:58:29 #20 type] 
Type domain.Transaction is not enhanced.

[2026-05-05 20:58:29 #21 type.registry] 
New type domain.Transaction$TransactionType

[2026-05-05 20:58:29 #22 type] 
Type domain.Sale is not enhanced.

[2026-05-05 20:58:29 #23 type.registry] 
New type java.util.ArrayList<java.lang.Object>

[2026-05-05 20:58:29 #24 type.registry] 
New type java.util.ArrayList<domain.ProposedSale>

[2026-05-05 20:58:29 #25 type.registry] 
New type java.util.ArrayList<domain.Mensaje>

[2026-05-05 20:58:29 #26 type.registry] 
New type java.util.ArrayList<domain.Conversacion>

[2026-05-05 20:58:29 #27 type.registry] 
New type java.util.ArrayList<domain.Sale>

[2026-05-05 20:58:29 #28 type.registry] 
New type java.util.ArrayList<domain.Transaction>

[2026-05-05 20:58:38 #29 type.registry] 
New type com.objectdb.o.LMT

[2026-05-05 20:58:38 #30 type.registry] 
New type com.objectdb.o.VAL

[2026-05-05 20:58:38 #31 type.registry] 
New type com.objectdb.o.RFV

------------------------------------------------------------------------------------------------------------------------

[2026-05-05 21:27:50 #1 store] 
Database 'C:\Users\kenne\git\market26\src\main\resources\products.temp' is opened by 23500@Traspié

[2026-05-05 21:27:50 #2 type.registry] 
New type domain.User

[2026-05-05 21:27:50 #3 type.registry] 
New type domain.Buyer

[2026-05-05 21:27:50 #4 type.registry] 
New type domain.Seller

[2026-05-05 21:27:50 #5 type] 
Type domain.User is not enhanced.

[2026-05-05 21:27:50 #6 type] 
Type domain.Buyer is not enhanced.

[2026-05-05 21:27:50 #7 type.registry] 
New type domain.Conversacion

[2026-05-05 21:27:50 #8 type.registry] 
New type domain.Mensaje

[2026-05-05 21:27:50 #9 type.registry] 
New type domain.Valoracion

[2026-05-05 21:27:50 #10 type.registry] 
New type domain.ProposedSale

[2026-05-05 21:27:50 #11 type.registry] 
New type domain.Transaction

[2026-05-05 21:27:50 #12 type] 
Type domain.Seller is not enhanced.

[2026-05-05 21:27:50 #13 type.registry] 
New type domain.Sale

[2026-05-05 21:27:50 #14 type] 
Type domain.Conversacion is not enhanced.

[2026-05-05 21:27:50 #15 type.registry] 
New type domain.Conversacion$EstadoConversacion

[2026-05-05 21:27:50 #16 type] 
Type domain.Mensaje is not enhanced.

[2026-05-05 21:27:50 #17 type.registry] 
New type java.time.LocalDateTime

[2026-05-05 21:27:50 #18 type] 
Type domain.Valoracion is not enhanced.

[2026-05-05 21:27:50 #19 type] 
Type domain.ProposedSale is not enhanced.

[2026-05-05 21:27:50 #20 type] 
Type domain.Transaction is not enhanced.

[2026-05-05 21:27:50 #21 type.registry] 
New type domain.Transaction$TransactionType

[2026-05-05 21:27:50 #22 type] 
Type domain.Sale is not enhanced.

[2026-05-05 21:27:50 #23 type.registry] 
New type java.util.ArrayList<java.lang.Object>

[2026-05-05 21:27:50 #24 type.registry] 
New type java.util.ArrayList<domain.ProposedSale>

[2026-05-05 21:27:50 #25 type.registry] 
New type java.util.ArrayList<domain.Mensaje>

[2026-05-05 21:27:50 #26 type.registry] 
New type java.util.ArrayList<domain.Conversacion>

[2026-05-05 21:27:50 #27 type.registry] 
New type java.util.ArrayList<domain.Sale>

[2026-05-05 21:27:50 #28 type.registry] 
New type java.util.ArrayList<domain.Transaction>

[2026-05-05 21:28:06 #29 type.registry] 
New type com.objectdb.o.LMT

[2026-05-05 21:28:06 #30 type.registry] 
New type com.objectdb.o.VAL

[2026-05-05 21:28:06 #31 type.registry] 
New type com.objectdb.o.RFV

------------------------------------------------------------------------------------------------------------------------

[2026-05-05 21:33:20 #1 store] 
Database 'C:\Users\kenne\git\market26\src\main\resources\products.temp' is opened by 14272@Traspié

[2026-05-05 21:33:20 #2 type.registry] 
New type domain.User

[2026-05-05 21:33:20 #3 type.registry] 
New type domain.Buyer

[2026-05-05 21:33:20 #4 type.registry] 
New type domain.Seller

[2026-05-05 21:33:20 #5 type] 
Type domain.User is not enhanced.

[2026-05-05 21:33:20 #6 type] 
Type domain.Buyer is not enhanced.

[2026-05-05 21:33:20 #7 type.registry] 
New type domain.Conversacion

[2026-05-05 21:33:20 #8 type.registry] 
New type domain.Mensaje

[2026-05-05 21:33:20 #9 type.registry] 
New type domain.Valoracion

[2026-05-05 21:33:20 #10 type.registry] 
New type domain.ProposedSale

[2026-05-05 21:33:20 #11 type.registry] 
New type domain.Transaction

[2026-05-05 21:33:20 #12 type] 
Type domain.Seller is not enhanced.

[2026-05-05 21:33:20 #13 type.registry] 
New type domain.Sale

[2026-05-05 21:33:20 #14 type] 
Type domain.Conversacion is not enhanced.

[2026-05-05 21:33:20 #15 type.registry] 
New type domain.Conversacion$EstadoConversacion

[2026-05-05 21:33:20 #16 type] 
Type domain.Mensaje is not enhanced.

[2026-05-05 21:33:20 #17 type.registry] 
New type java.time.LocalDateTime

[2026-05-05 21:33:20 #18 type] 
Type domain.Valoracion is not enhanced.

[2026-05-05 21:33:20 #19 type] 
Type domain.ProposedSale is not enhanced.

[2026-05-05 21:33:20 #20 type] 
Type domain.Transaction is not enhanced.

[2026-05-05 21:33:20 #21 type.registry] 
New type domain.Transaction$TransactionType

[2026-05-05 21:33:20 #22 type] 
Type domain.Sale is not enhanced.

[2026-05-05 21:33:21 #23 type.registry] 
New type java.util.ArrayList<java.lang.Object>

[2026-05-05 21:33:21 #24 type.registry] 
New type java.util.ArrayList<domain.ProposedSale>

[2026-05-05 21:33:21 #25 type.registry] 
New type java.util.ArrayList<domain.Valoracion>

[2026-05-05 21:33:21 #26 type.registry] 
New type java.util.ArrayList<domain.Mensaje>

[2026-05-05 21:33:21 #27 type.registry] 
New type java.util.ArrayList<domain.Conversacion>

[2026-05-05 21:33:21 #28 type.registry] 
New type java.util.ArrayList<domain.Sale>

[2026-05-05 21:33:21 #29 type.registry] 
New type java.util.ArrayList<domain.Transaction>

[2026-05-05 21:33:37 #30 type.registry] 
New type com.objectdb.o.LMT

[2026-05-05 21:33:37 #31 type.registry] 
New type com.objectdb.o.VAL

[2026-05-05 21:33:37 #32 type.registry] 
New type com.objectdb.o.RFV

------------------------------------------------------------------------------------------------------------------------

[2026-05-05 21:34:09 #1 store] 
Database 'C:\Users\kenne\git\market26\src\main\resources\products.temp' is opened by 2204@Traspié

[2026-05-05 21:34:10 #2 type.registry] 
New type domain.User

[2026-05-05 21:34:10 #3 type.registry] 
New type domain.Buyer

[2026-05-05 21:34:10 #4 type.registry] 
New type domain.Seller

[2026-05-05 21:34:10 #5 type] 
Type domain.User is not enhanced.

[2026-05-05 21:34:10 #6 type] 
Type domain.Buyer is not enhanced.

[2026-05-05 21:34:10 #7 type.registry] 
New type domain.Conversacion

[2026-05-05 21:34:10 #8 type.registry] 
New type domain.Mensaje

[2026-05-05 21:34:10 #9 type.registry] 
New type domain.Valoracion

[2026-05-05 21:34:10 #10 type.registry] 
New type domain.ProposedSale

[2026-05-05 21:34:10 #11 type.registry] 
New type domain.Transaction

[2026-05-05 21:34:10 #12 type] 
Type domain.Seller is not enhanced.

[2026-05-05 21:34:10 #13 type.registry] 
New type domain.Sale

[2026-05-05 21:34:10 #14 type] 
Type domain.Conversacion is not enhanced.

[2026-05-05 21:34:10 #15 type.registry] 
New type domain.Conversacion$EstadoConversacion

[2026-05-05 21:34:10 #16 type] 
Type domain.Mensaje is not enhanced.

[2026-05-05 21:34:10 #17 type.registry] 
New type java.time.LocalDateTime

[2026-05-05 21:34:10 #18 type] 
Type domain.Valoracion is not enhanced.

[2026-05-05 21:34:10 #19 type] 
Type domain.ProposedSale is not enhanced.

[2026-05-05 21:34:10 #20 type] 
Type domain.Transaction is not enhanced.

[2026-05-05 21:34:10 #21 type.registry] 
New type domain.Transaction$TransactionType

[2026-05-05 21:34:10 #22 type] 
Type domain.Sale is not enhanced.

[2026-05-05 21:34:10 #23 type.registry] 
New type java.util.ArrayList<java.lang.Object>

[2026-05-05 21:34:10 #24 type.registry] 
New type java.util.ArrayList<domain.ProposedSale>

[2026-05-05 21:34:10 #25 type.registry] 
New type java.util.ArrayList<domain.Valoracion>

[2026-05-05 21:34:10 #26 type.registry] 
New type java.util.ArrayList<domain.Mensaje>

[2026-05-05 21:34:10 #27 type.registry] 
New type java.util.ArrayList<domain.Conversacion>

[2026-05-05 21:34:10 #28 type.registry] 
New type java.util.ArrayList<domain.Sale>

[2026-05-05 21:34:10 #29 type.registry] 
New type java.util.ArrayList<domain.Transaction>

[2026-05-05 21:34:30 #30 type.registry] 
New type com.objectdb.o.LMT

[2026-05-05 21:34:30 #31 type.registry] 
New type com.objectdb.o.VAL

[2026-05-05 21:34:30 #32 type.registry] 
New type com.objectdb.o.RFV

------------------------------------------------------------------------------------------------------------------------

[2026-05-05 21:56:20 #1 store] 
Database 'C:\Users\kenne\git\market26\src\main\resources\products.temp' is opened by 22544@Traspié

[2026-05-05 21:56:20 #2 type.registry] 
New type domain.User

[2026-05-05 21:56:20 #3 type.registry] 
New type domain.Buyer

[2026-05-05 21:56:20 #4 type.registry] 
New type domain.Seller

[2026-05-05 21:56:20 #5 type] 
Type domain.User is not enhanced.

[2026-05-05 21:56:20 #6 type] 
Type domain.Buyer is not enhanced.

[2026-05-05 21:56:20 #7 type.registry] 
New type domain.Conversacion

[2026-05-05 21:56:20 #8 type.registry] 
New type domain.Mensaje

[2026-05-05 21:56:20 #9 type.registry] 
New type domain.Valoracion

[2026-05-05 21:56:20 #10 type.registry] 
New type domain.ProposedSale

[2026-05-05 21:56:20 #11 type.registry] 
New type domain.Transaction

[2026-05-05 21:56:20 #12 type] 
Type domain.Seller is not enhanced.

[2026-05-05 21:56:20 #13 type.registry] 
New type domain.Sale

[2026-05-05 21:56:20 #14 type] 
Type domain.Conversacion is not enhanced.

[2026-05-05 21:56:20 #15 type.registry] 
New type domain.Conversacion$EstadoConversacion

[2026-05-05 21:56:20 #16 type] 
Type domain.Mensaje is not enhanced.

[2026-05-05 21:56:20 #17 type.registry] 
New type java.time.LocalDateTime

[2026-05-05 21:56:20 #18 type] 
Type domain.Valoracion is not enhanced.

[2026-05-05 21:56:20 #19 type] 
Type domain.ProposedSale is not enhanced.

[2026-05-05 21:56:20 #20 type] 
Type domain.Transaction is not enhanced.

[2026-05-05 21:56:20 #21 type.registry] 
New type domain.Transaction$TransactionType

[2026-05-05 21:56:20 #22 type] 
Type domain.Sale is not enhanced.

[2026-05-05 21:56:20 #23 type.registry] 
New type java.util.ArrayList<java.lang.Object>

[2026-05-05 21:56:20 #24 type.registry] 
New type java.util.ArrayList<domain.ProposedSale>

[2026-05-05 21:56:20 #25 type.registry] 
New type java.util.ArrayList<domain.Valoracion>

[2026-05-05 21:56:20 #26 type.registry] 
New type java.util.ArrayList<domain.Mensaje>

[2026-05-05 21:56:20 #27 type.registry] 
New type java.util.ArrayList<domain.Conversacion>

[2026-05-05 21:56:20 #28 type.registry] 
New type java.util.ArrayList<domain.Sale>

[2026-05-05 21:56:20 #29 type.registry] 
New type java.util.ArrayList<domain.Transaction>

------------------------------------------------------------------------------------------------------------------------

[2026-05-05 21:56:34 #1 store] 
Database 'C:\Users\kenne\git\market26\src\main\resources\products.temp' is opened by 20208@Traspié

[2026-05-05 21:56:34 #2 type.registry] 
New type domain.User

[2026-05-05 21:56:34 #3 type.registry] 
New type domain.Buyer

[2026-05-05 21:56:34 #4 type.registry] 
New type domain.Seller

[2026-05-05 21:56:34 #5 type] 
Type domain.User is not enhanced.

[2026-05-05 21:56:34 #6 type] 
Type domain.Buyer is not enhanced.

[2026-05-05 21:56:34 #7 type.registry] 
New type domain.Conversacion

[2026-05-05 21:56:34 #8 type.registry] 
New type domain.Mensaje

[2026-05-05 21:56:34 #9 type.registry] 
New type domain.Valoracion

[2026-05-05 21:56:34 #10 type.registry] 
New type domain.ProposedSale

[2026-05-05 21:56:34 #11 type.registry] 
New type domain.Transaction

[2026-05-05 21:56:34 #12 type] 
Type domain.Seller is not enhanced.

[2026-05-05 21:56:34 #13 type.registry] 
New type domain.Sale

[2026-05-05 21:56:34 #14 type] 
Type domain.Conversacion is not enhanced.

[2026-05-05 21:56:34 #15 type.registry] 
New type domain.Conversacion$EstadoConversacion

[2026-05-05 21:56:34 #16 type] 
Type domain.Mensaje is not enhanced.

[2026-05-05 21:56:34 #17 type.registry] 
New type java.time.LocalDateTime

[2026-05-05 21:56:34 #18 type] 
Type domain.Valoracion is not enhanced.

[2026-05-05 21:56:34 #19 type] 
Type domain.ProposedSale is not enhanced.

[2026-05-05 21:56:34 #20 type] 
Type domain.Transaction is not enhanced.

[2026-05-05 21:56:34 #21 type.registry] 
New type domain.Transaction$TransactionType

[2026-05-05 21:56:34 #22 type] 
Type domain.Sale is not enhanced.

[2026-05-05 21:56:34 #23 type.registry] 
New type java.util.ArrayList<java.lang.Object>

[2026-05-05 21:56:34 #24 type.registry] 
New type java.util.ArrayList<domain.ProposedSale>

[2026-05-05 21:56:34 #25 type.registry] 
New type java.util.ArrayList<domain.Valoracion>

[2026-05-05 21:56:34 #26 type.registry] 
New type java.util.ArrayList<domain.Mensaje>

[2026-05-05 21:56:34 #27 type.registry] 
New type java.util.ArrayList<domain.Conversacion>

[2026-05-05 21:56:34 #28 type.registry] 
New type java.util.ArrayList<domain.Sale>

[2026-05-05 21:56:34 #29 type.registry] 
New type java.util.ArrayList<domain.Transaction>

------------------------------------------------------------------------------------------------------------------------

[2026-05-05 22:59:04 #1 store] 
Database 'C:\Users\kenne\git\market26\src\main\resources\products.temp' is opened by 15792@Traspié

[2026-05-05 22:59:04 #2 type.registry] 
New type domain.User

[2026-05-05 22:59:04 #3 type.registry] 
New type domain.Buyer

[2026-05-05 22:59:04 #4 type.registry] 
New type domain.Seller

[2026-05-05 22:59:04 #5 type] 
Type domain.User is not enhanced.

[2026-05-05 22:59:04 #6 type] 
Type domain.Buyer is not enhanced.

[2026-05-05 22:59:04 #7 type.registry] 
New type domain.Conversacion

[2026-05-05 22:59:04 #8 type.registry] 
New type domain.Mensaje

[2026-05-05 22:59:04 #9 type.registry] 
New type domain.Valoracion

[2026-05-05 22:59:04 #10 type.registry] 
New type domain.ProposedSale

[2026-05-05 22:59:04 #11 type.registry] 
New type domain.Transaction

[2026-05-05 22:59:04 #12 type] 
Type domain.Seller is not enhanced.

[2026-05-05 22:59:04 #13 type.registry] 
New type domain.Sale

[2026-05-05 22:59:04 #14 type] 
Type domain.Conversacion is not enhanced.

[2026-05-05 22:59:04 #15 type.registry] 
New type domain.Conversacion$EstadoConversacion

[2026-05-05 22:59:04 #16 type] 
Type domain.Mensaje is not enhanced.

[2026-05-05 22:59:04 #17 type.registry] 
New type java.time.LocalDateTime

[2026-05-05 22:59:04 #18 type] 
Type domain.Valoracion is not enhanced.

[2026-05-05 22:59:04 #19 type] 
Type domain.ProposedSale is not enhanced.

[2026-05-05 22:59:04 #20 type] 
Type domain.Transaction is not enhanced.

[2026-05-05 22:59:04 #21 type.registry] 
New type domain.Transaction$TransactionType

[2026-05-05 22:59:04 #22 type] 
Type domain.Sale is not enhanced.

[2026-05-05 22:59:04 #23 type.registry] 
New type java.util.ArrayList<java.lang.Object>

[2026-05-05 22:59:04 #24 type.registry] 
New type java.util.ArrayList<domain.ProposedSale>

[2026-05-05 22:59:04 #25 type.registry] 
New type java.util.ArrayList<domain.Valoracion>

[2026-05-05 22:59:04 #26 type.registry] 
New type java.util.ArrayList<domain.Mensaje>

[2026-05-05 22:59:04 #27 type.registry] 
New type java.util.ArrayList<domain.Conversacion>

[2026-05-05 22:59:04 #28 type.registry] 
New type java.util.ArrayList<domain.Sale>

[2026-05-05 22:59:04 #29 type.registry] 
New type java.util.ArrayList<domain.Transaction>

[2026-05-05 22:59:15 #30 type.registry] 
New type com.objectdb.o.LMT

[2026-05-05 22:59:15 #31 type.registry] 
New type com.objectdb.o.VAL

[2026-05-05 22:59:15 #32 type.registry] 
New type com.objectdb.o.RFV

------------------------------------------------------------------------------------------------------------------------

[2026-05-05 23:09:50 #1 store] 
Database 'C:\Users\kenne\git\market26\src\main\resources\products.temp' is opened by 19592@Traspié

[2026-05-05 23:09:50 #2 type.registry] 
New type domain.User

[2026-05-05 23:09:50 #3 type.registry] 
New type domain.Buyer

[2026-05-05 23:09:50 #4 type.registry] 
New type domain.Seller

[2026-05-05 23:09:50 #5 type] 
Type domain.User is not enhanced.

[2026-05-05 23:09:50 #6 type] 
Type domain.Buyer is not enhanced.

[2026-05-05 23:09:50 #7 type.registry] 
New type domain.Conversacion

[2026-05-05 23:09:50 #8 type.registry] 
New type domain.Mensaje

[2026-05-05 23:09:50 #9 type.registry] 
New type domain.Valoracion

[2026-05-05 23:09:50 #10 type.registry] 
New type domain.ProposedSale

[2026-05-05 23:09:50 #11 type.registry] 
New type domain.Transaction

[2026-05-05 23:09:50 #12 type] 
Type domain.Seller is not enhanced.

[2026-05-05 23:09:50 #13 type.registry] 
New type domain.Sale

[2026-05-05 23:09:50 #14 type] 
Type domain.Conversacion is not enhanced.

[2026-05-05 23:09:50 #15 type.registry] 
New type domain.Conversacion$EstadoConversacion

[2026-05-05 23:09:50 #16 type] 
Type domain.Mensaje is not enhanced.

[2026-05-05 23:09:50 #17 type] 
Type domain.Valoracion is not enhanced.

[2026-05-05 23:09:50 #18 type] 
Type domain.ProposedSale is not enhanced.

[2026-05-05 23:09:50 #19 type] 
Type domain.Transaction is not enhanced.

[2026-05-05 23:09:50 #20 type.registry] 
New type domain.Transaction$TransactionType

[2026-05-05 23:09:50 #21 type] 
Type domain.Sale is not enhanced.

[2026-05-05 23:09:50 #22 type.registry] 
New type java.util.ArrayList<java.lang.Object>

[2026-05-05 23:09:50 #23 type.registry] 
New type java.util.ArrayList<domain.ProposedSale>

[2026-05-05 23:09:50 #24 type.registry] 
New type java.util.ArrayList<domain.Valoracion>

[2026-05-05 23:09:50 #25 type.registry] 
New type java.util.ArrayList<domain.Mensaje>

[2026-05-05 23:09:50 #26 type.registry] 
New type java.util.ArrayList<domain.Conversacion>

[2026-05-05 23:09:50 #27 type.registry] 
New type java.util.ArrayList<domain.Sale>

[2026-05-05 23:09:50 #28 type.registry] 
New type java.util.ArrayList<domain.Transaction>

[2026-05-05 23:10:00 #29 type.registry] 
New type com.objectdb.o.LMT

[2026-05-05 23:10:00 #30 type.registry] 
New type com.objectdb.o.VAL

[2026-05-05 23:10:00 #31 type.registry] 
New type com.objectdb.o.RFV

------------------------------------------------------------------------------------------------------------------------

[2026-05-05 23:15:06 #1 store] 
Database 'C:\Users\kenne\git\market26\src\main\resources\products.temp' is opened by 10360@Traspié

[2026-05-05 23:15:07 #2 type.registry] 
New type domain.User

[2026-05-05 23:15:07 #3 type.registry] 
New type domain.Buyer

[2026-05-05 23:15:07 #4 type.registry] 
New type domain.Seller

[2026-05-05 23:15:07 #5 type] 
Type domain.User is not enhanced.

[2026-05-05 23:15:07 #6 type] 
Type domain.Buyer is not enhanced.

[2026-05-05 23:15:07 #7 type.registry] 
New type domain.Conversacion

[2026-05-05 23:15:07 #8 type.registry] 
New type domain.Mensaje

[2026-05-05 23:15:07 #9 type.registry] 
New type domain.Valoracion

[2026-05-05 23:15:07 #10 type.registry] 
New type domain.ProposedSale

[2026-05-05 23:15:07 #11 type.registry] 
New type domain.Transaction

[2026-05-05 23:15:07 #12 type] 
Type domain.Seller is not enhanced.

[2026-05-05 23:15:07 #13 type.registry] 
New type domain.Sale

[2026-05-05 23:15:07 #14 type] 
Type domain.Conversacion is not enhanced.

[2026-05-05 23:15:07 #15 type.registry] 
New type domain.Conversacion$EstadoConversacion

[2026-05-05 23:15:07 #16 type] 
Type domain.Mensaje is not enhanced.

[2026-05-05 23:15:07 #17 type] 
Type domain.Valoracion is not enhanced.

[2026-05-05 23:15:07 #18 type] 
Type domain.ProposedSale is not enhanced.

[2026-05-05 23:15:07 #19 type] 
Type domain.Transaction is not enhanced.

[2026-05-05 23:15:07 #20 type.registry] 
New type domain.Transaction$TransactionType

[2026-05-05 23:15:07 #21 type] 
Type domain.Sale is not enhanced.

[2026-05-05 23:15:07 #22 type.registry] 
New type java.util.ArrayList<java.lang.Object>

[2026-05-05 23:15:07 #23 type.registry] 
New type java.util.ArrayList<domain.ProposedSale>

[2026-05-05 23:15:07 #24 type.registry] 
New type java.util.ArrayList<domain.Valoracion>

[2026-05-05 23:15:07 #25 type.registry] 
New type java.util.ArrayList<domain.Mensaje>

[2026-05-05 23:15:07 #26 type.registry] 
New type java.util.ArrayList<domain.Conversacion>

[2026-05-05 23:15:07 #27 type.registry] 
New type java.util.ArrayList<domain.Sale>

[2026-05-05 23:15:07 #28 type.registry] 
New type java.util.ArrayList<domain.Transaction>

[2026-05-05 23:15:16 #29 type.registry] 
New type com.objectdb.o.LMT

[2026-05-05 23:15:16 #30 type.registry] 
New type com.objectdb.o.VAL

[2026-05-05 23:15:16 #31 type.registry] 
New type com.objectdb.o.RFV

------------------------------------------------------------------------------------------------------------------------

[2026-05-05 23:24:31 #1 store] 
Database 'C:\Users\kenne\git\market26\src\main\resources\products.temp' is opened by 23504@Traspié

[2026-05-05 23:24:31 #2 type.registry] 
New type domain.User

[2026-05-05 23:24:31 #3 type.registry] 
New type domain.Buyer

[2026-05-05 23:24:31 #4 type.registry] 
New type domain.Seller

[2026-05-05 23:24:31 #5 type] 
Type domain.User is not enhanced.

[2026-05-05 23:24:31 #6 type] 
Type domain.Buyer is not enhanced.

[2026-05-05 23:24:31 #7 type.registry] 
New type domain.Conversacion

[2026-05-05 23:24:31 #8 type.registry] 
New type domain.Mensaje

[2026-05-05 23:24:31 #9 type.registry] 
New type domain.Valoracion

[2026-05-05 23:24:31 #10 type.registry] 
New type domain.ProposedSale

[2026-05-05 23:24:31 #11 type.registry] 
New type domain.Transaction

[2026-05-05 23:24:31 #12 type] 
Type domain.Seller is not enhanced.

[2026-05-05 23:24:31 #13 type.registry] 
New type domain.Sale

[2026-05-05 23:24:31 #14 type] 
Type domain.Conversacion is not enhanced.

[2026-05-05 23:24:31 #15 type.registry] 
New type domain.Conversacion$EstadoConversacion

[2026-05-05 23:24:31 #16 type] 
Type domain.Mensaje is not enhanced.

[2026-05-05 23:24:31 #17 type] 
Type domain.Valoracion is not enhanced.

[2026-05-05 23:24:31 #18 type] 
Type domain.ProposedSale is not enhanced.

[2026-05-05 23:24:31 #19 type] 
Type domain.Transaction is not enhanced.

[2026-05-05 23:24:31 #20 type.registry] 
New type domain.Transaction$TransactionType

[2026-05-05 23:24:31 #21 type] 
Type domain.Sale is not enhanced.

[2026-05-05 23:24:31 #22 type.registry] 
New type java.util.ArrayList<java.lang.Object>

[2026-05-05 23:24:31 #23 type.registry] 
New type java.util.ArrayList<domain.ProposedSale>

[2026-05-05 23:24:31 #24 type.registry] 
New type java.util.ArrayList<domain.Valoracion>

[2026-05-05 23:24:31 #25 type.registry] 
New type java.util.ArrayList<domain.Mensaje>

[2026-05-05 23:24:31 #26 type.registry] 
New type java.util.ArrayList<domain.Conversacion>

[2026-05-05 23:24:31 #27 type.registry] 
New type java.util.ArrayList<domain.Sale>

[2026-05-05 23:24:31 #28 type.registry] 
New type java.util.ArrayList<domain.Transaction>

[2026-05-05 23:24:43 #29 type.registry] 
New type com.objectdb.o.LMT

[2026-05-05 23:24:43 #30 type.registry] 
New type com.objectdb.o.VAL

[2026-05-05 23:24:43 #31 type.registry] 
New type com.objectdb.o.RFV

------------------------------------------------------------------------------------------------------------------------

[2026-05-05 23:27:06 #1 store] 
Database 'C:\Users\kenne\git\market26\src\main\resources\products.temp' is opened by 8980@Traspié

[2026-05-05 23:27:06 #2 type.registry] 
New type domain.User

[2026-05-05 23:27:06 #3 type.registry] 
New type domain.Buyer

[2026-05-05 23:27:06 #4 type.registry] 
New type domain.Seller

[2026-05-05 23:27:06 #5 type] 
Type domain.User is not enhanced.

[2026-05-05 23:27:06 #6 type] 
Type domain.Buyer is not enhanced.

[2026-05-05 23:27:06 #7 type.registry] 
New type domain.Conversacion

[2026-05-05 23:27:06 #8 type.registry] 
New type domain.Mensaje

[2026-05-05 23:27:06 #9 type.registry] 
New type domain.Valoracion

[2026-05-05 23:27:06 #10 type.registry] 
New type domain.ProposedSale

[2026-05-05 23:27:06 #11 type.registry] 
New type domain.Transaction

[2026-05-05 23:27:06 #12 type] 
Type domain.Seller is not enhanced.

[2026-05-05 23:27:06 #13 type.registry] 
New type domain.Sale

[2026-05-05 23:27:06 #14 type] 
Type domain.Conversacion is not enhanced.

[2026-05-05 23:27:06 #15 type.registry] 
New type domain.Conversacion$EstadoConversacion

[2026-05-05 23:27:06 #16 type] 
Type domain.Mensaje is not enhanced.

[2026-05-05 23:27:06 #17 type] 
Type domain.Valoracion is not enhanced.

[2026-05-05 23:27:06 #18 type] 
Type domain.ProposedSale is not enhanced.

[2026-05-05 23:27:06 #19 type] 
Type domain.Transaction is not enhanced.

[2026-05-05 23:27:06 #20 type.registry] 
New type domain.Transaction$TransactionType

[2026-05-05 23:27:06 #21 type] 
Type domain.Sale is not enhanced.

[2026-05-05 23:27:06 #22 type.registry] 
New type java.util.ArrayList<java.lang.Object>

[2026-05-05 23:27:06 #23 type.registry] 
New type java.util.ArrayList<domain.ProposedSale>

[2026-05-05 23:27:06 #24 type.registry] 
New type java.util.ArrayList<domain.Valoracion>

[2026-05-05 23:27:06 #25 type.registry] 
New type java.util.ArrayList<domain.Mensaje>

[2026-05-05 23:27:06 #26 type.registry] 
New type java.util.ArrayList<domain.Conversacion>

[2026-05-05 23:27:06 #27 type.registry] 
New type java.util.ArrayList<domain.Sale>

[2026-05-05 23:27:06 #28 type.registry] 
New type java.util.ArrayList<domain.Transaction>

[2026-05-05 23:27:16 #29 type.registry] 
New type com.objectdb.o.LMT

[2026-05-05 23:27:16 #30 type.registry] 
New type com.objectdb.o.VAL

[2026-05-05 23:27:16 #31 type.registry] 
New type com.objectdb.o.RFV

------------------------------------------------------------------------------------------------------------------------

[2026-05-05 23:33:02 #1 store] 
Database 'C:\Users\kenne\git\market26\src\main\resources\products.temp' is opened by 6224@Traspié

[2026-05-05 23:33:03 #2 type.registry] 
New type domain.User

[2026-05-05 23:33:03 #3 type.registry] 
New type domain.Buyer

[2026-05-05 23:33:03 #4 type.registry] 
New type domain.Seller

[2026-05-05 23:33:03 #5 type] 
Type domain.User is not enhanced.

[2026-05-05 23:33:03 #6 type] 
Type domain.Buyer is not enhanced.

[2026-05-05 23:33:03 #7 type.registry] 
New type domain.Conversacion

[2026-05-05 23:33:03 #8 type.registry] 
New type domain.Mensaje

[2026-05-05 23:33:03 #9 type.registry] 
New type domain.Valoracion

[2026-05-05 23:33:03 #10 type.registry] 
New type domain.ProposedSale

[2026-05-05 23:33:03 #11 type.registry] 
New type domain.Transaction

[2026-05-05 23:33:03 #12 type] 
Type domain.Seller is not enhanced.

[2026-05-05 23:33:03 #13 type.registry] 
New type domain.Sale

[2026-05-05 23:33:03 #14 type] 
Type domain.Conversacion is not enhanced.

[2026-05-05 23:33:03 #15 type.registry] 
New type domain.Conversacion$EstadoConversacion

[2026-05-05 23:33:03 #16 type] 
Type domain.Mensaje is not enhanced.

[2026-05-05 23:33:03 #17 type] 
Type domain.Valoracion is not enhanced.

[2026-05-05 23:33:03 #18 type] 
Type domain.ProposedSale is not enhanced.

[2026-05-05 23:33:03 #19 type] 
Type domain.Transaction is not enhanced.

[2026-05-05 23:33:03 #20 type.registry] 
New type domain.Transaction$TransactionType

[2026-05-05 23:33:03 #21 type] 
Type domain.Sale is not enhanced.

[2026-05-05 23:33:03 #22 type.registry] 
New type java.util.ArrayList<java.lang.Object>

[2026-05-05 23:33:03 #23 type.registry] 
New type java.util.ArrayList<domain.ProposedSale>

[2026-05-05 23:33:03 #24 type.registry] 
New type java.util.ArrayList<domain.Valoracion>

[2026-05-05 23:33:03 #25 type.registry] 
New type java.util.ArrayList<domain.Mensaje>

[2026-05-05 23:33:03 #26 type.registry] 
New type java.util.ArrayList<domain.Conversacion>

[2026-05-05 23:33:03 #27 type.registry] 
New type java.util.ArrayList<domain.Sale>

[2026-05-05 23:33:03 #28 type.registry] 
New type java.util.ArrayList<domain.Transaction>

[2026-05-05 23:33:19 #29 type.registry] 
New type com.objectdb.o.LMT

[2026-05-05 23:33:19 #30 type.registry] 
New type com.objectdb.o.VAL

[2026-05-05 23:33:19 #31 type.registry] 
New type com.objectdb.o.RFV

------------------------------------------------------------------------------------------------------------------------

[2026-05-05 23:35:58 #1 store] 
Database 'C:\Users\kenne\git\market26\src\main\resources\products.temp' is opened by 12480@Traspié

[2026-05-05 23:35:58 #2 type.registry] 
New type domain.User

[2026-05-05 23:35:58 #3 type.registry] 
New type domain.Buyer

[2026-05-05 23:35:58 #4 type.registry] 
New type domain.Seller

[2026-05-05 23:35:58 #5 type] 
Type domain.User is not enhanced.

[2026-05-05 23:35:58 #6 type] 
Type domain.Buyer is not enhanced.

[2026-05-05 23:35:58 #7 type.registry] 
New type domain.Conversacion

[2026-05-05 23:35:58 #8 type.registry] 
New type domain.Mensaje

[2026-05-05 23:35:58 #9 type.registry] 
New type domain.Valoracion

[2026-05-05 23:35:58 #10 type.registry] 
New type domain.ProposedSale

[2026-05-05 23:35:58 #11 type.registry] 
New type domain.Transaction

[2026-05-05 23:35:58 #12 type] 
Type domain.Seller is not enhanced.

[2026-05-05 23:35:58 #13 type.registry] 
New type domain.Sale

[2026-05-05 23:35:58 #14 type] 
Type domain.Conversacion is not enhanced.

[2026-05-05 23:35:58 #15 type.registry] 
New type domain.Conversacion$EstadoConversacion

[2026-05-05 23:35:58 #16 type] 
Type domain.Mensaje is not enhanced.

[2026-05-05 23:35:58 #17 type] 
Type domain.Valoracion is not enhanced.

[2026-05-05 23:35:58 #18 type] 
Type domain.ProposedSale is not enhanced.

[2026-05-05 23:35:58 #19 type] 
Type domain.Transaction is not enhanced.

[2026-05-05 23:35:58 #20 type.registry] 
New type domain.Transaction$TransactionType

[2026-05-05 23:35:58 #21 type] 
Type domain.Sale is not enhanced.

[2026-05-05 23:35:58 #22 type.registry] 
New type java.util.ArrayList<java.lang.Object>

[2026-05-05 23:35:58 #23 type.registry] 
New type java.util.ArrayList<domain.ProposedSale>

[2026-05-05 23:35:58 #24 type.registry] 
New type java.util.ArrayList<domain.Valoracion>

[2026-05-05 23:35:58 #25 type.registry] 
New type java.util.ArrayList<domain.Mensaje>

[2026-05-05 23:35:58 #26 type.registry] 
New type java.util.ArrayList<domain.Conversacion>

[2026-05-05 23:35:58 #27 type.registry] 
New type java.util.ArrayList<domain.Sale>

[2026-05-05 23:35:58 #28 type.registry] 
New type java.util.ArrayList<domain.Transaction>

[2026-05-05 23:36:12 #29 type.registry] 
New type com.objectdb.o.LMT

[2026-05-05 23:36:12 #30 type.registry] 
New type com.objectdb.o.VAL

[2026-05-05 23:36:12 #31 type.registry] 
New type com.objectdb.o.RFV

------------------------------------------------------------------------------------------------------------------------

[2026-05-05 23:42:36 #1 store] 
Database 'C:\Users\kenne\git\market26\src\main\resources\products.temp' is opened by 21936@Traspié

[2026-05-05 23:42:37 #2 type.registry] 
New type domain.User

[2026-05-05 23:42:37 #3 type.registry] 
New type domain.Buyer

[2026-05-05 23:42:37 #4 type.registry] 
New type domain.Seller

[2026-05-05 23:42:37 #5 type] 
Type domain.User is not enhanced.

[2026-05-05 23:42:37 #6 type] 
Type domain.Buyer is not enhanced.

[2026-05-05 23:42:37 #7 type.registry] 
New type domain.Conversacion

[2026-05-05 23:42:37 #8 type.registry] 
New type domain.Mensaje

[2026-05-05 23:42:37 #9 type.registry] 
New type domain.Valoracion

[2026-05-05 23:42:37 #10 type.registry] 
New type domain.ProposedSale

[2026-05-05 23:42:37 #11 type.registry] 
New type domain.Transaction

[2026-05-05 23:42:37 #12 type] 
Type domain.Seller is not enhanced.

[2026-05-05 23:42:37 #13 type.registry] 
New type domain.Sale

[2026-05-05 23:42:37 #14 type] 
Type domain.Conversacion is not enhanced.

[2026-05-05 23:42:37 #15 type.registry] 
New type domain.Conversacion$EstadoConversacion

[2026-05-05 23:42:37 #16 type] 
Type domain.Mensaje is not enhanced.

[2026-05-05 23:42:37 #17 type] 
Type domain.Valoracion is not enhanced.

[2026-05-05 23:42:37 #18 type] 
Type domain.ProposedSale is not enhanced.

[2026-05-05 23:42:37 #19 type] 
Type domain.Transaction is not enhanced.

[2026-05-05 23:42:37 #20 type.registry] 
New type domain.Transaction$TransactionType

[2026-05-05 23:42:37 #21 type] 
Type domain.Sale is not enhanced.

[2026-05-05 23:42:37 #22 type.registry] 
New type java.util.ArrayList<java.lang.Object>

[2026-05-05 23:42:37 #23 type.registry] 
New type java.util.ArrayList<domain.ProposedSale>

[2026-05-05 23:42:37 #24 type.registry] 
New type java.util.ArrayList<domain.Valoracion>

[2026-05-05 23:42:37 #25 type.registry] 
New type java.util.ArrayList<domain.Mensaje>

[2026-05-05 23:42:37 #26 type.registry] 
New type java.util.ArrayList<domain.Conversacion>

[2026-05-05 23:42:37 #27 type.registry] 
New type java.util.ArrayList<domain.Sale>

[2026-05-05 23:42:37 #28 type.registry] 
New type java.util.ArrayList<domain.Transaction>

[2026-05-05 23:42:48 #29 type.registry] 
New type com.objectdb.o.LMT

[2026-05-05 23:42:48 #30 type.registry] 
New type com.objectdb.o.VAL

[2026-05-05 23:42:48 #31 type.registry] 
New type com.objectdb.o.RFV

------------------------------------------------------------------------------------------------------------------------

[2026-05-05 23:46:26 #1 store] 
Database 'C:\Users\kenne\git\market26\src\main\resources\products.temp' is opened by 18328@Traspié

[2026-05-05 23:46:26 #2 type.registry] 
New type domain.User

[2026-05-05 23:46:26 #3 type.registry] 
New type domain.Buyer

[2026-05-05 23:46:26 #4 type.registry] 
New type domain.Seller

[2026-05-05 23:46:26 #5 type] 
Type domain.User is not enhanced.

[2026-05-05 23:46:26 #6 type] 
Type domain.Buyer is not enhanced.

[2026-05-05 23:46:26 #7 type.registry] 
New type domain.Conversacion

[2026-05-05 23:46:26 #8 type.registry] 
New type domain.Mensaje

[2026-05-05 23:46:26 #9 type.registry] 
New type domain.Valoracion

[2026-05-05 23:46:26 #10 type.registry] 
New type domain.ProposedSale

[2026-05-05 23:46:26 #11 type.registry] 
New type domain.Transaction

[2026-05-05 23:46:26 #12 type] 
Type domain.Seller is not enhanced.

[2026-05-05 23:46:26 #13 type.registry] 
New type domain.Sale

[2026-05-05 23:46:26 #14 type] 
Type domain.Conversacion is not enhanced.

[2026-05-05 23:46:26 #15 type.registry] 
New type domain.Conversacion$EstadoConversacion

[2026-05-05 23:46:26 #16 type] 
Type domain.Mensaje is not enhanced.

[2026-05-05 23:46:26 #17 type] 
Type domain.Valoracion is not enhanced.

[2026-05-05 23:46:26 #18 type] 
Type domain.ProposedSale is not enhanced.

[2026-05-05 23:46:26 #19 type] 
Type domain.Transaction is not enhanced.

[2026-05-05 23:46:26 #20 type.registry] 
New type domain.Transaction$TransactionType

[2026-05-05 23:46:26 #21 type] 
Type domain.Sale is not enhanced.

[2026-05-05 23:46:26 #22 type.registry] 
New type java.util.ArrayList<java.lang.Object>

[2026-05-05 23:46:26 #23 type.registry] 
New type java.util.ArrayList<domain.ProposedSale>

[2026-05-05 23:46:26 #24 type.registry] 
New type java.util.ArrayList<domain.Valoracion>

[2026-05-05 23:46:26 #25 type.registry] 
New type java.util.ArrayList<domain.Mensaje>

[2026-05-05 23:46:26 #26 type.registry] 
New type java.util.ArrayList<domain.Conversacion>

[2026-05-05 23:46:26 #27 type.registry] 
New type java.util.ArrayList<domain.Sale>

[2026-05-05 23:46:26 #28 type.registry] 
New type java.util.ArrayList<domain.Transaction>

[2026-05-05 23:46:37 #29 type.registry] 
New type com.objectdb.o.LMT

[2026-05-05 23:46:37 #30 type.registry] 
New type com.objectdb.o.VAL

[2026-05-05 23:46:37 #31 type.registry] 
New type com.objectdb.o.RFV

------------------------------------------------------------------------------------------------------------------------

[2026-05-05 23:49:12 #1 store] 
Database 'C:\Users\kenne\git\market26\src\main\resources\products.temp' is opened by 21856@Traspié

[2026-05-05 23:49:12 #2 type.registry] 
New type domain.User

[2026-05-05 23:49:12 #3 type.registry] 
New type domain.Buyer

[2026-05-05 23:49:12 #4 type.registry] 
New type domain.Seller

[2026-05-05 23:49:12 #5 type] 
Type domain.User is not enhanced.

[2026-05-05 23:49:12 #6 type] 
Type domain.Buyer is not enhanced.

[2026-05-05 23:49:12 #7 type.registry] 
New type domain.Conversacion

[2026-05-05 23:49:12 #8 type.registry] 
New type domain.Mensaje

[2026-05-05 23:49:12 #9 type.registry] 
New type domain.Valoracion

[2026-05-05 23:49:12 #10 type.registry] 
New type domain.ProposedSale

[2026-05-05 23:49:12 #11 type.registry] 
New type domain.Transaction

[2026-05-05 23:49:12 #12 type] 
Type domain.Seller is not enhanced.

[2026-05-05 23:49:12 #13 type.registry] 
New type domain.Sale

[2026-05-05 23:49:12 #14 type] 
Type domain.Conversacion is not enhanced.

[2026-05-05 23:49:12 #15 type.registry] 
New type domain.Conversacion$EstadoConversacion

[2026-05-05 23:49:12 #16 type] 
Type domain.Mensaje is not enhanced.

[2026-05-05 23:49:12 #17 type] 
Type domain.Valoracion is not enhanced.

[2026-05-05 23:49:12 #18 type] 
Type domain.ProposedSale is not enhanced.

[2026-05-05 23:49:12 #19 type] 
Type domain.Transaction is not enhanced.

[2026-05-05 23:49:12 #20 type.registry] 
New type domain.Transaction$TransactionType

[2026-05-05 23:49:12 #21 type] 
Type domain.Sale is not enhanced.

[2026-05-05 23:49:13 #22 type.registry] 
New type java.util.ArrayList<java.lang.Object>

[2026-05-05 23:49:13 #23 type.registry] 
New type java.util.ArrayList<domain.ProposedSale>

[2026-05-05 23:49:13 #24 type.registry] 
New type java.util.ArrayList<domain.Valoracion>

[2026-05-05 23:49:13 #25 type.registry] 
New type java.util.ArrayList<domain.Mensaje>

[2026-05-05 23:49:13 #26 type.registry] 
New type java.util.ArrayList<domain.Conversacion>

[2026-05-05 23:49:13 #27 type.registry] 
New type java.util.ArrayList<domain.Sale>

[2026-05-05 23:49:13 #28 type.registry] 
New type java.util.ArrayList<domain.Transaction>

[2026-05-05 23:49:25 #29 type.registry] 
New type com.objectdb.o.LMT

[2026-05-05 23:49:25 #30 type.registry] 
New type com.objectdb.o.VAL

[2026-05-05 23:49:25 #31 type.registry] 
New type com.objectdb.o.RFV

------------------------------------------------------------------------------------------------------------------------

[2026-05-05 23:55:29 #1 store] 
Database 'C:\Users\kenne\git\market26\src\main\resources\products.temp' is opened by 16152@Traspié

[2026-05-05 23:55:29 #2 type.registry] 
New type domain.User

[2026-05-05 23:55:29 #3 type.registry] 
New type domain.Buyer

[2026-05-05 23:55:29 #4 type.registry] 
New type domain.Seller

[2026-05-05 23:55:29 #5 type] 
Type domain.User is not enhanced.

[2026-05-05 23:55:29 #6 type] 
Type domain.Buyer is not enhanced.

[2026-05-05 23:55:29 #7 type.registry] 
New type domain.Conversacion

[2026-05-05 23:55:29 #8 type.registry] 
New type domain.Mensaje

[2026-05-05 23:55:29 #9 type.registry] 
New type domain.Valoracion

[2026-05-05 23:55:29 #10 type.registry] 
New type domain.ProposedSale

[2026-05-05 23:55:29 #11 type.registry] 
New type domain.Transaction

[2026-05-05 23:55:29 #12 type] 
Type domain.Seller is not enhanced.

[2026-05-05 23:55:29 #13 type.registry] 
New type domain.Sale

[2026-05-05 23:55:29 #14 type] 
Type domain.Conversacion is not enhanced.

[2026-05-05 23:55:29 #15 type.registry] 
New type domain.Conversacion$EstadoConversacion

[2026-05-05 23:55:29 #16 type] 
Type domain.Mensaje is not enhanced.

[2026-05-05 23:55:29 #17 type] 
Type domain.Valoracion is not enhanced.

[2026-05-05 23:55:29 #18 type] 
Type domain.ProposedSale is not enhanced.

[2026-05-05 23:55:29 #19 type] 
Type domain.Transaction is not enhanced.

[2026-05-05 23:55:29 #20 type.registry] 
New type domain.Transaction$TransactionType

[2026-05-05 23:55:29 #21 type] 
Type domain.Sale is not enhanced.

[2026-05-05 23:55:30 #22 type.registry] 
New type java.util.ArrayList<java.lang.Object>

[2026-05-05 23:55:30 #23 type.registry] 
New type java.util.ArrayList<domain.ProposedSale>

[2026-05-05 23:55:30 #24 type.registry] 
New type java.util.ArrayList<domain.Valoracion>

[2026-05-05 23:55:30 #25 type.registry] 
New type java.util.ArrayList<domain.Mensaje>

[2026-05-05 23:55:30 #26 type.registry] 
New type java.util.ArrayList<domain.Conversacion>

[2026-05-05 23:55:30 #27 type.registry] 
New type java.util.ArrayList<domain.Sale>

[2026-05-05 23:55:30 #28 type.registry] 
New type java.util.ArrayList<domain.Transaction>

[2026-05-05 23:55:41 #29 type.registry] 
New type com.objectdb.o.LMT

[2026-05-05 23:55:41 #30 type.registry] 
New type com.objectdb.o.VAL

[2026-05-05 23:55:41 #31 type.registry] 
New type com.objectdb.o.RFV

------------------------------------------------------------------------------------------------------------------------

[2026-05-05 23:59:33 #1 store] 
Database 'C:\Users\kenne\git\market26\src\main\resources\products.temp' is opened by 15036@Traspié

[2026-05-05 23:59:34 #2 type.registry] 
New type domain.User

[2026-05-05 23:59:34 #3 type.registry] 
New type domain.Buyer

[2026-05-05 23:59:34 #4 type.registry] 
New type domain.Seller

[2026-05-05 23:59:34 #5 type] 
Type domain.User is not enhanced.

[2026-05-05 23:59:34 #6 type] 
Type domain.Buyer is not enhanced.

[2026-05-05 23:59:34 #7 type.registry] 
New type domain.Conversacion

[2026-05-05 23:59:34 #8 type.registry] 
New type domain.Mensaje

[2026-05-05 23:59:34 #9 type.registry] 
New type domain.Valoracion

[2026-05-05 23:59:34 #10 type.registry] 
New type domain.ProposedSale

[2026-05-05 23:59:34 #11 type.registry] 
New type domain.Transaction

[2026-05-05 23:59:34 #12 type] 
Type domain.Seller is not enhanced.

[2026-05-05 23:59:34 #13 type.registry] 
New type domain.Sale

[2026-05-05 23:59:34 #14 type] 
Type domain.Conversacion is not enhanced.

[2026-05-05 23:59:34 #15 type.registry] 
New type domain.Conversacion$EstadoConversacion

[2026-05-05 23:59:34 #16 type] 
Type domain.Mensaje is not enhanced.

[2026-05-05 23:59:34 #17 type] 
Type domain.Valoracion is not enhanced.

[2026-05-05 23:59:34 #18 type] 
Type domain.ProposedSale is not enhanced.

[2026-05-05 23:59:34 #19 type] 
Type domain.Transaction is not enhanced.

[2026-05-05 23:59:34 #20 type.registry] 
New type domain.Transaction$TransactionType

[2026-05-05 23:59:34 #21 type] 
Type domain.Sale is not enhanced.

[2026-05-05 23:59:34 #22 type.registry] 
New type java.util.ArrayList<java.lang.Object>

[2026-05-05 23:59:34 #23 type.registry] 
New type java.util.ArrayList<domain.ProposedSale>

[2026-05-05 23:59:34 #24 type.registry] 
New type java.util.ArrayList<domain.Valoracion>

[2026-05-05 23:59:34 #25 type.registry] 
New type java.util.ArrayList<domain.Mensaje>

[2026-05-05 23:59:34 #26 type.registry] 
New type java.util.ArrayList<domain.Conversacion>

[2026-05-05 23:59:34 #27 type.registry] 
New type java.util.ArrayList<domain.Sale>

[2026-05-05 23:59:34 #28 type.registry] 
New type java.util.ArrayList<domain.Transaction>

[2026-05-05 23:59:44 #29 type.registry] 
New type com.objectdb.o.LMT

[2026-05-05 23:59:44 #30 type.registry] 
New type com.objectdb.o.VAL

[2026-05-05 23:59:44 #31 type.registry] 
New type com.objectdb.o.RFV

