------------------------------------------------------------------------------------------------------------------------

[2026-05-04 22:30:14 #1 store] 
Database 'C:\Users\kenne\git\market26\src\main\resources\products.temp' is opened by 22968@Traspié

[2026-05-04 22:30:14 #2 type.registry] 
New type domain.User

[2026-05-04 22:30:14 #3 type.registry] 
New type domain.Buyer

[2026-05-04 22:30:15 #4 type.registry] 
New type domain.Seller

[2026-05-04 22:30:15 #5 type] 
Type domain.User is not enhanced.

[2026-05-04 22:30:15 #6 type] 
Type domain.Buyer is not enhanced.

[2026-05-04 22:30:15 #7 type.registry] 
New type domain.Conversacion

[2026-05-04 22:30:15 #8 type.registry] 
New type domain.Mensaje

[2026-05-04 22:30:15 #9 type.registry] 
New type domain.ProposedSale

[2026-05-04 22:30:15 #10 type.registry] 
New type domain.Transaction

[2026-05-04 22:30:15 #11 type] 
Type domain.Seller is not enhanced.

[2026-05-04 22:30:15 #12 type.registry] 
New type domain.Sale

[2026-05-04 22:30:15 #13 type] 
Type domain.Conversacion is not enhanced.

[2026-05-04 22:30:15 #14 type.registry] 
New type domain.Conversacion$EstadoConversacion

[2026-05-04 22:30:15 #15 type] 
Type domain.Mensaje is not enhanced.

[2026-05-04 22:30:15 #16 type.registry] 
New type java.time.LocalDateTime

[2026-05-04 22:30:15 #17 type] 
Type domain.ProposedSale is not enhanced.

[2026-05-04 22:30:15 #18 type.registry] 
New type domain.Valoracion

[2026-05-04 22:30:15 #19 type] 
Type domain.Transaction is not enhanced.

[2026-05-04 22:30:15 #20 type.registry] 
New type domain.Transaction$TransactionType

[2026-05-04 22:30:15 #21 type] 
Type domain.Sale is not enhanced.

[2026-05-04 22:30:15 #22 type] 
Type domain.Valoracion is not enhanced.

[2026-05-04 22:30:15 #23 type.registry] 
New type java.util.ArrayList<java.lang.Object>

[2026-05-04 22:30:15 #24 type.registry] 
New type java.util.ArrayList<domain.ProposedSale>

[2026-05-04 22:30:15 #25 type.registry] 
New type java.util.ArrayList<domain.Mensaje>

[2026-05-04 22:30:15 #26 type.registry] 
New type java.util.ArrayList<domain.Conversacion>

[2026-05-04 22:30:15 #27 type.registry] 
New type java.util.ArrayList<domain.Sale>

[2026-05-04 22:30:15 #28 type.registry] 
New type java.util.ArrayList<domain.Transaction>

------------------------------------------------------------------------------------------------------------------------

[2026-05-04 22:31:38 #1 store] 
Database 'C:\Users\kenne\git\market26\src\main\resources\products.temp' is opened by 36928@Traspié

[2026-05-04 22:31:38 #2 type.registry] 
New type domain.User

[2026-05-04 22:31:38 #3 type.registry] 
New type domain.Buyer

[2026-05-04 22:31:38 #4 type.registry] 
New type domain.Seller

[2026-05-04 22:31:38 #5 type] 
Type domain.User is not enhanced.

[2026-05-04 22:31:38 #6 type] 
Type domain.Buyer is not enhanced.

[2026-05-04 22:31:38 #7 type.registry] 
New type domain.Conversacion

[2026-05-04 22:31:38 #8 type.registry] 
New type domain.Mensaje

[2026-05-04 22:31:38 #9 type.registry] 
New type domain.ProposedSale

[2026-05-04 22:31:38 #10 type.registry] 
New type domain.Transaction

[2026-05-04 22:31:38 #11 type] 
Type domain.Seller is not enhanced.

[2026-05-04 22:31:38 #12 type.registry] 
New type domain.Sale

[2026-05-04 22:31:38 #13 type] 
Type domain.Conversacion is not enhanced.

[2026-05-04 22:31:38 #14 type.registry] 
New type domain.Conversacion$EstadoConversacion

[2026-05-04 22:31:38 #15 type] 
Type domain.Mensaje is not enhanced.

[2026-05-04 22:31:38 #16 type.registry] 
New type java.time.LocalDateTime

[2026-05-04 22:31:38 #17 type] 
Type domain.ProposedSale is not enhanced.

[2026-05-04 22:31:38 #18 type.registry] 
New type domain.Valoracion

[2026-05-04 22:31:38 #19 type] 
Type domain.Transaction is not enhanced.

[2026-05-04 22:31:38 #20 type.registry] 
New type domain.Transaction$TransactionType

[2026-05-04 22:31:38 #21 type] 
Type domain.Sale is not enhanced.

[2026-05-04 22:31:38 #22 type] 
Type domain.Valoracion is not enhanced.

[2026-05-04 22:31:38 #23 type.registry] 
New type java.util.ArrayList<java.lang.Object>

[2026-05-04 22:31:38 #24 type.registry] 
New type java.util.ArrayList<domain.ProposedSale>

[2026-05-04 22:31:38 #25 type.registry] 
New type java.util.ArrayList<domain.Mensaje>

[2026-05-04 22:31:38 #26 type.registry] 
New type java.util.ArrayList<domain.Conversacion>

[2026-05-04 22:31:38 #27 type.registry] 
New type java.util.ArrayList<domain.Sale>

[2026-05-04 22:31:38 #28 type.registry] 
New type java.util.ArrayList<domain.Transaction>

------------------------------------------------------------------------------------------------------------------------

[2026-05-04 22:45:33 #1 store] 
Database 'C:\Users\kenne\git\market26\src\main\resources\products.temp' is opened by 20656@Traspié

[2026-05-04 22:45:33 #2 type.registry] 
New type domain.User

[2026-05-04 22:45:33 #3 type.registry] 
New type domain.Buyer

[2026-05-04 22:45:33 #4 type.registry] 
New type domain.Seller

[2026-05-04 22:45:33 #5 type] 
Type domain.User is not enhanced.

[2026-05-04 22:45:33 #6 type] 
Type domain.Buyer is not enhanced.

[2026-05-04 22:45:33 #7 type.registry] 
New type domain.Conversacion

[2026-05-04 22:45:33 #8 type.registry] 
New type domain.Mensaje

[2026-05-04 22:45:34 #9 type.registry] 
New type domain.ProposedSale

[2026-05-04 22:45:34 #10 type.registry] 
New type domain.Transaction

[2026-05-04 22:45:34 #11 type] 
Type domain.Seller is not enhanced.

[2026-05-04 22:45:34 #12 type.registry] 
New type domain.Sale

[2026-05-04 22:45:34 #13 type] 
Type domain.Conversacion is not enhanced.

[2026-05-04 22:45:34 #14 type.registry] 
New type domain.Conversacion$EstadoConversacion

[2026-05-04 22:45:34 #15 type] 
Type domain.Mensaje is not enhanced.

[2026-05-04 22:45:34 #16 type.registry] 
New type java.time.LocalDateTime

[2026-05-04 22:45:34 #17 type] 
Type domain.ProposedSale is not enhanced.

[2026-05-04 22:45:34 #18 type.registry] 
New type domain.Valoracion

[2026-05-04 22:45:34 #19 type] 
Type domain.Transaction is not enhanced.

[2026-05-04 22:45:34 #20 type.registry] 
New type domain.Transaction$TransactionType

[2026-05-04 22:45:34 #21 type] 
Type domain.Sale is not enhanced.

[2026-05-04 22:45:34 #22 type] 
Type domain.Valoracion is not enhanced.

[2026-05-04 22:45:34 #23 type.registry] 
New type java.util.ArrayList<java.lang.Object>

[2026-05-04 22:45:34 #24 type.registry] 
New type java.util.ArrayList<domain.ProposedSale>

[2026-05-04 22:45:34 #25 type.registry] 
New type java.util.ArrayList<domain.Mensaje>

[2026-05-04 22:45:34 #26 type.registry] 
New type java.util.ArrayList<domain.Conversacion>

[2026-05-04 22:45:34 #27 type.registry] 
New type java.util.ArrayList<domain.Sale>

[2026-05-04 22:45:34 #28 type.registry] 
New type java.util.ArrayList<domain.Transaction>

[2026-05-04 22:46:02 #29 type.registry] 
New type com.objectdb.o.LMT

[2026-05-04 22:46:02 #30 type.registry] 
New type com.objectdb.o.VAL

[2026-05-04 22:46:02 #31 type.registry] 
New type com.objectdb.o.RFV

------------------------------------------------------------------------------------------------------------------------

[2026-05-04 22:47:48 #1 store] 
Database 'C:\Users\kenne\git\market26\src\main\resources\products.temp' is opened by 18880@Traspié

[2026-05-04 22:47:49 #2 type.registry] 
New type domain.User

[2026-05-04 22:47:49 #3 type.registry] 
New type domain.Buyer

[2026-05-04 22:47:49 #4 type.registry] 
New type domain.Seller

[2026-05-04 22:47:49 #5 type] 
Type domain.User is not enhanced.

[2026-05-04 22:47:49 #6 type] 
Type domain.Buyer is not enhanced.

[2026-05-04 22:47:49 #7 type.registry] 
New type domain.Conversacion

[2026-05-04 22:47:49 #8 type.registry] 
New type domain.Mensaje

[2026-05-04 22:47:49 #9 type.registry] 
New type domain.ProposedSale

[2026-05-04 22:47:49 #10 type.registry] 
New type domain.Transaction

[2026-05-04 22:47:49 #11 type] 
Type domain.Seller is not enhanced.

[2026-05-04 22:47:49 #12 type.registry] 
New type domain.Sale

[2026-05-04 22:47:49 #13 type] 
Type domain.Conversacion is not enhanced.

[2026-05-04 22:47:49 #14 type.registry] 
New type domain.Conversacion$EstadoConversacion

[2026-05-04 22:47:49 #15 type] 
Type domain.Mensaje is not enhanced.

[2026-05-04 22:47:49 #16 type.registry] 
New type java.time.LocalDateTime

[2026-05-04 22:47:49 #17 type] 
Type domain.ProposedSale is not enhanced.

[2026-05-04 22:47:49 #18 type.registry] 
New type domain.Valoracion

[2026-05-04 22:47:49 #19 type] 
Type domain.Transaction is not enhanced.

[2026-05-04 22:47:49 #20 type.registry] 
New type domain.Transaction$TransactionType

[2026-05-04 22:47:49 #21 type] 
Type domain.Sale is not enhanced.

[2026-05-04 22:47:49 #22 type] 
Type domain.Valoracion is not enhanced.

[2026-05-04 22:47:49 #23 type.registry] 
New type java.util.ArrayList<java.lang.Object>

[2026-05-04 22:47:49 #24 type.registry] 
New type java.util.ArrayList<domain.ProposedSale>

[2026-05-04 22:47:49 #25 type.registry] 
New type java.util.ArrayList<domain.Mensaje>

[2026-05-04 22:47:49 #26 type.registry] 
New type java.util.ArrayList<domain.Conversacion>

[2026-05-04 22:47:49 #27 type.registry] 
New type java.util.ArrayList<domain.Sale>

[2026-05-04 22:47:49 #28 type.registry] 
New type java.util.ArrayList<domain.Transaction>

[2026-05-04 22:48:04 #29 type.registry] 
New type com.objectdb.o.LMT

[2026-05-04 22:48:04 #30 type.registry] 
New type com.objectdb.o.VAL

[2026-05-04 22:48:04 #31 type.registry] 
New type com.objectdb.o.RFV

------------------------------------------------------------------------------------------------------------------------

[2026-05-04 22:50:18 #1 store] 
Database 'C:\Users\kenne\git\market26\src\main\resources\products.temp' is opened by 19420@Traspié

[2026-05-04 22:50:18 #2 type.registry] 
New type domain.User

[2026-05-04 22:50:18 #3 type.registry] 
New type domain.Buyer

[2026-05-04 22:50:18 #4 type.registry] 
New type domain.Seller

[2026-05-04 22:50:18 #5 type] 
Type domain.User is not enhanced.

[2026-05-04 22:50:18 #6 type] 
Type domain.Buyer is not enhanced.

[2026-05-04 22:50:18 #7 type.registry] 
New type domain.Conversacion

[2026-05-04 22:50:18 #8 type.registry] 
New type domain.Mensaje

[2026-05-04 22:50:18 #9 type.registry] 
New type domain.ProposedSale

[2026-05-04 22:50:18 #10 type.registry] 
New type domain.Transaction

[2026-05-04 22:50:18 #11 type] 
Type domain.Seller is not enhanced.

[2026-05-04 22:50:18 #12 type.registry] 
New type domain.Sale

[2026-05-04 22:50:18 #13 type] 
Type domain.Conversacion is not enhanced.

[2026-05-04 22:50:18 #14 type.registry] 
New type domain.Conversacion$EstadoConversacion

[2026-05-04 22:50:18 #15 type] 
Type domain.Mensaje is not enhanced.

[2026-05-04 22:50:18 #16 type.registry] 
New type java.time.LocalDateTime

[2026-05-04 22:50:18 #17 type] 
Type domain.ProposedSale is not enhanced.

[2026-05-04 22:50:18 #18 type.registry] 
New type domain.Valoracion

[2026-05-04 22:50:18 #19 type] 
Type domain.Transaction is not enhanced.

[2026-05-04 22:50:18 #20 type.registry] 
New type domain.Transaction$TransactionType

[2026-05-04 22:50:18 #21 type] 
Type domain.Sale is not enhanced.

[2026-05-04 22:50:18 #22 type] 
Type domain.Valoracion is not enhanced.

[2026-05-04 22:50:18 #23 type.registry] 
New type java.util.ArrayList<java.lang.Object>

[2026-05-04 22:50:18 #24 type.registry] 
New type java.util.ArrayList<domain.ProposedSale>

[2026-05-04 22:50:18 #25 type.registry] 
New type java.util.ArrayList<domain.Mensaje>

[2026-05-04 22:50:18 #26 type.registry] 
New type java.util.ArrayList<domain.Conversacion>

[2026-05-04 22:50:18 #27 type.registry] 
New type java.util.ArrayList<domain.Sale>

[2026-05-04 22:50:18 #28 type.registry] 
New type java.util.ArrayList<domain.Transaction>

[2026-05-04 22:50:28 #29 type.registry] 
New type com.objectdb.o.LMT

[2026-05-04 22:50:28 #30 type.registry] 
New type com.objectdb.o.VAL

[2026-05-04 22:50:28 #31 type.registry] 
New type com.objectdb.o.RFV

