------------------------------------------------------------------------------------------------------------------------

[2026-04-07 10:34:52 #1 store] 
Database 'C:\Users\IKER\Desktop\market26\src\main\resources\products.temp' is opened by 868@LAPTOP-SBTTNCFP

[2026-04-07 10:34:52 #2 type] 
Type domain.User is not enhanced.

[2026-04-07 10:34:52 #3 type] 
Type domain.Buyer is not enhanced.

[2026-04-07 10:34:52 #4 type] 
Type domain.Seller is not enhanced.

[2026-04-07 10:34:52 #5 type] 
Type domain.ProposedSale is not enhanced.

[2026-04-07 10:34:52 #6 type] 
Type domain.Sale is not enhanced.

------------------------------------------------------------------------------------------------------------------------

[2026-04-07 10:40:39 #1 store] 
Database 'C:\Users\IKER\Desktop\market26\src\main\resources\products.temp' has been recovered (tr. 8-8)

[2026-04-07 10:40:40 #2 store] 
Database 'C:\Users\IKER\Desktop\market26\src\main\resources\products.temp' is opened by 2956@LAPTOP-SBTTNCFP

[2026-04-07 10:40:40 #3 type] 
Type domain.User is not enhanced.

[2026-04-07 10:40:40 #4 type] 
Type domain.Buyer is not enhanced.

[2026-04-07 10:40:40 #5 type] 
Type domain.Seller is not enhanced.

[2026-04-07 10:40:40 #6 type] 
Type domain.ProposedSale is not enhanced.

[2026-04-07 10:40:40 #7 type] 
Type domain.Sale is not enhanced.

------------------------------------------------------------------------------------------------------------------------

[2026-04-07 10:42:30 #1 store] 
Database 'C:\Users\IKER\Desktop\market26\src\main\resources\products.temp' has been recovered (tr. 9-9)

[2026-04-07 10:42:30 #2 store] 
Database 'C:\Users\IKER\Desktop\market26\src\main\resources\products.temp' is opened by 5564@LAPTOP-SBTTNCFP

[2026-04-07 10:42:30 #3 type] 
Type domain.User is not enhanced.

[2026-04-07 10:42:31 #4 type] 
Type domain.Buyer is not enhanced.

[2026-04-07 10:42:31 #5 type] 
Type domain.Seller is not enhanced.

[2026-04-07 10:42:31 #6 type] 
Type domain.ProposedSale is not enhanced.

[2026-04-07 10:42:31 #7 type] 
Type domain.Sale is not enhanced.

------------------------------------------------------------------------------------------------------------------------

[2026-04-07 11:07:04 #1 store] 
Database 'C:\Users\IKER\Desktop\market26\src\main\resources\products.temp' has been recovered (tr. 10-10)

[2026-04-07 11:07:04 #2 store] 
Database 'C:\Users\IKER\Desktop\market26\src\main\resources\products.temp' is opened by 24064@LAPTOP-SBTTNCFP

[2026-04-07 11:07:04 #3 type] 
Type domain.User is not enhanced.

[2026-04-07 11:07:04 #4 type] 
Type domain.Buyer is not enhanced.

[2026-04-07 11:07:04 #5 type] 
Type domain.Seller is not enhanced.

[2026-04-07 11:07:04 #6 type] 
Type domain.ProposedSale is not enhanced.

[2026-04-07 11:07:04 #7 type] 
Type domain.Sale is not enhanced.

------------------------------------------------------------------------------------------------------------------------

[2026-04-07 11:13:04 #1 store] 
Database 'C:\Users\IKER\Desktop\market26\src\main\resources\products.temp' is opened by 20444@LAPTOP-SBTTNCFP

[2026-04-07 11:13:04 #2 type] 
Type domain.User is not enhanced.

[2026-04-07 11:13:04 #3 type] 
Type domain.Buyer is not enhanced.

[2026-04-07 11:13:04 #4 type] 
Type domain.Seller is not enhanced.

[2026-04-07 11:13:04 #5 type] 
Type domain.ProposedSale is not enhanced.

[2026-04-07 11:13:04 #6 type] 
Type domain.Sale is not enhanced.

------------------------------------------------------------------------------------------------------------------------

[2026-04-07 11:14:54 #1 store] 
Database 'C:\Users\IKER\Desktop\market26\src\main\resources\products.temp' is opened by 7516@LAPTOP-SBTTNCFP

[2026-04-07 11:14:54 #2 type] 
Type domain.User is not enhanced.

[2026-04-07 11:14:54 #3 type] 
Type domain.Buyer is not enhanced.

[2026-04-07 11:14:54 #4 type] 
Type domain.Seller is not enhanced.

[2026-04-07 11:14:54 #5 type] 
Type domain.ProposedSale is not enhanced.

[2026-04-07 11:14:54 #6 type] 
Type domain.Sale is not enhanced.

------------------------------------------------------------------------------------------------------------------------

[2026-04-07 11:24:18 #1 store] 
Database 'C:\Users\IKER\Desktop\market26\src\main\resources\products.temp' is opened by 9588@LAPTOP-SBTTNCFP

[2026-04-07 11:24:18 #2 type] 
Type domain.User is not enhanced.

[2026-04-07 11:24:18 #3 type] 
Type domain.Buyer is not enhanced.

[2026-04-07 11:24:18 #4 type] 
Type domain.Seller is not enhanced.

[2026-04-07 11:24:19 #5 type] 
Type domain.ProposedSale is not enhanced.

[2026-04-07 11:24:19 #6 type] 
Type domain.Sale is not enhanced.

------------------------------------------------------------------------------------------------------------------------

[2026-04-07 11:29:45 #1 store] 
Database 'C:\Users\IKER\Desktop\market26\src\main\resources\products.temp' has been recovered (tr. 11-11)

[2026-04-07 11:29:45 #2 store] 
Database 'C:\Users\IKER\Desktop\market26\src\main\resources\products.temp' is opened by 21688@LAPTOP-SBTTNCFP

[2026-04-07 11:29:45 #3 type] 
Type domain.User is not enhanced.

[2026-04-07 11:29:45 #4 type] 
Type domain.Buyer is not enhanced.

[2026-04-07 11:29:45 #5 type] 
Type domain.Seller is not enhanced.

[2026-04-07 11:29:45 #6 type] 
Type domain.ProposedSale is not enhanced.

[2026-04-07 11:29:45 #7 type] 
Type domain.Sale is not enhanced.

------------------------------------------------------------------------------------------------------------------------

[2026-04-07 11:36:34 #1 store] 
Database 'C:\Users\IKER\Desktop\market26\src\main\resources\products.temp' is opened by 3868@LAPTOP-SBTTNCFP

[2026-04-07 11:36:34 #2 type] 
Type domain.User is not enhanced.

[2026-04-07 11:36:34 #3 type] 
Type domain.Buyer is not enhanced.

[2026-04-07 11:36:35 #4 type] 
Type domain.Seller is not enhanced.

[2026-04-07 11:36:35 #5 type] 
Type domain.ProposedSale is not enhanced.

[2026-04-07 11:36:35 #6 type] 
Type domain.Sale is not enhanced.

------------------------------------------------------------------------------------------------------------------------

[2026-04-07 11:39:17 #1 store] 
Database 'C:\Users\IKER\Desktop\market26\src\main\resources\products.temp' is opened by 9796@LAPTOP-SBTTNCFP

[2026-04-07 11:39:17 #2 type] 
Type domain.User is not enhanced.

[2026-04-07 11:39:17 #3 type] 
Type domain.Buyer is not enhanced.

[2026-04-07 11:39:17 #4 type] 
Type domain.Seller is not enhanced.

[2026-04-07 11:39:17 #5 type] 
Type domain.ProposedSale is not enhanced.

[2026-04-07 11:39:17 #6 type] 
Type domain.Sale is not enhanced.

------------------------------------------------------------------------------------------------------------------------

[2026-04-07 11:40:36 #1 store] 
Database 'C:\Users\IKER\Desktop\market26\src\main\resources\products.temp' is opened by 22016@LAPTOP-SBTTNCFP

[2026-04-07 11:40:36 #2 type] 
Type domain.User is not enhanced.

[2026-04-07 11:40:36 #3 type] 
Type domain.Buyer is not enhanced.

[2026-04-07 11:40:36 #4 type] 
Type domain.Seller is not enhanced.

[2026-04-07 11:40:36 #5 type] 
Type domain.ProposedSale is not enhanced.

[2026-04-07 11:40:36 #6 type] 
Type domain.Sale is not enhanced.

------------------------------------------------------------------------------------------------------------------------

[2026-04-07 11:55:39 #1 store] 
Database 'C:\Users\IKER\Desktop\market26\src\main\resources\products.temp' is opened by 21200@LAPTOP-SBTTNCFP

[2026-04-07 11:55:39 #2 type] 
Type domain.User is not enhanced.

[2026-04-07 11:55:39 #3 type] 
Type domain.Buyer is not enhanced.

[2026-04-07 11:55:39 #4 type] 
Type domain.Seller is not enhanced.

[2026-04-07 11:55:39 #5 type] 
Type domain.ProposedSale is not enhanced.

[2026-04-07 11:55:39 #6 type] 
Type domain.Sale is not enhanced.

------------------------------------------------------------------------------------------------------------------------

[2026-04-07 12:05:01 #1 store] 
Database 'C:\Users\IKER\Desktop\market26\src\main\resources\products.temp' has been recovered (tr. 12-12)

[2026-04-07 12:05:01 #2 store] 
Database 'C:\Users\IKER\Desktop\market26\src\main\resources\products.temp' is opened by 21700@LAPTOP-SBTTNCFP

[2026-04-07 12:05:01 #3 type] 
Type domain.User is not enhanced.

[2026-04-07 12:05:01 #4 type] 
Type domain.Buyer is not enhanced.

[2026-04-07 12:05:01 #5 type] 
Type domain.Seller is not enhanced.

[2026-04-07 12:05:01 #6 type] 
Type domain.ProposedSale is not enhanced.

[2026-04-07 12:05:01 #7 type] 
Type domain.Sale is not enhanced.

------------------------------------------------------------------------------------------------------------------------

[2026-04-07 12:06:12 #1 store] 
Database 'C:\Users\IKER\Desktop\market26\src\main\resources\products.temp' is opened by 23052@LAPTOP-SBTTNCFP

[2026-04-07 12:06:12 #2 type] 
Type domain.User is not enhanced.

[2026-04-07 12:06:12 #3 type] 
Type domain.Buyer is not enhanced.

[2026-04-07 12:06:12 #4 type] 
Type domain.Seller is not enhanced.

[2026-04-07 12:06:12 #5 type] 
Type domain.ProposedSale is not enhanced.

[2026-04-07 12:06:12 #6 type] 
Type domain.Sale is not enhanced.

------------------------------------------------------------------------------------------------------------------------

[2026-04-07 12:08:24 #1 store] 
Database 'C:\Users\IKER\Desktop\market26\src\main\resources\products.temp' is opened by 19080@LAPTOP-SBTTNCFP

[2026-04-07 12:08:24 #2 type] 
Type domain.User is not enhanced.

[2026-04-07 12:08:24 #3 type] 
Type domain.Buyer is not enhanced.

[2026-04-07 12:08:24 #4 type] 
Type domain.Seller is not enhanced.

[2026-04-07 12:08:24 #5 type] 
Type domain.ProposedSale is not enhanced.

[2026-04-07 12:08:24 #6 type] 
Type domain.Sale is not enhanced.

------------------------------------------------------------------------------------------------------------------------

[2026-04-07 12:15:04 #1 store] 
Database 'C:\Users\IKER\Desktop\market26\src\main\resources\products.temp' is opened by 7644@LAPTOP-SBTTNCFP

[2026-04-07 12:15:04 #2 type] 
Type domain.User is not enhanced.

[2026-04-07 12:15:04 #3 type] 
Type domain.Buyer is not enhanced.

[2026-04-07 12:15:04 #4 type] 
Type domain.Seller is not enhanced.

[2026-04-07 12:15:04 #5 type] 
Type domain.ProposedSale is not enhanced.

[2026-04-07 12:15:04 #6 type] 
Type domain.Sale is not enhanced.

------------------------------------------------------------------------------------------------------------------------

[2026-04-07 12:18:50 #1 store] 
Database 'C:\Users\IKER\Desktop\market26\src\main\resources\products.temp' is opened by 17344@LAPTOP-SBTTNCFP

[2026-04-07 12:18:50 #2 type] 
Type domain.User is not enhanced.

[2026-04-07 12:18:51 #3 type] 
Type domain.Buyer is not enhanced.

[2026-04-07 12:18:51 #4 type] 
Type domain.Seller is not enhanced.

[2026-04-07 12:18:51 #5 type] 
Type domain.ProposedSale is not enhanced.

[2026-04-07 12:18:51 #6 type] 
Type domain.Sale is not enhanced.

------------------------------------------------------------------------------------------------------------------------

[2026-04-07 12:21:40 #1 store] 
Database 'C:\Users\IKER\Desktop\market26\src\main\resources\products.temp' has been recovered (tr. 16-16)

[2026-04-07 12:21:40 #2 store] 
Database 'C:\Users\IKER\Desktop\market26\src\main\resources\products.temp' is opened by 8012@LAPTOP-SBTTNCFP

[2026-04-07 12:21:40 #3 type] 
Type domain.User is not enhanced.

[2026-04-07 12:21:40 #4 type] 
Type domain.Buyer is not enhanced.

[2026-04-07 12:21:40 #5 type] 
Type domain.Seller is not enhanced.

[2026-04-07 12:21:40 #6 type] 
Type domain.ProposedSale is not enhanced.

[2026-04-07 12:21:40 #7 type] 
Type domain.Sale is not enhanced.

------------------------------------------------------------------------------------------------------------------------

[2026-04-07 15:57:14 #1 store] 
Database 'C:\Users\kenne\git\market26\src\main\resources\products.temp' has been recovered (tr. 17-19)

[2026-04-07 15:57:14 #2 store] 
Database 'C:\Users\kenne\git\market26\src\main\resources\products.temp' is opened by 6908@Traspié

[2026-04-07 15:57:14 #3 type] 
Type domain.User is not enhanced.

[2026-04-07 15:57:14 #4 type] 
Type domain.Buyer is not enhanced.

[2026-04-07 15:57:14 #5 type] 
Type domain.Seller is not enhanced.

[2026-04-07 15:57:14 #6 type] 
Type domain.ProposedSale is not enhanced.

[2026-04-07 15:57:14 #7 type] 
Type domain.Sale is not enhanced.

------------------------------------------------------------------------------------------------------------------------

[2026-04-07 15:58:57 #1 store] 
Database 'C:\Users\kenne\git\market26\src\main\resources\products.temp' is opened by 32020@Traspié

[2026-04-07 15:58:57 #2 type] 
Type domain.User is not enhanced.

[2026-04-07 15:58:57 #3 type] 
Type domain.Buyer is not enhanced.

[2026-04-07 15:58:57 #4 type] 
Type domain.Seller is not enhanced.

[2026-04-07 15:58:57 #5 type] 
Type domain.ProposedSale is not enhanced.

[2026-04-07 15:58:57 #6 type] 
Type domain.Sale is not enhanced.

